
Allocating common symbols
Common symbol       size              file

logic_data          0x34              ..\obj\main.o
USART2_Datas        0x80c             ..\obj\main.o
ADC_Measurements    0x20              ..\obj\main.o
icomm_data          0x4               ..\obj\main.o
Diagnostic_Data     0x209c            ..\obj\main.o
TIM_Sys_Flags       0x5               ..\obj\main.o
ADC_Datas           0x80              ..\obj\main.o
TIM_PWM_Data        0x14              ..\obj\main.o
USART1_Datas        0x80c             ..\obj\main.o

Discarded input sections

 .text          0x00000000        0x0 ..\obj\stm32f4xx_syscfg.o
 .data          0x00000000        0x0 ..\obj\stm32f4xx_syscfg.o
 .bss           0x00000000        0x0 ..\obj\stm32f4xx_syscfg.o
 .text.SYSCFG_DeInit
                0x00000000       0x20 ..\obj\stm32f4xx_syscfg.o
 .text.SYSCFG_MemoryRemapConfig
                0x00000000       0x20 ..\obj\stm32f4xx_syscfg.o
 .text.SYSCFG_EXTILineConfig
                0x00000000       0xb0 ..\obj\stm32f4xx_syscfg.o
 .text.SYSCFG_ETH_MediaInterfaceConfig
                0x00000000       0x20 ..\obj\stm32f4xx_syscfg.o
 .text.SYSCFG_CompensationCellCmd
                0x00000000       0x20 ..\obj\stm32f4xx_syscfg.o
 .text.SYSCFG_GetCompensationCellStatus
                0x00000000       0x3c ..\obj\stm32f4xx_syscfg.o
 .debug_info    0x00000000      0x279 ..\obj\stm32f4xx_syscfg.o
 .debug_abbrev  0x00000000      0x133 ..\obj\stm32f4xx_syscfg.o
 .debug_loc     0x00000000      0x144 ..\obj\stm32f4xx_syscfg.o
 .debug_aranges
                0x00000000       0x48 ..\obj\stm32f4xx_syscfg.o
 .debug_ranges  0x00000000       0x38 ..\obj\stm32f4xx_syscfg.o
 .debug_line    0x00000000      0x1fd ..\obj\stm32f4xx_syscfg.o
 .debug_str     0x00000000      0x2a8 ..\obj\stm32f4xx_syscfg.o
 .comment       0x00000000       0x71 ..\obj\stm32f4xx_syscfg.o
 .ARM.attributes
                0x00000000       0x33 ..\obj\stm32f4xx_syscfg.o
 .debug_frame   0x00000000       0xbc ..\obj\stm32f4xx_syscfg.o
 .text          0x00000000        0x0 ..\obj\logic.o
 .data          0x00000000        0x0 ..\obj\logic.o
 .text          0x00000000        0x0 ..\obj\timer.o
 .text          0x00000000        0x0 ..\obj\stm32f4xx_usart.o
 .data          0x00000000        0x0 ..\obj\stm32f4xx_usart.o
 .bss           0x00000000        0x0 ..\obj\stm32f4xx_usart.o
 .text.USART_DeInit
                0x00000000      0x100 ..\obj\stm32f4xx_usart.o
 .text.USART_StructInit
                0x00000000       0x44 ..\obj\stm32f4xx_usart.o
 .text.USART_ClockInit
                0x00000000       0x54 ..\obj\stm32f4xx_usart.o
 .text.USART_ClockStructInit
                0x00000000       0x34 ..\obj\stm32f4xx_usart.o
 .text.USART_SetPrescaler
                0x00000000       0x38 ..\obj\stm32f4xx_usart.o
 .text.USART_OverSampling8Cmd
                0x00000000       0x48 ..\obj\stm32f4xx_usart.o
 .text.USART_OneBitMethodCmd
                0x00000000       0x40 ..\obj\stm32f4xx_usart.o
 .text.USART_ReceiveData
                0x00000000       0x24 ..\obj\stm32f4xx_usart.o
 .text.USART_SetAddress
                0x00000000       0x38 ..\obj\stm32f4xx_usart.o
 .text.USART_ReceiverWakeUpCmd
                0x00000000       0x40 ..\obj\stm32f4xx_usart.o
 .text.USART_WakeUpConfig
                0x00000000       0x38 ..\obj\stm32f4xx_usart.o
 .text.USART_LINBreakDetectLengthConfig
                0x00000000       0x38 ..\obj\stm32f4xx_usart.o
 .text.USART_LINCmd
                0x00000000       0x40 ..\obj\stm32f4xx_usart.o
 .text.USART_SendBreak
                0x00000000       0x24 ..\obj\stm32f4xx_usart.o
 .text.USART_HalfDuplexCmd
                0x00000000       0x40 ..\obj\stm32f4xx_usart.o
 .text.USART_SetGuardTime
                0x00000000       0x3c ..\obj\stm32f4xx_usart.o
 .text.USART_SmartCardCmd
                0x00000000       0x40 ..\obj\stm32f4xx_usart.o
 .text.USART_SmartCardNACKCmd
                0x00000000       0x40 ..\obj\stm32f4xx_usart.o
 .text.USART_IrDAConfig
                0x00000000       0x38 ..\obj\stm32f4xx_usart.o
 .text.USART_IrDACmd
                0x00000000       0x40 ..\obj\stm32f4xx_usart.o
 .text.USART_DMACmd
                0x00000000       0x48 ..\obj\stm32f4xx_usart.o
 .text.USART_GetFlagStatus
                0x00000000       0x40 ..\obj\stm32f4xx_usart.o
 .text.USART_ClearFlag
                0x00000000       0x24 ..\obj\stm32f4xx_usart.o
 .text.USART_ClearITPendingBit
                0x00000000       0x44 ..\obj\stm32f4xx_usart.o
 .text          0x00000000        0x0 ..\obj\config.o
 .data          0x00000000        0x0 ..\obj\config.o
 .bss           0x00000000        0x0 ..\obj\config.o
 .text.IWDT_Init
                0x00000000       0x28 ..\obj\config.o
 .text          0x00000000        0x0 ..\obj\startup_stm32f4xx.o
 .data          0x00000000        0x0 ..\obj\startup_stm32f4xx.o
 .bss           0x00000000        0x0 ..\obj\startup_stm32f4xx.o
 .text          0x00000000        0x0 ..\obj\stm32f4xx_iwdg.o
 .data          0x00000000        0x0 ..\obj\stm32f4xx_iwdg.o
 .bss           0x00000000        0x0 ..\obj\stm32f4xx_iwdg.o
 .text.IWDG_WriteAccessCmd
                0x00000000       0x20 ..\obj\stm32f4xx_iwdg.o
 .text.IWDG_SetPrescaler
                0x00000000       0x20 ..\obj\stm32f4xx_iwdg.o
 .text.IWDG_SetReload
                0x00000000       0x20 ..\obj\stm32f4xx_iwdg.o
 .text.IWDG_ReloadCounter
                0x00000000       0x18 ..\obj\stm32f4xx_iwdg.o
 .text.IWDG_Enable
                0x00000000       0x18 ..\obj\stm32f4xx_iwdg.o
 .text.IWDG_GetFlagStatus
                0x00000000       0x40 ..\obj\stm32f4xx_iwdg.o
 .debug_info    0x00000000      0x20a ..\obj\stm32f4xx_iwdg.o
 .debug_abbrev  0x00000000      0x103 ..\obj\stm32f4xx_iwdg.o
 .debug_loc     0x00000000      0x138 ..\obj\stm32f4xx_iwdg.o
 .debug_aranges
                0x00000000       0x48 ..\obj\stm32f4xx_iwdg.o
 .debug_ranges  0x00000000       0x38 ..\obj\stm32f4xx_iwdg.o
 .debug_line    0x00000000      0x1f4 ..\obj\stm32f4xx_iwdg.o
 .debug_str     0x00000000      0x215 ..\obj\stm32f4xx_iwdg.o
 .comment       0x00000000       0x71 ..\obj\stm32f4xx_iwdg.o
 .ARM.attributes
                0x00000000       0x33 ..\obj\stm32f4xx_iwdg.o
 .debug_frame   0x00000000       0xb0 ..\obj\stm32f4xx_iwdg.o
 .text          0x00000000        0x0 ..\obj\main.o
 .data          0x00000000        0x0 ..\obj\main.o
 .bss           0x00000000        0x0 ..\obj\main.o
 .text          0x00000000        0x0 ..\obj\simple_comm.o
 .data          0x00000000        0x0 ..\obj\simple_comm.o
 .text.simple_comm_send_buffer
                0x00000000      0x178 ..\obj\simple_comm.o
 .text          0x00000000        0x0 ..\obj\stm32f4xx_rcc.o
 .bss           0x00000000        0x0 ..\obj\stm32f4xx_rcc.o
 .text.RCC_DeInit
                0x00000000       0x84 ..\obj\stm32f4xx_rcc.o
 .text.RCC_HSEConfig
                0x00000000       0x30 ..\obj\stm32f4xx_rcc.o
 .text.RCC_WaitForHSEStartUp
                0x00000000       0x64 ..\obj\stm32f4xx_rcc.o
 .text.RCC_AdjustHSICalibrationValue
                0x00000000       0x48 ..\obj\stm32f4xx_rcc.o
 .text.RCC_HSICmd
                0x00000000       0x20 ..\obj\stm32f4xx_rcc.o
 .text.RCC_LSEConfig
                0x00000000       0x60 ..\obj\stm32f4xx_rcc.o
 .text.RCC_LSICmd
                0x00000000       0x20 ..\obj\stm32f4xx_rcc.o
 .text.RCC_PLLConfig
                0x00000000       0x48 ..\obj\stm32f4xx_rcc.o
 .text.RCC_PLLCmd
                0x00000000       0x20 ..\obj\stm32f4xx_rcc.o
 .text.RCC_PLLI2SConfig
                0x00000000       0x30 ..\obj\stm32f4xx_rcc.o
 .text.RCC_PLLI2SCmd
                0x00000000       0x20 ..\obj\stm32f4xx_rcc.o
 .text.RCC_ClockSecuritySystemCmd
                0x00000000       0x20 ..\obj\stm32f4xx_rcc.o
 .text.RCC_MCO1Config
                0x00000000       0x48 ..\obj\stm32f4xx_rcc.o
 .text.RCC_MCO2Config
                0x00000000       0x48 ..\obj\stm32f4xx_rcc.o
 .text.RCC_SYSCLKConfig
                0x00000000       0x40 ..\obj\stm32f4xx_rcc.o
 .text.RCC_GetSYSCLKSource
                0x00000000       0x20 ..\obj\stm32f4xx_rcc.o
 .text.RCC_HCLKConfig
                0x00000000       0x40 ..\obj\stm32f4xx_rcc.o
 .text.RCC_PCLK1Config
                0x00000000       0x40 ..\obj\stm32f4xx_rcc.o
 .text.RCC_PCLK2Config
                0x00000000       0x44 ..\obj\stm32f4xx_rcc.o
 .text.RCC_RTCCLKConfig
                0x00000000       0x74 ..\obj\stm32f4xx_rcc.o
 .text.RCC_RTCCLKCmd
                0x00000000       0x20 ..\obj\stm32f4xx_rcc.o
 .text.RCC_BackupResetCmd
                0x00000000       0x20 ..\obj\stm32f4xx_rcc.o
 .text.RCC_I2SCLKConfig
                0x00000000       0x20 ..\obj\stm32f4xx_rcc.o
 .text.RCC_AHB2PeriphClockCmd
                0x00000000       0x54 ..\obj\stm32f4xx_rcc.o
 .text.RCC_AHB3PeriphClockCmd
                0x00000000       0x54 ..\obj\stm32f4xx_rcc.o
 .text.RCC_AHB1PeriphResetCmd
                0x00000000       0x54 ..\obj\stm32f4xx_rcc.o
 .text.RCC_AHB2PeriphResetCmd
                0x00000000       0x54 ..\obj\stm32f4xx_rcc.o
 .text.RCC_AHB3PeriphResetCmd
                0x00000000       0x54 ..\obj\stm32f4xx_rcc.o
 .text.RCC_AHB1PeriphClockLPModeCmd
                0x00000000       0x54 ..\obj\stm32f4xx_rcc.o
 .text.RCC_AHB2PeriphClockLPModeCmd
                0x00000000       0x54 ..\obj\stm32f4xx_rcc.o
 .text.RCC_AHB3PeriphClockLPModeCmd
                0x00000000       0x54 ..\obj\stm32f4xx_rcc.o
 .text.RCC_APB1PeriphClockLPModeCmd
                0x00000000       0x54 ..\obj\stm32f4xx_rcc.o
 .text.RCC_APB2PeriphClockLPModeCmd
                0x00000000       0x54 ..\obj\stm32f4xx_rcc.o
 .text.RCC_ITConfig
                0x00000000       0x60 ..\obj\stm32f4xx_rcc.o
 .text.RCC_GetFlagStatus
                0x00000000       0x90 ..\obj\stm32f4xx_rcc.o
 .text.RCC_ClearFlag
                0x00000000       0x24 ..\obj\stm32f4xx_rcc.o
 .text.RCC_GetITStatus
                0x00000000       0x40 ..\obj\stm32f4xx_rcc.o
 .text.RCC_ClearITPendingBit
                0x00000000       0x20 ..\obj\stm32f4xx_rcc.o
 .text          0x00000000        0x0 ..\obj\stm32f4xx_adc.o
 .data          0x00000000        0x0 ..\obj\stm32f4xx_adc.o
 .bss           0x00000000        0x0 ..\obj\stm32f4xx_adc.o
 .text.ADC_DeInit
                0x00000000       0x20 ..\obj\stm32f4xx_adc.o
 .text.ADC_StructInit
                0x00000000       0x4c ..\obj\stm32f4xx_adc.o
 .text.ADC_CommonStructInit
                0x00000000       0x34 ..\obj\stm32f4xx_adc.o
 .text.ADC_AnalogWatchdogCmd
                0x00000000       0x3c ..\obj\stm32f4xx_adc.o
 .text.ADC_AnalogWatchdogThresholdsConfig
                0x00000000       0x28 ..\obj\stm32f4xx_adc.o
 .text.ADC_AnalogWatchdogSingleChannelConfig
                0x00000000       0x38 ..\obj\stm32f4xx_adc.o
 .text.ADC_TempSensorVrefintCmd
                0x00000000       0x4c ..\obj\stm32f4xx_adc.o
 .text.ADC_VBATCmd
                0x00000000       0x4c ..\obj\stm32f4xx_adc.o
 .text.ADC_GetSoftwareStartConvStatus
                0x00000000       0x38 ..\obj\stm32f4xx_adc.o
 .text.ADC_EOCOnEachRegularChannelCmd
                0x00000000       0x38 ..\obj\stm32f4xx_adc.o
 .text.ADC_ContinuousModeCmd
                0x00000000       0x38 ..\obj\stm32f4xx_adc.o
 .text.ADC_DiscModeChannelCountConfig
                0x00000000       0x4c ..\obj\stm32f4xx_adc.o
 .text.ADC_DiscModeCmd
                0x00000000       0x38 ..\obj\stm32f4xx_adc.o
 .text.ADC_GetConversionValue
                0x00000000       0x1c ..\obj\stm32f4xx_adc.o
 .text.ADC_GetMultiModeConversionValue
                0x00000000       0x18 ..\obj\stm32f4xx_adc.o
 .text.ADC_MultiModeDMARequestAfterLastTransferCmd
                0x00000000       0x4c ..\obj\stm32f4xx_adc.o
 .text.ADC_InjectedChannelConfig
                0x00000000      0x144 ..\obj\stm32f4xx_adc.o
 .text.ADC_InjectedSequencerLengthConfig
                0x00000000       0x4c ..\obj\stm32f4xx_adc.o
 .text.ADC_SetInjectedOffset
                0x00000000       0x34 ..\obj\stm32f4xx_adc.o
 .text.ADC_ExternalTrigInjectedConvConfig
                0x00000000       0x38 ..\obj\stm32f4xx_adc.o
 .text.ADC_ExternalTrigInjectedConvEdgeConfig
                0x00000000       0x38 ..\obj\stm32f4xx_adc.o
 .text.ADC_SoftwareStartInjectedConv
                0x00000000       0x20 ..\obj\stm32f4xx_adc.o
 .text.ADC_GetSoftwareStartInjectedConvCmdStatus
                0x00000000       0x38 ..\obj\stm32f4xx_adc.o
 .text.ADC_AutoInjectedConvCmd
                0x00000000       0x38 ..\obj\stm32f4xx_adc.o
 .text.ADC_InjectedDiscModeCmd
                0x00000000       0x38 ..\obj\stm32f4xx_adc.o
 .text.ADC_GetInjectedConversionValue
                0x00000000       0x34 ..\obj\stm32f4xx_adc.o
 .text.ADC_ITConfig
                0x00000000       0x58 ..\obj\stm32f4xx_adc.o
 .text.ADC_GetFlagStatus
                0x00000000       0x3c ..\obj\stm32f4xx_adc.o
 .text.ADC_ClearFlag
                0x00000000       0x20 ..\obj\stm32f4xx_adc.o
 .text.ADC_GetITStatus
                0x00000000       0x6c ..\obj\stm32f4xx_adc.o
 .text.ADC_ClearITPendingBit
                0x00000000       0x30 ..\obj\stm32f4xx_adc.o
 .text          0x00000000        0x0 ..\obj\gpio.o
 .data          0x00000000        0x0 ..\obj\gpio.o
 .bss           0x00000000        0x0 ..\obj\gpio.o
 .text          0x00000000        0x0 ..\obj\stm32f4xx_gpio.o
 .data          0x00000000        0x0 ..\obj\stm32f4xx_gpio.o
 .bss           0x00000000        0x0 ..\obj\stm32f4xx_gpio.o
 .text.GPIO_DeInit
                0x00000000      0x178 ..\obj\stm32f4xx_gpio.o
 .text.GPIO_StructInit
                0x00000000       0x3c ..\obj\stm32f4xx_gpio.o
 .text.GPIO_PinLockConfig
                0x00000000       0x44 ..\obj\stm32f4xx_gpio.o
 .text.GPIO_ReadInputData
                0x00000000       0x1c ..\obj\stm32f4xx_gpio.o
 .text.GPIO_ReadOutputDataBit
                0x00000000       0x3c ..\obj\stm32f4xx_gpio.o
 .text.GPIO_ReadOutputData
                0x00000000       0x1c ..\obj\stm32f4xx_gpio.o
 .text.GPIO_WriteBit
                0x00000000       0x30 ..\obj\stm32f4xx_gpio.o
 .text.GPIO_Write
                0x00000000       0x1c ..\obj\stm32f4xx_gpio.o
 .text.GPIO_ToggleBits
                0x00000000       0x24 ..\obj\stm32f4xx_gpio.o
 .text          0x00000000        0x0 ..\obj\stm32f4xx_flash.o
 .data          0x00000000        0x0 ..\obj\stm32f4xx_flash.o
 .bss           0x00000000        0x0 ..\obj\stm32f4xx_flash.o
 .text.FLASH_SetLatency
                0x00000000       0x20 ..\obj\stm32f4xx_flash.o
 .text.FLASH_PrefetchBufferCmd
                0x00000000       0x4c ..\obj\stm32f4xx_flash.o
 .text.FLASH_InstructionCacheCmd
                0x00000000       0x4c ..\obj\stm32f4xx_flash.o
 .text.FLASH_DataCacheCmd
                0x00000000       0x4c ..\obj\stm32f4xx_flash.o
 .text.FLASH_InstructionCacheReset
                0x00000000       0x24 ..\obj\stm32f4xx_flash.o
 .text.FLASH_DataCacheReset
                0x00000000       0x24 ..\obj\stm32f4xx_flash.o
 .text.FLASH_Unlock
                0x00000000       0x3c ..\obj\stm32f4xx_flash.o
 .text.FLASH_Lock
                0x00000000       0x24 ..\obj\stm32f4xx_flash.o
 .text.FLASH_EraseSector
                0x00000000      0x118 ..\obj\stm32f4xx_flash.o
 .text.FLASH_EraseAllSectors
                0x00000000       0xe0 ..\obj\stm32f4xx_flash.o
 .text.FLASH_ProgramDoubleWord
                0x00000000       0xa0 ..\obj\stm32f4xx_flash.o
 .text.FLASH_ProgramWord
                0x00000000       0x98 ..\obj\stm32f4xx_flash.o
 .text.FLASH_ProgramHalfWord
                0x00000000       0x9c ..\obj\stm32f4xx_flash.o
 .text.FLASH_ProgramByte
                0x00000000       0x98 ..\obj\stm32f4xx_flash.o
 .text.FLASH_OB_Unlock
                0x00000000       0x40 ..\obj\stm32f4xx_flash.o
 .text.FLASH_OB_Lock
                0x00000000       0x24 ..\obj\stm32f4xx_flash.o
 .text.FLASH_OB_WRPConfig
                0x00000000       0x74 ..\obj\stm32f4xx_flash.o
 .text.FLASH_OB_RDPConfig
                0x00000000       0x34 ..\obj\stm32f4xx_flash.o
 .text.FLASH_OB_UserConfig
                0x00000000       0x64 ..\obj\stm32f4xx_flash.o
 .text.FLASH_OB_BORConfig
                0x00000000       0x4c ..\obj\stm32f4xx_flash.o
 .text.FLASH_OB_Launch
                0x00000000       0x3c ..\obj\stm32f4xx_flash.o
 .text.FLASH_OB_GetUser
                0x00000000       0x1c ..\obj\stm32f4xx_flash.o
 .text.FLASH_OB_GetWRP
                0x00000000       0x18 ..\obj\stm32f4xx_flash.o
 .text.FLASH_OB_GetRDP
                0x00000000       0x38 ..\obj\stm32f4xx_flash.o
 .text.FLASH_OB_GetBOR
                0x00000000       0x20 ..\obj\stm32f4xx_flash.o
 .text.FLASH_ITConfig
                0x00000000       0x54 ..\obj\stm32f4xx_flash.o
 .text.FLASH_GetFlagStatus
                0x00000000       0x3c ..\obj\stm32f4xx_flash.o
 .text.FLASH_ClearFlag
                0x00000000       0x20 ..\obj\stm32f4xx_flash.o
 .text.FLASH_GetStatus
                0x00000000       0x88 ..\obj\stm32f4xx_flash.o
 .text.FLASH_WaitForLastOperation
                0x00000000       0x34 ..\obj\stm32f4xx_flash.o
 .debug_info    0x00000000      0x78c ..\obj\stm32f4xx_flash.o
 .debug_abbrev  0x00000000      0x1b0 ..\obj\stm32f4xx_flash.o
 .debug_loc     0x00000000      0x624 ..\obj\stm32f4xx_flash.o
 .debug_aranges
                0x00000000      0x108 ..\obj\stm32f4xx_flash.o
 .debug_ranges  0x00000000       0xf8 ..\obj\stm32f4xx_flash.o
 .debug_line    0x00000000      0x477 ..\obj\stm32f4xx_flash.o
 .debug_str     0x00000000      0x530 ..\obj\stm32f4xx_flash.o
 .comment       0x00000000       0x71 ..\obj\stm32f4xx_flash.o
 .ARM.attributes
                0x00000000       0x33 ..\obj\stm32f4xx_flash.o
 .debug_frame   0x00000000      0x360 ..\obj\stm32f4xx_flash.o
 .text          0x00000000        0x0 ..\obj\system_stm32f4xx.o
 .bss           0x00000000        0x0 ..\obj\system_stm32f4xx.o
 .text.SystemCoreClockUpdate
                0x00000000      0x170 ..\obj\system_stm32f4xx.o
 .text          0x00000000        0x0 ..\obj\syscalls.o
 .data          0x00000000        0x0 ..\obj\syscalls.o
 .bss           0x00000000        0x4 ..\obj\syscalls.o
 .text._sbrk    0x00000000       0x5c ..\obj\syscalls.o
 .text.link     0x00000000       0x1c ..\obj\syscalls.o
 .text._close   0x00000000       0x18 ..\obj\syscalls.o
 .text._fstat   0x00000000       0x24 ..\obj\syscalls.o
 .text._isatty  0x00000000       0x18 ..\obj\syscalls.o
 .text._lseek   0x00000000       0x1c ..\obj\syscalls.o
 .text._read    0x00000000       0x1c ..\obj\syscalls.o
 .text._write   0x00000000       0xc8 ..\obj\syscalls.o
 .text.abort    0x00000000        0x8 ..\obj\syscalls.o
 .debug_info    0x00000000      0x651 ..\obj\syscalls.o
 .debug_abbrev  0x00000000      0x189 ..\obj\syscalls.o
 .debug_loc     0x00000000      0x1ec ..\obj\syscalls.o
 .debug_aranges
                0x00000000       0x60 ..\obj\syscalls.o
 .debug_ranges  0x00000000       0x50 ..\obj\syscalls.o
 .debug_line    0x00000000      0x311 ..\obj\syscalls.o
 .debug_str     0x00000000      0x3d3 ..\obj\syscalls.o
 .comment       0x00000000       0x71 ..\obj\syscalls.o
 .ARM.attributes
                0x00000000       0x33 ..\obj\syscalls.o
 .debug_frame   0x00000000      0x10c ..\obj\syscalls.o
 .text          0x00000000        0x0 ..\obj\stm32f4xx_dma.o
 .data          0x00000000        0x0 ..\obj\stm32f4xx_dma.o
 .bss           0x00000000        0x0 ..\obj\stm32f4xx_dma.o
 .text.DMA_DeInit
                0x00000000      0x244 ..\obj\stm32f4xx_dma.o
 .text.DMA_StructInit
                0x00000000       0x8c ..\obj\stm32f4xx_dma.o
 .text.DMA_PeriphIncOffsetSizeConfig
                0x00000000       0x34 ..\obj\stm32f4xx_dma.o
 .text.DMA_FlowControllerConfig
                0x00000000       0x34 ..\obj\stm32f4xx_dma.o
 .text.DMA_SetCurrDataCounter
                0x00000000       0x1c ..\obj\stm32f4xx_dma.o
 .text.DMA_GetCurrDataCounter
                0x00000000       0x1c ..\obj\stm32f4xx_dma.o
 .text.DMA_DoubleBufferModeConfig
                0x00000000       0x3c ..\obj\stm32f4xx_dma.o
 .text.DMA_DoubleBufferModeCmd
                0x00000000       0x38 ..\obj\stm32f4xx_dma.o
 .text.DMA_MemoryTargetConfig
                0x00000000       0x2c ..\obj\stm32f4xx_dma.o
 .text.DMA_GetCurrentMemoryTarget
                0x00000000       0x38 ..\obj\stm32f4xx_dma.o
 .text.DMA_GetCmdStatus
                0x00000000       0x38 ..\obj\stm32f4xx_dma.o
 .text.DMA_GetFIFOStatus
                0x00000000       0x28 ..\obj\stm32f4xx_dma.o
 .text.DMA_GetFlagStatus
                0x00000000       0x84 ..\obj\stm32f4xx_dma.o
 .text.DMA_ClearFlag
                0x00000000       0x60 ..\obj\stm32f4xx_dma.o
 .text.DMA_GetITStatus
                0x00000000       0xc0 ..\obj\stm32f4xx_dma.o
 .text          0x00000000        0x0 ..\obj\adc.o
 .data          0x00000000        0x0 ..\obj\adc.o
 .bss           0x00000000        0x0 ..\obj\adc.o
 .text          0x00000000        0x0 ..\obj\stm32f4xx_spi.o
 .data          0x00000000        0x0 ..\obj\stm32f4xx_spi.o
 .bss           0x00000000        0x0 ..\obj\stm32f4xx_spi.o
 .text.I2S_Init
                0x00000000      0x214 ..\obj\stm32f4xx_spi.o
 .text.SPI_StructInit
                0x00000000       0x5c ..\obj\stm32f4xx_spi.o
 .text.I2S_StructInit
                0x00000000       0x44 ..\obj\stm32f4xx_spi.o
 .text.I2S_Cmd  0x00000000       0x40 ..\obj\stm32f4xx_spi.o
 .text.SPI_DataSizeConfig
                0x00000000       0x38 ..\obj\stm32f4xx_spi.o
 .text.SPI_BiDirectionalLineConfig
                0x00000000       0x40 ..\obj\stm32f4xx_spi.o
 .text.SPI_NSSInternalSoftwareConfig
                0x00000000       0x44 ..\obj\stm32f4xx_spi.o
 .text.SPI_SSOutputCmd
                0x00000000       0x40 ..\obj\stm32f4xx_spi.o
 .text.SPI_TIModeCmd
                0x00000000       0x40 ..\obj\stm32f4xx_spi.o
 .text.I2S_FullDuplexConfig
                0x00000000       0xa4 ..\obj\stm32f4xx_spi.o
 .text.SPI_CalculateCRC
                0x00000000       0x40 ..\obj\stm32f4xx_spi.o
 .text.SPI_TransmitCRC
                0x00000000       0x24 ..\obj\stm32f4xx_spi.o
 .text.SPI_GetCRC
                0x00000000       0x34 ..\obj\stm32f4xx_spi.o
 .text.SPI_GetCRCPolynomial
                0x00000000       0x1c ..\obj\stm32f4xx_spi.o
 .text.SPI_I2S_DMACmd
                0x00000000       0x48 ..\obj\stm32f4xx_spi.o
 .text.SPI_I2S_ITConfig
                0x00000000       0x6c ..\obj\stm32f4xx_spi.o
 .text.SPI_I2S_ClearFlag
                0x00000000       0x24 ..\obj\stm32f4xx_spi.o
 .text.SPI_I2S_GetITStatus
                0x00000000       0x88 ..\obj\stm32f4xx_spi.o
 .text.SPI_I2S_ClearITPendingBit
                0x00000000       0x38 ..\obj\stm32f4xx_spi.o
 .text          0x00000000        0x0 ..\obj\misc.o
 .data          0x00000000        0x0 ..\obj\misc.o
 .bss           0x00000000        0x0 ..\obj\misc.o
 .text.NVIC_SystemLPConfig
                0x00000000       0x54 ..\obj\misc.o
 .text.SysTick_CLKSourceConfig
                0x00000000       0x4c ..\obj\misc.o
 .text          0x00000000        0x0 ..\obj\int_comm.o
 .data          0x00000000        0x0 ..\obj\int_comm.o
 .text          0x00000000        0x0 ..\obj\diagnostic.o
 .data          0x00000000        0x0 ..\obj\diagnostic.o
 .bss           0x00000000        0x0 ..\obj\diagnostic.o
 .text.diag_store_buffer
                0x00000000       0xb8 ..\obj\diagnostic.o
 .text.diag_reset_buffer
                0x00000000       0x38 ..\obj\diagnostic.o
 .text          0x00000000        0x0 ..\obj\stm32f4xx_tim.o
 .data          0x00000000        0x0 ..\obj\stm32f4xx_tim.o
 .bss           0x00000000        0x0 ..\obj\stm32f4xx_tim.o
 .text.TIM_DeInit
                0x00000000      0x238 ..\obj\stm32f4xx_tim.o
 .text.TIM_TimeBaseStructInit
                0x00000000       0x3c ..\obj\stm32f4xx_tim.o
 .text.TIM_PrescalerConfig
                0x00000000       0x28 ..\obj\stm32f4xx_tim.o
 .text.TIM_CounterModeConfig
                0x00000000       0x38 ..\obj\stm32f4xx_tim.o
 .text.TIM_SetCounter
                0x00000000       0x1c ..\obj\stm32f4xx_tim.o
 .text.TIM_SetAutoreload
                0x00000000       0x1c ..\obj\stm32f4xx_tim.o
 .text.TIM_GetCounter
                0x00000000       0x18 ..\obj\stm32f4xx_tim.o
 .text.TIM_GetPrescaler
                0x00000000       0x1c ..\obj\stm32f4xx_tim.o
 .text.TIM_UpdateDisableConfig
                0x00000000       0x40 ..\obj\stm32f4xx_tim.o
 .text.TIM_UpdateRequestConfig
                0x00000000       0x40 ..\obj\stm32f4xx_tim.o
 .text.TIM_ARRPreloadConfig
                0x00000000       0x40 ..\obj\stm32f4xx_tim.o
 .text.TIM_SelectOnePulseMode
                0x00000000       0x38 ..\obj\stm32f4xx_tim.o
 .text.TIM_SetClockDivision
                0x00000000       0x38 ..\obj\stm32f4xx_tim.o
 .text.TIM_OC1Init
                0x00000000       0xfc ..\obj\stm32f4xx_tim.o
 .text.TIM_OC2Init
                0x00000000      0x128 ..\obj\stm32f4xx_tim.o
 .text.TIM_OC4Init
                0x00000000       0xe0 ..\obj\stm32f4xx_tim.o
 .text.TIM_OCStructInit
                0x00000000       0x54 ..\obj\stm32f4xx_tim.o
 .text.TIM_SelectOCxM
                0x00000000       0xc0 ..\obj\stm32f4xx_tim.o
 .text.TIM_SetCompare1
                0x00000000       0x1c ..\obj\stm32f4xx_tim.o
 .text.TIM_SetCompare2
                0x00000000       0x1c ..\obj\stm32f4xx_tim.o
 .text.TIM_SetCompare3
                0x00000000       0x1c ..\obj\stm32f4xx_tim.o
 .text.TIM_SetCompare4
                0x00000000       0x1c ..\obj\stm32f4xx_tim.o
 .text.TIM_ForcedOC1Config
                0x00000000       0x38 ..\obj\stm32f4xx_tim.o
 .text.TIM_ForcedOC2Config
                0x00000000       0x40 ..\obj\stm32f4xx_tim.o
 .text.TIM_ForcedOC3Config
                0x00000000       0x38 ..\obj\stm32f4xx_tim.o
 .text.TIM_ForcedOC4Config
                0x00000000       0x40 ..\obj\stm32f4xx_tim.o
 .text.TIM_OC1PreloadConfig
                0x00000000       0x38 ..\obj\stm32f4xx_tim.o
 .text.TIM_OC2PreloadConfig
                0x00000000       0x40 ..\obj\stm32f4xx_tim.o
 .text.TIM_OC3PreloadConfig
                0x00000000       0x38 ..\obj\stm32f4xx_tim.o
 .text.TIM_OC4PreloadConfig
                0x00000000       0x40 ..\obj\stm32f4xx_tim.o
 .text.TIM_OC1FastConfig
                0x00000000       0x38 ..\obj\stm32f4xx_tim.o
 .text.TIM_OC2FastConfig
                0x00000000       0x40 ..\obj\stm32f4xx_tim.o
 .text.TIM_OC3FastConfig
                0x00000000       0x38 ..\obj\stm32f4xx_tim.o
 .text.TIM_OC4FastConfig
                0x00000000       0x40 ..\obj\stm32f4xx_tim.o
 .text.TIM_ClearOC1Ref
                0x00000000       0x38 ..\obj\stm32f4xx_tim.o
 .text.TIM_ClearOC2Ref
                0x00000000       0x44 ..\obj\stm32f4xx_tim.o
 .text.TIM_ClearOC3Ref
                0x00000000       0x38 ..\obj\stm32f4xx_tim.o
 .text.TIM_ClearOC4Ref
                0x00000000       0x44 ..\obj\stm32f4xx_tim.o
 .text.TIM_OC1PolarityConfig
                0x00000000       0x38 ..\obj\stm32f4xx_tim.o
 .text.TIM_OC1NPolarityConfig
                0x00000000       0x38 ..\obj\stm32f4xx_tim.o
 .text.TIM_OC2PolarityConfig
                0x00000000       0x40 ..\obj\stm32f4xx_tim.o
 .text.TIM_OC2NPolarityConfig
                0x00000000       0x40 ..\obj\stm32f4xx_tim.o
 .text.TIM_OC3PolarityConfig
                0x00000000       0x40 ..\obj\stm32f4xx_tim.o
 .text.TIM_OC3NPolarityConfig
                0x00000000       0x40 ..\obj\stm32f4xx_tim.o
 .text.TIM_OC4PolarityConfig
                0x00000000       0x40 ..\obj\stm32f4xx_tim.o
 .text.TIM_CCxCmd
                0x00000000       0x5c ..\obj\stm32f4xx_tim.o
 .text.TIM_CCxNCmd
                0x00000000       0x5c ..\obj\stm32f4xx_tim.o
 .text.TIM_ICInit
                0x00000000       0xa8 ..\obj\stm32f4xx_tim.o
 .text.TIM_ICStructInit
                0x00000000       0x3c ..\obj\stm32f4xx_tim.o
 .text.TIM_PWMIConfig
                0x00000000       0xc4 ..\obj\stm32f4xx_tim.o
 .text.TIM_GetCapture1
                0x00000000       0x18 ..\obj\stm32f4xx_tim.o
 .text.TIM_GetCapture2
                0x00000000       0x18 ..\obj\stm32f4xx_tim.o
 .text.TIM_GetCapture3
                0x00000000       0x18 ..\obj\stm32f4xx_tim.o
 .text.TIM_GetCapture4
                0x00000000       0x18 ..\obj\stm32f4xx_tim.o
 .text.TIM_SetIC1Prescaler
                0x00000000       0x38 ..\obj\stm32f4xx_tim.o
 .text.TIM_SetIC2Prescaler
                0x00000000       0x3c ..\obj\stm32f4xx_tim.o
 .text.TIM_SetIC3Prescaler
                0x00000000       0x38 ..\obj\stm32f4xx_tim.o
 .text.TIM_SetIC4Prescaler
                0x00000000       0x3c ..\obj\stm32f4xx_tim.o
 .text.TIM_BDTRStructInit
                0x00000000       0x4c ..\obj\stm32f4xx_tim.o
 .text.TIM_SelectCOM
                0x00000000       0x40 ..\obj\stm32f4xx_tim.o
 .text.TIM_CCPreloadControl
                0x00000000       0x40 ..\obj\stm32f4xx_tim.o
 .text.TIM_ITConfig
                0x00000000       0x48 ..\obj\stm32f4xx_tim.o
 .text.TIM_GenerateEvent
                0x00000000       0x1c ..\obj\stm32f4xx_tim.o
 .text.TIM_GetFlagStatus
                0x00000000       0x40 ..\obj\stm32f4xx_tim.o
 .text.TIM_ClearFlag
                0x00000000       0x24 ..\obj\stm32f4xx_tim.o
 .text.TIM_GetITStatus
                0x00000000       0x60 ..\obj\stm32f4xx_tim.o
 .text.TIM_DMAConfig
                0x00000000       0x28 ..\obj\stm32f4xx_tim.o
 .text.TIM_DMACmd
                0x00000000       0x48 ..\obj\stm32f4xx_tim.o
 .text.TIM_SelectCCDMA
                0x00000000       0x40 ..\obj\stm32f4xx_tim.o
 .text.TIM_InternalClockConfig
                0x00000000       0x24 ..\obj\stm32f4xx_tim.o
 .text.TIM_ITRxExternalClockConfig
                0x00000000       0x30 ..\obj\stm32f4xx_tim.o
 .text.TIM_TIxExternalClockConfig
                0x00000000       0x58 ..\obj\stm32f4xx_tim.o
 .text.TIM_ETRClockMode1Config
                0x00000000       0x54 ..\obj\stm32f4xx_tim.o
 .text.TIM_ETRClockMode2Config
                0x00000000       0x34 ..\obj\stm32f4xx_tim.o
 .text.TIM_SelectInputTrigger
                0x00000000       0x38 ..\obj\stm32f4xx_tim.o
 .text.TIM_SelectOutputTrigger
                0x00000000       0x38 ..\obj\stm32f4xx_tim.o
 .text.TIM_SelectSlaveMode
                0x00000000       0x38 ..\obj\stm32f4xx_tim.o
 .text.TIM_SelectMasterSlaveMode
                0x00000000       0x38 ..\obj\stm32f4xx_tim.o
 .text.TIM_ETRConfig
                0x00000000       0x4c ..\obj\stm32f4xx_tim.o
 .text.TIM_EncoderInterfaceConfig
                0x00000000       0x94 ..\obj\stm32f4xx_tim.o
 .text.TIM_SelectHallSensor
                0x00000000       0x40 ..\obj\stm32f4xx_tim.o
 .text.TIM_RemapConfig
                0x00000000       0x20 ..\obj\stm32f4xx_tim.o
 .text.TI1_Config
                0x00000000       0x80 ..\obj\stm32f4xx_tim.o
 .text.TI2_Config
                0x00000000       0x9c ..\obj\stm32f4xx_tim.o
 .text.TI3_Config
                0x00000000       0x8c ..\obj\stm32f4xx_tim.o
 .text.TI4_Config
                0x00000000       0xa4 ..\obj\stm32f4xx_tim.o
 .text          0x00000000        0x0 ..\obj\usart.o
 .data          0x00000000        0x0 ..\obj\usart.o
 .bss           0x00000000        0x0 ..\obj\usart.o

Memory Configuration

Name             Origin             Length             Attributes
rom              0x08000000         0x00100000         xr
ram              0x20000000         0x00020000         xrw
ram1             0x10000000         0x00010000         xrw
*default*        0x00000000         0xffffffff

Linker script and memory map

                0x20020000                _eram = 0x20020000

.text           0x08000000     0x5308
 *(.isr_vector .isr_vector.*)
 .isr_vector    0x08000000      0x188 ..\obj\startup_stm32f4xx.o
                0x08000000                g_pfnVectors
 *(.text .text.* .gnu.linkonce.t.*)
 .text.logic_init
                0x08000188       0x84 ..\obj\logic.o
                0x08000188                logic_init
 .text.logic_set_addr
                0x0800020c      0x110 ..\obj\logic.o
                0x0800020c                logic_set_addr
 .text.logic_set_period
                0x0800031c       0xd4 ..\obj\logic.o
                0x0800031c                logic_set_period
 .text.logic_set_ph1
                0x080003f0       0xc0 ..\obj\logic.o
                0x080003f0                logic_set_ph1
 .text.logic_set_ph2
                0x080004b0       0xc0 ..\obj\logic.o
                0x080004b0                logic_set_ph2
 .text.logic_set_out
                0x08000570       0x14 ..\obj\logic.o
                0x08000570                logic_set_out
 .text.logic_calc_out
                0x08000584      0x138 ..\obj\logic.o
                0x08000584                logic_calc_out
 .text.logic_read_flags
                0x080006bc       0xe4 ..\obj\logic.o
                0x080006bc                logic_read_flags
 .text.logic_read_measurement
                0x080007a0       0xd8 ..\obj\logic.o
                0x080007a0                logic_read_measurement
 .text.logic_reset
                0x08000878       0x28 ..\obj\logic.o
                0x08000878                logic_reset
 .text.logic_check_fault
                0x080008a0       0x34 ..\obj\logic.o
                0x080008a0                logic_check_fault
 .text.logic_routine
                0x080008d4       0xf4 ..\obj\logic.o
                0x080008d4                logic_routine
 .text.NVIC_SetPriority
                0x080009c8       0x5c ..\obj\timer.o
 .text.SysTick_Config
                0x08000a24       0x64 ..\obj\timer.o
 .text.timer_pwm_init
                0x08000a88      0x12c ..\obj\timer.o
                0x08000a88                timer_pwm_init
 .text.timer_pwm_freq_inc
                0x08000bb4       0x94 ..\obj\timer.o
                0x08000bb4                timer_pwm_freq_inc
 .text.timer_pwm_freq_dec
                0x08000c48       0x94 ..\obj\timer.o
                0x08000c48                timer_pwm_freq_dec
 .text.timer_pwm_phase_inc
                0x08000cdc       0x98 ..\obj\timer.o
                0x08000cdc                timer_pwm_phase_inc
 .text.timer_pwm_phase_dec
                0x08000d74       0x84 ..\obj\timer.o
                0x08000d74                timer_pwm_phase_dec
 .text.timer_check_faults
                0x08000df8       0x78 ..\obj\timer.o
                0x08000df8                timer_check_faults
 .text.timer_routine
                0x08000e70      0x30c ..\obj\timer.o
                0x08000e70                timer_routine
 .text.TIM1_UP_TIM10_IRQHandler
                0x0800117c       0x18 ..\obj\timer.o
                0x0800117c                TIM1_UP_TIM10_IRQHandler
 .text.TIM8_UP_TIM13_IRQHandler
                0x08001194       0x18 ..\obj\timer.o
                0x08001194                TIM8_UP_TIM13_IRQHandler
 .text.DMA2_Stream0_IRQHandler
                0x080011ac       0x50 ..\obj\timer.o
                0x080011ac                DMA2_Stream0_IRQHandler
 .text.TimerSys_init
                0x080011fc       0x28 ..\obj\timer.o
                0x080011fc                TimerSys_init
 .text.SysTick_Handler
                0x08001224      0x164 ..\obj\timer.o
                0x08001224                SysTick_Handler
 .text.USART_Init
                0x08001388      0x1ac ..\obj\stm32f4xx_usart.o
                0x08001388                USART_Init
 .text.USART_Cmd
                0x08001534       0x40 ..\obj\stm32f4xx_usart.o
                0x08001534                USART_Cmd
 .text.USART_SendData
                0x08001574       0x28 ..\obj\stm32f4xx_usart.o
                0x08001574                USART_SendData
 .text.USART_ITConfig
                0x0800159c       0xa4 ..\obj\stm32f4xx_usart.o
                0x0800159c                USART_ITConfig
 .text.USART_GetITStatus
                0x08001640       0xc4 ..\obj\stm32f4xx_usart.o
                0x08001640                USART_GetITStatus
 .text.RCC_Configuration
                0x08001704       0x34 ..\obj\config.o
                0x08001704                RCC_Configuration
 .text.NVIC_Configuration
                0x08001738       0x88 ..\obj\config.o
                0x08001738                NVIC_Configuration
 .text.Default_Reset_Handler
                0x080017c0       0x70 ..\obj\startup_stm32f4xx.o
                0x080017c0                Default_Reset_Handler
                0x080017c0                Reset_Handler
 .text.Default_Handler
                0x08001830        0x8 ..\obj\startup_stm32f4xx.o
                0x08001830                RTC_Alarm_IRQHandler
                0x08001830                HASH_RNG_IRQHandler
                0x08001830                EXTI2_IRQHandler
                0x08001830                TIM8_CC_IRQHandler
                0x08001830                DebugMon_Handler
                0x08001830                TIM1_CC_IRQHandler
                0x08001830                DMA2_Stream5_IRQHandler
                0x08001830                HardFault_Handler
                0x08001830                DMA1_Stream5_IRQHandler
                0x08001830                PVD_IRQHandler
                0x08001830                SDIO_IRQHandler
                0x08001830                TAMP_STAMP_IRQHandler
                0x08001830                PendSV_Handler
                0x08001830                NMI_Handler
                0x08001830                CAN2_RX1_IRQHandler
                0x08001830                EXTI3_IRQHandler
                0x08001830                TIM8_TRG_COM_TIM14_IRQHandler
                0x08001830                I2C3_ER_IRQHandler
                0x08001830                EXTI0_IRQHandler
                0x08001830                I2C2_EV_IRQHandler
                0x08001830                DMA1_Stream2_IRQHandler
                0x08001830                CAN1_RX0_IRQHandler
                0x08001830                FPU_IRQHandler
                0x08001830                OTG_HS_WKUP_IRQHandler
                0x08001830                UsageFault_Handler
                0x08001830                CAN2_SCE_IRQHandler
                0x08001830                DMA2_Stream2_IRQHandler
                0x08001830                SPI1_IRQHandler
                0x08001830                TIM6_DAC_IRQHandler
                0x08001830                TIM1_BRK_TIM9_IRQHandler
                0x08001830                DCMI_IRQHandler
                0x08001830                CAN2_RX0_IRQHandler
                0x08001830                DMA2_Stream3_IRQHandler
                0x08001830                USART6_IRQHandler
                0x08001830                USART3_IRQHandler
                0x08001830                CRYP_IRQHandler
                0x08001830                CAN1_RX1_IRQHandler
                0x08001830                UART5_IRQHandler
                0x08001830                TIM4_IRQHandler
                0x08001830                I2C1_EV_IRQHandler
                0x08001830                DMA1_Stream6_IRQHandler
                0x08001830                DMA1_Stream1_IRQHandler
                0x08001830                UART4_IRQHandler
                0x08001830                TIM3_IRQHandler
                0x08001830                RCC_IRQHandler
                0x08001830                TIM8_BRK_TIM12_IRQHandler
                0x08001830                EXTI15_10_IRQHandler
                0x08001830                ADC_IRQHandler
                0x08001830                DMA1_Stream7_IRQHandler
                0x08001830                TIM7_IRQHandler
                0x08001830                CAN2_TX_IRQHandler
                0x08001830                TIM5_IRQHandler
                0x08001830                DMA2_Stream7_IRQHandler
                0x08001830                I2C3_EV_IRQHandler
                0x08001830                EXTI9_5_IRQHandler
                0x08001830                RTC_WKUP_IRQHandler
                0x08001830                ETH_WKUP_IRQHandler
                0x08001830                SPI2_IRQHandler
                0x08001830                OTG_HS_EP1_IN_IRQHandler
                0x08001830                MemManage_Handler
                0x08001830                DMA1_Stream0_IRQHandler
                0x08001830                CAN1_TX_IRQHandler
                0x08001830                SVC_Handler
                0x08001830                EXTI4_IRQHandler
                0x08001830                FSMC_IRQHandler
                0x08001830                ETH_IRQHandler
                0x08001830                OTG_HS_EP1_OUT_IRQHandler
                0x08001830                WWDG_IRQHandler
                0x08001830                TIM2_IRQHandler
                0x08001830                OTG_FS_WKUP_IRQHandler
                0x08001830                TIM1_TRG_COM_TIM11_IRQHandler
                0x08001830                OTG_HS_IRQHandler
                0x08001830                EXTI1_IRQHandler
                0x08001830                I2C2_ER_IRQHandler
                0x08001830                DMA2_Stream1_IRQHandler
                0x08001830                CAN1_SCE_IRQHandler
                0x08001830                FLASH_IRQHandler
                0x08001830                DMA2_Stream4_IRQHandler
                0x08001830                BusFault_Handler
                0x08001830                OTG_FS_IRQHandler
                0x08001830                SPI3_IRQHandler
                0x08001830                DMA1_Stream4_IRQHandler
                0x08001830                I2C1_ER_IRQHandler
                0x08001830                DMA2_Stream6_IRQHandler
                0x08001830                DMA1_Stream3_IRQHandler
 .text.main     0x08001838       0x9c ..\obj\main.o
                0x08001838                main
 .text.simple_comm_routine
                0x080018d4      0x460 ..\obj\simple_comm.o
                0x080018d4                simple_comm_routine
 .text.simple_comm_send_all
                0x08001d34      0x1c4 ..\obj\simple_comm.o
                0x08001d34                simple_comm_send_all
 .text.RCC_GetClocksFreq
                0x08001ef8      0x1cc ..\obj\stm32f4xx_rcc.o
                0x08001ef8                RCC_GetClocksFreq
 .text.RCC_AHB1PeriphClockCmd
                0x080020c4       0x54 ..\obj\stm32f4xx_rcc.o
                0x080020c4                RCC_AHB1PeriphClockCmd
 .text.RCC_APB1PeriphClockCmd
                0x08002118       0x54 ..\obj\stm32f4xx_rcc.o
                0x08002118                RCC_APB1PeriphClockCmd
 .text.RCC_APB2PeriphClockCmd
                0x0800216c       0x54 ..\obj\stm32f4xx_rcc.o
                0x0800216c                RCC_APB2PeriphClockCmd
 .text.RCC_APB1PeriphResetCmd
                0x080021c0       0x54 ..\obj\stm32f4xx_rcc.o
                0x080021c0                RCC_APB1PeriphResetCmd
 .text.RCC_APB2PeriphResetCmd
                0x08002214       0x54 ..\obj\stm32f4xx_rcc.o
                0x08002214                RCC_APB2PeriphResetCmd
 .text.ADC_Init
                0x08002268       0xb8 ..\obj\stm32f4xx_adc.o
                0x08002268                ADC_Init
 .text.ADC_CommonInit
                0x08002320       0x5c ..\obj\stm32f4xx_adc.o
                0x08002320                ADC_CommonInit
 .text.ADC_Cmd  0x0800237c       0x38 ..\obj\stm32f4xx_adc.o
                0x0800237c                ADC_Cmd
 .text.ADC_RegularChannelConfig
                0x080023b4      0x1bc ..\obj\stm32f4xx_adc.o
                0x080023b4                ADC_RegularChannelConfig
 .text.ADC_SoftwareStartConv
                0x08002570       0x20 ..\obj\stm32f4xx_adc.o
                0x08002570                ADC_SoftwareStartConv
 .text.ADC_DMACmd
                0x08002590       0x38 ..\obj\stm32f4xx_adc.o
                0x08002590                ADC_DMACmd
 .text.ADC_DMARequestAfterLastTransferCmd
                0x080025c8       0x38 ..\obj\stm32f4xx_adc.o
                0x080025c8                ADC_DMARequestAfterLastTransferCmd
 .text.gpio_init
                0x08002600      0x3a8 ..\obj\gpio.o
                0x08002600                gpio_init
 .text.GPIO_Init
                0x080029a8      0x144 ..\obj\stm32f4xx_gpio.o
                0x080029a8                GPIO_Init
 .text.GPIO_ReadInputDataBit
                0x08002aec       0x3c ..\obj\stm32f4xx_gpio.o
                0x08002aec                GPIO_ReadInputDataBit
 .text.GPIO_SetBits
                0x08002b28       0x1c ..\obj\stm32f4xx_gpio.o
                0x08002b28                GPIO_SetBits
 .text.GPIO_ResetBits
                0x08002b44       0x1c ..\obj\stm32f4xx_gpio.o
                0x08002b44                GPIO_ResetBits
 .text.GPIO_PinAFConfig
                0x08002b60       0xa8 ..\obj\stm32f4xx_gpio.o
                0x08002b60                GPIO_PinAFConfig
 .text.SystemInit
                0x08002c08       0x94 ..\obj\system_stm32f4xx.o
                0x08002c08                SystemInit
 .text.SetSysClock
                0x08002c9c      0x188 ..\obj\system_stm32f4xx.o
 .text.DMA_Init
                0x08002e24       0xb0 ..\obj\stm32f4xx_dma.o
                0x08002e24                DMA_Init
 .text.DMA_Cmd  0x08002ed4       0x38 ..\obj\stm32f4xx_dma.o
                0x08002ed4                DMA_Cmd
 .text.DMA_ITConfig
                0x08002f0c       0x74 ..\obj\stm32f4xx_dma.o
                0x08002f0c                DMA_ITConfig
 .text.DMA_ClearITPendingBit
                0x08002f80       0x60 ..\obj\stm32f4xx_dma.o
                0x08002f80                DMA_ClearITPendingBit
 .text.adc1_init
                0x08002fe0      0x22c ..\obj\adc.o
                0x08002fe0                adc1_init
 .text.adc1_get_mean
                0x0800320c       0x60 ..\obj\adc.o
                0x0800320c                adc1_get_mean
 .text.adc_get_voltage
                0x0800326c       0x60 ..\obj\adc.o
                0x0800326c                adc_get_voltage
 .text.adc_calc_currents
                0x080032cc       0x88 ..\obj\adc.o
                0x080032cc                adc_calc_currents
 .text.adc_calc_voltages
                0x08003354       0x48 ..\obj\adc.o
                0x08003354                adc_calc_voltages
 .text.adc_calc_temp
                0x0800339c       0x4c ..\obj\adc.o
                0x0800339c                adc_calc_temp
 .text.SPI_I2S_DeInit
                0x080033e8       0x88 ..\obj\stm32f4xx_spi.o
                0x080033e8                SPI_I2S_DeInit
 .text.SPI_Init
                0x08003470       0x88 ..\obj\stm32f4xx_spi.o
                0x08003470                SPI_Init
 .text.SPI_Cmd  0x080034f8       0x40 ..\obj\stm32f4xx_spi.o
                0x080034f8                SPI_Cmd
 .text.SPI_I2S_ReceiveData
                0x08003538       0x1c ..\obj\stm32f4xx_spi.o
                0x08003538                SPI_I2S_ReceiveData
 .text.SPI_I2S_SendData
                0x08003554       0x1c ..\obj\stm32f4xx_spi.o
                0x08003554                SPI_I2S_SendData
 .text.SPI_I2S_GetFlagStatus
                0x08003570       0x40 ..\obj\stm32f4xx_spi.o
                0x08003570                SPI_I2S_GetFlagStatus
 .text.NVIC_PriorityGroupConfig
                0x080035b0       0x28 ..\obj\misc.o
                0x080035b0                NVIC_PriorityGroupConfig
 .text.NVIC_Init
                0x080035d8       0xe4 ..\obj\misc.o
                0x080035d8                NVIC_Init
 .text.NVIC_SetVectorTable
                0x080036bc       0x2c ..\obj\misc.o
                0x080036bc                NVIC_SetVectorTable
 .text.icomm_init
                0x080036e8       0x44 ..\obj\int_comm.o
                0x080036e8                icomm_init
 .text.icomm_tx_routine
                0x0800372c       0xd4 ..\obj\int_comm.o
                0x0800372c                icomm_tx_routine
 .text.icomm_rx_routine
                0x08003800      0x5b8 ..\obj\int_comm.o
                0x08003800                icomm_rx_routine
 .text.diag_store_data
                0x08003db8      0x6a8 ..\obj\diagnostic.o
                0x08003db8                diag_store_data
 .text.diag_reset_data
                0x08004460      0x258 ..\obj\diagnostic.o
                0x08004460                diag_reset_data
 .text.diag_get_data
                0x080046b8      0x2b0 ..\obj\diagnostic.o
                0x080046b8                diag_get_data
 .text.TIM_TimeBaseInit
                0x08004968       0xf4 ..\obj\stm32f4xx_tim.o
                0x08004968                TIM_TimeBaseInit
 .text.TIM_Cmd  0x08004a5c       0x40 ..\obj\stm32f4xx_tim.o
                0x08004a5c                TIM_Cmd
 .text.TIM_OC3Init
                0x08004a9c      0x120 ..\obj\stm32f4xx_tim.o
                0x08004a9c                TIM_OC3Init
 .text.TIM_BDTRConfig
                0x08004bbc       0x50 ..\obj\stm32f4xx_tim.o
                0x08004bbc                TIM_BDTRConfig
 .text.TIM_CtrlPWMOutputs
                0x08004c0c       0x50 ..\obj\stm32f4xx_tim.o
                0x08004c0c                TIM_CtrlPWMOutputs
 .text.TIM_ClearITPendingBit
                0x08004c5c       0x24 ..\obj\stm32f4xx_tim.o
                0x08004c5c                TIM_ClearITPendingBit
 .text.usart1_init
                0x08004c80       0xbc ..\obj\usart.o
                0x08004c80                usart1_init
 .text.usart2_init
                0x08004d3c       0xc0 ..\obj\usart.o
                0x08004d3c                usart2_init
 .text.usatr2_tx_enable
                0x08004dfc       0x18 ..\obj\usart.o
                0x08004dfc                usatr2_tx_enable
 .text.usatr2_tx_disable
                0x08004e14       0x18 ..\obj\usart.o
                0x08004e14                usatr2_tx_disable
 .text.usart1_check_RX
                0x08004e2c       0x28 ..\obj\usart.o
                0x08004e2c                usart1_check_RX
 .text.usart2_check_RX
                0x08004e54       0x28 ..\obj\usart.o
                0x08004e54                usart2_check_RX
 .text.usart1_get_byte
                0x08004e7c       0x80 ..\obj\usart.o
                0x08004e7c                usart1_get_byte
 .text.usart2_get_byte
                0x08004efc       0x80 ..\obj\usart.o
                0x08004efc                usart2_get_byte
 .text.usart1_put_byte
                0x08004f7c       0x8c ..\obj\usart.o
                0x08004f7c                usart1_put_byte
 .text.USART1_IRQHandler
                0x08005008      0x160 ..\obj\usart.o
                0x08005008                USART1_IRQHandler
 .text.USART2_IRQHandler
                0x08005168      0x1a0 ..\obj\usart.o
                0x08005168                USART2_IRQHandler
 *(.glue_7t)
 .glue_7t       0x00000000        0x0 linker stubs
 *(.glue_7)
 .glue_7        0x00000000        0x0 linker stubs
 *(.rodata .rodata* .gnu.linkonce.r.*)

.vfp11_veneer   0x08005308        0x0
 .vfp11_veneer  0x00000000        0x0 linker stubs

.v4_bx          0x08005308        0x0
 .v4_bx         0x00000000        0x0 linker stubs

.iplt           0x08005308        0x0
 .iplt          0x00000000        0x0 ..\obj\stm32f4xx_syscfg.o

.rel.dyn        0x08005308        0x0
 .rel.iplt      0x00000000        0x0 ..\obj\stm32f4xx_syscfg.o

.ARM.extab
 *(.ARM.extab* .gnu.linkonce.armextab.*)
                0x08005308                __exidx_start = .

.ARM.exidx
 *(.ARM.exidx* .gnu.linkonce.armexidx.*)
                0x08005308                __exidx_end = .
                0x08005308                . = ALIGN (0x4)
                0x08005308                _etext = .
                0x08005308                _sidata = .

.data           0x20000000       0x28 load address 0x08005308
                0x20000000                _sdata = .
 *(.data .data.*)
 .data          0x20000000        0x4 ..\obj\timer.o
 .data          0x20000004       0x10 ..\obj\stm32f4xx_rcc.o
 .data          0x20000014       0x14 ..\obj\system_stm32f4xx.o
                0x20000014                SystemCoreClock
                0x20000018                AHBPrescTable
                0x20000028                . = ALIGN (0x4)
                0x20000028                _edata = .

.igot.plt       0x20000028        0x0 load address 0x08005330
 .igot.plt      0x00000000        0x0 ..\obj\stm32f4xx_syscfg.o

.bss            0x20000028     0x31d0 load address 0x08005330
                0x20000028                _sbss = .
 *(.bss .bss.*)
 .bss           0x20000028        0x1 ..\obj\logic.o
 .bss           0x20000029        0x1 ..\obj\timer.o
 *fill*         0x2000002a        0x2 00
 .bss           0x2000002c        0x8 ..\obj\simple_comm.o
 .bss           0x20000034       0x1c ..\obj\int_comm.o
 *(COMMON)
 COMMON         0x20000050     0x31a8 ..\obj\main.o
                0x20000050                logic_data
                0x20000084                USART2_Datas
                0x20000890                ADC_Measurements
                0x200008b0                icomm_data
                0x200008b4                Diagnostic_Data
                0x20002950                TIM_Sys_Flags
                0x20002958                ADC_Datas
                0x200029d8                TIM_PWM_Data
                0x200029ec                USART1_Datas
                0x200031f8                . = ALIGN (0x4)
                0x200031f8                _ebss = .

.co_stack       0x200031f8      0x800 load address 0x08008500
                0x200031f8                . = ALIGN (0x8)
 *(.co_stack .co_stack.*)
 .co_stack      0x200031f8      0x800 ..\obj\startup_stm32f4xx.o
                0x200031f8                pulStack
                0x200039f8                . = ALIGN (0x4)
                0x200039f8                _end = .
LOAD ..\obj\stm32f4xx_syscfg.o
LOAD ..\obj\logic.o
LOAD ..\obj\timer.o
LOAD ..\obj\stm32f4xx_usart.o
LOAD ..\obj\config.o
LOAD ..\obj\startup_stm32f4xx.o
LOAD ..\obj\stm32f4xx_iwdg.o
LOAD ..\obj\main.o
LOAD ..\obj\simple_comm.o
LOAD ..\obj\stm32f4xx_rcc.o
LOAD ..\obj\stm32f4xx_adc.o
LOAD ..\obj\gpio.o
LOAD ..\obj\stm32f4xx_gpio.o
LOAD ..\obj\stm32f4xx_flash.o
LOAD ..\obj\system_stm32f4xx.o
LOAD ..\obj\syscalls.o
LOAD ..\obj\stm32f4xx_dma.o
LOAD ..\obj\adc.o
LOAD ..\obj\stm32f4xx_spi.o
LOAD ..\obj\misc.o
LOAD ..\obj\int_comm.o
LOAD ..\obj\diagnostic.o
LOAD ..\obj\stm32f4xx_tim.o
LOAD ..\obj\usart.o
LOAD c:/program files (x86)/gnu tools arm embedded/4.7 2013q2/bin/../lib/gcc/arm-none-eabi/4.7.4/../../../../arm-none-eabi/lib/armv7e-m\libm.a
LOAD c:/program files (x86)/gnu tools arm embedded/4.7 2013q2/bin/../lib/gcc/arm-none-eabi/4.7.4/armv7e-m\libgcc.a
LOAD c:/program files (x86)/gnu tools arm embedded/4.7 2013q2/bin/../lib/gcc/arm-none-eabi/4.7.4/../../../../arm-none-eabi/lib/armv7e-m\libc.a
START GROUP
LOAD c:/program files (x86)/gnu tools arm embedded/4.7 2013q2/bin/../lib/gcc/arm-none-eabi/4.7.4/armv7e-m\libgcc.a
LOAD c:/program files (x86)/gnu tools arm embedded/4.7 2013q2/bin/../lib/gcc/arm-none-eabi/4.7.4/../../../../arm-none-eabi/lib/armv7e-m\libg.a
LOAD c:/program files (x86)/gnu tools arm embedded/4.7 2013q2/bin/../lib/gcc/arm-none-eabi/4.7.4/../../../../arm-none-eabi/lib/armv7e-m\libc.a
END GROUP
OUTPUT(Wireless Charger Inverter_Flash.elf elf32-littlearm)

.debug_info     0x00000000     0xafdc
 .debug_info    0x00000000      0x66f ..\obj\logic.o
 .debug_info    0x0000066f     0x11d7 ..\obj\timer.o
 .debug_info    0x00001846      0xa65 ..\obj\stm32f4xx_usart.o
 .debug_info    0x000022ab      0x3b0 ..\obj\config.o
 .debug_info    0x0000265b      0x103 ..\obj\startup_stm32f4xx.o
 .debug_info    0x0000275e      0x7f7 ..\obj\main.o
 .debug_info    0x00002f55      0x728 ..\obj\simple_comm.o
 .debug_info    0x0000367d      0xd49 ..\obj\stm32f4xx_rcc.o
 .debug_info    0x000043c6      0xd14 ..\obj\stm32f4xx_adc.o
 .debug_info    0x000050da      0x29e ..\obj\gpio.o
 .debug_info    0x00005378      0x640 ..\obj\stm32f4xx_gpio.o
 .debug_info    0x000059b8      0x5f5 ..\obj\system_stm32f4xx.o
 .debug_info    0x00005fad      0x7af ..\obj\stm32f4xx_dma.o
 .debug_info    0x0000675c      0x65a ..\obj\adc.o
 .debug_info    0x00006db6      0xbde ..\obj\stm32f4xx_spi.o
 .debug_info    0x00007994      0x592 ..\obj\misc.o
 .debug_info    0x00007f26      0x679 ..\obj\int_comm.o
 .debug_info    0x0000859f      0x5e1 ..\obj\diagnostic.o
 .debug_info    0x00008b80     0x1e7d ..\obj\stm32f4xx_tim.o
 .debug_info    0x0000a9fd      0x5df ..\obj\usart.o

.debug_abbrev   0x00000000     0x1c0c
 .debug_abbrev  0x00000000      0x1ca ..\obj\logic.o
 .debug_abbrev  0x000001ca      0x240 ..\obj\timer.o
 .debug_abbrev  0x0000040a      0x157 ..\obj\stm32f4xx_usart.o
 .debug_abbrev  0x00000561       0xde ..\obj\config.o
 .debug_abbrev  0x0000063f       0xb2 ..\obj\startup_stm32f4xx.o
 .debug_abbrev  0x000006f1       0xe9 ..\obj\main.o
 .debug_abbrev  0x000007da      0x19b ..\obj\simple_comm.o
 .debug_abbrev  0x00000975      0x1e5 ..\obj\stm32f4xx_rcc.o
 .debug_abbrev  0x00000b5a      0x198 ..\obj\stm32f4xx_adc.o
 .debug_abbrev  0x00000cf2       0xf4 ..\obj\gpio.o
 .debug_abbrev  0x00000de6      0x1a5 ..\obj\stm32f4xx_gpio.o
 .debug_abbrev  0x00000f8b      0x138 ..\obj\system_stm32f4xx.o
 .debug_abbrev  0x000010c3      0x157 ..\obj\stm32f4xx_dma.o
 .debug_abbrev  0x0000121a      0x180 ..\obj\adc.o
 .debug_abbrev  0x0000139a      0x169 ..\obj\stm32f4xx_spi.o
 .debug_abbrev  0x00001503      0x129 ..\obj\misc.o
 .debug_abbrev  0x0000162c      0x190 ..\obj\int_comm.o
 .debug_abbrev  0x000017bc      0x10e ..\obj\diagnostic.o
 .debug_abbrev  0x000018ca      0x189 ..\obj\stm32f4xx_tim.o
 .debug_abbrev  0x00001a53      0x1b9 ..\obj\usart.o

.debug_loc      0x00000000     0x469a
 .debug_loc     0x00000000      0x270 ..\obj\logic.o
 .debug_loc     0x00000270      0x2bc ..\obj\timer.o
 .debug_loc     0x0000052c      0x658 ..\obj\stm32f4xx_usart.o
 .debug_loc     0x00000b84       0x90 ..\obj\config.o
 .debug_loc     0x00000c14       0x64 ..\obj\startup_stm32f4xx.o
 .debug_loc     0x00000c78       0x2c ..\obj\main.o
 .debug_loc     0x00000ca4       0xa8 ..\obj\simple_comm.o
 .debug_loc     0x00000d4c      0x97c ..\obj\stm32f4xx_rcc.o
 .debug_loc     0x000016c8      0x838 ..\obj\stm32f4xx_adc.o
 .debug_loc     0x00001f00       0x38 ..\obj\gpio.o
 .debug_loc     0x00001f38      0x310 ..\obj\stm32f4xx_gpio.o
 .debug_loc     0x00002248       0x9c ..\obj\system_stm32f4xx.o
 .debug_loc     0x000022e4      0x428 ..\obj\stm32f4xx_dma.o
 .debug_loc     0x0000270c      0x12e ..\obj\adc.o
 .debug_loc     0x0000283a      0x578 ..\obj\stm32f4xx_spi.o
 .debug_loc     0x00002db2      0x118 ..\obj\misc.o
 .debug_loc     0x00002eca       0x90 ..\obj\int_comm.o
 .debug_loc     0x00002f5a       0xe8 ..\obj\diagnostic.o
 .debug_loc     0x00003042     0x1420 ..\obj\stm32f4xx_tim.o
 .debug_loc     0x00004462      0x238 ..\obj\usart.o

.debug_aranges  0x00000000      0xc30
 .debug_aranges
                0x00000000       0x78 ..\obj\logic.o
 .debug_aranges
                0x00000078       0x88 ..\obj\timer.o
 .debug_aranges
                0x00000100      0x100 ..\obj\stm32f4xx_usart.o
 .debug_aranges
                0x00000200       0x30 ..\obj\config.o
 .debug_aranges
                0x00000230       0x28 ..\obj\startup_stm32f4xx.o
 .debug_aranges
                0x00000258       0x20 ..\obj\main.o
 .debug_aranges
                0x00000278       0x30 ..\obj\simple_comm.o
 .debug_aranges
                0x000002a8      0x178 ..\obj\stm32f4xx_rcc.o
 .debug_aranges
                0x00000420      0x148 ..\obj\stm32f4xx_adc.o
 .debug_aranges
                0x00000568       0x20 ..\obj\gpio.o
 .debug_aranges
                0x00000588       0x88 ..\obj\stm32f4xx_gpio.o
 .debug_aranges
                0x00000610       0x30 ..\obj\system_stm32f4xx.o
 .debug_aranges
                0x00000640       0xb0 ..\obj\stm32f4xx_dma.o
 .debug_aranges
                0x000006f0       0x48 ..\obj\adc.o
 .debug_aranges
                0x00000738       0xe0 ..\obj\stm32f4xx_spi.o
 .debug_aranges
                0x00000818       0x40 ..\obj\misc.o
 .debug_aranges
                0x00000858       0x30 ..\obj\int_comm.o
 .debug_aranges
                0x00000888       0x40 ..\obj\diagnostic.o
 .debug_aranges
                0x000008c8      0x2f8 ..\obj\stm32f4xx_tim.o
 .debug_aranges
                0x00000bc0       0x70 ..\obj\usart.o

.debug_ranges   0x00000000      0xb08
 .debug_ranges  0x00000000       0x68 ..\obj\logic.o
 .debug_ranges  0x00000068       0x78 ..\obj\timer.o
 .debug_ranges  0x000000e0       0xf0 ..\obj\stm32f4xx_usart.o
 .debug_ranges  0x000001d0       0x20 ..\obj\config.o
 .debug_ranges  0x000001f0       0x18 ..\obj\startup_stm32f4xx.o
 .debug_ranges  0x00000208       0x10 ..\obj\main.o
 .debug_ranges  0x00000218       0x38 ..\obj\simple_comm.o
 .debug_ranges  0x00000250      0x168 ..\obj\stm32f4xx_rcc.o
 .debug_ranges  0x000003b8      0x138 ..\obj\stm32f4xx_adc.o
 .debug_ranges  0x000004f0       0x10 ..\obj\gpio.o
 .debug_ranges  0x00000500       0x78 ..\obj\stm32f4xx_gpio.o
 .debug_ranges  0x00000578       0x20 ..\obj\system_stm32f4xx.o
 .debug_ranges  0x00000598       0xa0 ..\obj\stm32f4xx_dma.o
 .debug_ranges  0x00000638       0x38 ..\obj\adc.o
 .debug_ranges  0x00000670       0xd0 ..\obj\stm32f4xx_spi.o
 .debug_ranges  0x00000740       0x30 ..\obj\misc.o
 .debug_ranges  0x00000770       0x20 ..\obj\int_comm.o
 .debug_ranges  0x00000790       0x30 ..\obj\diagnostic.o
 .debug_ranges  0x000007c0      0x2e8 ..\obj\stm32f4xx_tim.o
 .debug_ranges  0x00000aa8       0x60 ..\obj\usart.o

.debug_line     0x00000000     0x4556
 .debug_line    0x00000000      0x37c ..\obj\logic.o
 .debug_line    0x0000037c      0x3f6 ..\obj\timer.o
 .debug_line    0x00000772      0x48f ..\obj\stm32f4xx_usart.o
 .debug_line    0x00000c01      0x204 ..\obj\config.o
 .debug_line    0x00000e05       0xa8 ..\obj\startup_stm32f4xx.o
 .debug_line    0x00000ead      0x210 ..\obj\main.o
 .debug_line    0x000010bd      0x2ab ..\obj\simple_comm.o
 .debug_line    0x00001368      0x586 ..\obj\stm32f4xx_rcc.o
 .debug_line    0x000018ee      0x53f ..\obj\stm32f4xx_adc.o
 .debug_line    0x00001e2d      0x239 ..\obj\gpio.o
 .debug_line    0x00002066      0x32a ..\obj\stm32f4xx_gpio.o
 .debug_line    0x00002390      0x1c8 ..\obj\system_stm32f4xx.o
 .debug_line    0x00002558      0x3c7 ..\obj\stm32f4xx_dma.o
 .debug_line    0x0000291f      0x2a9 ..\obj\adc.o
 .debug_line    0x00002bc8      0x43e ..\obj\stm32f4xx_spi.o
 .debug_line    0x00003006      0x230 ..\obj\misc.o
 .debug_line    0x00003236      0x2b0 ..\obj\int_comm.o
 .debug_line    0x000034e6      0x328 ..\obj\diagnostic.o
 .debug_line    0x0000380e      0xa64 ..\obj\stm32f4xx_tim.o
 .debug_line    0x00004272      0x2e4 ..\obj\usart.o

.debug_str      0x00000000     0x3b43
 .debug_str     0x00000000      0x39a ..\obj\logic.o
                                0x3fc (size before relaxing)
 .debug_str     0x0000039a      0xb5d ..\obj\timer.o
                                0xd6f (size before relaxing)
 .debug_str     0x00000ef7      0x4b9 ..\obj\stm32f4xx_usart.o
                                0x638 (size before relaxing)
 .debug_str     0x000013b0       0xf2 ..\obj\config.o
                                0x718 (size before relaxing)
 .debug_str     0x000014a2       0xb6 ..\obj\startup_stm32f4xx.o
                                0x11a (size before relaxing)
 .debug_str     0x00001558      0x163 ..\obj\main.o
                                0x4d9 (size before relaxing)
 .debug_str     0x000016bb       0x85 ..\obj\simple_comm.o
                                0x49d (size before relaxing)
 .debug_str     0x00001740      0x5e9 ..\obj\stm32f4xx_rcc.o
                                0x7f9 (size before relaxing)
 .debug_str     0x00001d29      0x640 ..\obj\stm32f4xx_adc.o
                                0x7ad (size before relaxing)
 .debug_str     0x00002369      0x1a6 ..\obj\gpio.o
                                0x2e4 (size before relaxing)
 .debug_str     0x0000250f      0x18b ..\obj\stm32f4xx_gpio.o
                                0x44c (size before relaxing)
 .debug_str     0x0000269a       0xba ..\obj\system_stm32f4xx.o
                                0x353 (size before relaxing)
 .debug_str     0x00002754      0x368 ..\obj\stm32f4xx_dma.o
                                0x4f5 (size before relaxing)
 .debug_str     0x00002abc       0xe1 ..\obj\adc.o
                                0x4eb (size before relaxing)
 .debug_str     0x00002b9d      0x2f6 ..\obj\stm32f4xx_spi.o
                                0x633 (size before relaxing)
 .debug_str     0x00002e93      0x112 ..\obj\misc.o
                                0x382 (size before relaxing)
 .debug_str     0x00002fa5       0x84 ..\obj\int_comm.o
                                0x3f7 (size before relaxing)
 .debug_str     0x00003029       0x95 ..\obj\diagnostic.o
                                0x3b1 (size before relaxing)
 .debug_str     0x000030be      0x984 ..\obj\stm32f4xx_tim.o
                                0xd79 (size before relaxing)
 .debug_str     0x00003a42      0x101 ..\obj\usart.o
                                0x40d (size before relaxing)

.comment        0x00000000       0x70
 .comment       0x00000000       0x70 ..\obj\logic.o
                                 0x71 (size before relaxing)
 .comment       0x00000000       0x71 ..\obj\timer.o
 .comment       0x00000000       0x71 ..\obj\stm32f4xx_usart.o
 .comment       0x00000000       0x71 ..\obj\config.o
 .comment       0x00000000       0x71 ..\obj\startup_stm32f4xx.o
 .comment       0x00000000       0x71 ..\obj\main.o
 .comment       0x00000000       0x71 ..\obj\simple_comm.o
 .comment       0x00000000       0x71 ..\obj\stm32f4xx_rcc.o
 .comment       0x00000000       0x71 ..\obj\stm32f4xx_adc.o
 .comment       0x00000000       0x71 ..\obj\gpio.o
 .comment       0x00000000       0x71 ..\obj\stm32f4xx_gpio.o
 .comment       0x00000000       0x71 ..\obj\system_stm32f4xx.o
 .comment       0x00000000       0x71 ..\obj\stm32f4xx_dma.o
 .comment       0x00000000       0x71 ..\obj\adc.o
 .comment       0x00000000       0x71 ..\obj\stm32f4xx_spi.o
 .comment       0x00000000       0x71 ..\obj\misc.o
 .comment       0x00000000       0x71 ..\obj\int_comm.o
 .comment       0x00000000       0x71 ..\obj\diagnostic.o
 .comment       0x00000000       0x71 ..\obj\stm32f4xx_tim.o
 .comment       0x00000000       0x71 ..\obj\usart.o

.ARM.attributes
                0x00000000       0x33
 .ARM.attributes
                0x00000000       0x33 ..\obj\logic.o
 .ARM.attributes
                0x00000033       0x33 ..\obj\timer.o
 .ARM.attributes
                0x00000066       0x33 ..\obj\stm32f4xx_usart.o
 .ARM.attributes
                0x00000099       0x33 ..\obj\config.o
 .ARM.attributes
                0x000000cc       0x33 ..\obj\startup_stm32f4xx.o
 .ARM.attributes
                0x000000ff       0x33 ..\obj\main.o
 .ARM.attributes
                0x00000132       0x33 ..\obj\simple_comm.o
 .ARM.attributes
                0x00000165       0x33 ..\obj\stm32f4xx_rcc.o
 .ARM.attributes
                0x00000198       0x33 ..\obj\stm32f4xx_adc.o
 .ARM.attributes
                0x000001cb       0x33 ..\obj\gpio.o
 .ARM.attributes
                0x000001fe       0x33 ..\obj\stm32f4xx_gpio.o
 .ARM.attributes
                0x00000231       0x33 ..\obj\system_stm32f4xx.o
 .ARM.attributes
                0x00000264       0x33 ..\obj\stm32f4xx_dma.o
 .ARM.attributes
                0x00000297       0x33 ..\obj\adc.o
 .ARM.attributes
                0x000002ca       0x33 ..\obj\stm32f4xx_spi.o
 .ARM.attributes
                0x000002fd       0x33 ..\obj\misc.o
 .ARM.attributes
                0x00000330       0x33 ..\obj\int_comm.o
 .ARM.attributes
                0x00000363       0x33 ..\obj\diagnostic.o
 .ARM.attributes
                0x00000396       0x33 ..\obj\stm32f4xx_tim.o
 .ARM.attributes
                0x000003c9       0x33 ..\obj\usart.o

.debug_frame    0x00000000     0x25bc
 .debug_frame   0x00000000      0x178 ..\obj\logic.o
 .debug_frame   0x00000178      0x1b0 ..\obj\timer.o
 .debug_frame   0x00000328      0x344 ..\obj\stm32f4xx_usart.o
 .debug_frame   0x0000066c       0x68 ..\obj\config.o
 .debug_frame   0x000006d4       0x48 ..\obj\startup_stm32f4xx.o
 .debug_frame   0x0000071c       0x2c ..\obj\main.o
 .debug_frame   0x00000748       0x70 ..\obj\simple_comm.o
 .debug_frame   0x000007b8      0x4d8 ..\obj\stm32f4xx_rcc.o
 .debug_frame   0x00000c90      0x434 ..\obj\stm32f4xx_adc.o
 .debug_frame   0x000010c4       0x30 ..\obj\gpio.o
 .debug_frame   0x000010f4      0x19c ..\obj\stm32f4xx_gpio.o
 .debug_frame   0x00001290       0x64 ..\obj\system_stm32f4xx.o
 .debug_frame   0x000012f4      0x224 ..\obj\stm32f4xx_dma.o
 .debug_frame   0x00001518       0xbc ..\obj\adc.o
 .debug_frame   0x000015d4      0x2d0 ..\obj\stm32f4xx_spi.o
 .debug_frame   0x000018a4       0x9c ..\obj\misc.o
 .debug_frame   0x00001940       0x64 ..\obj\int_comm.o
 .debug_frame   0x000019a4       0x90 ..\obj\diagnostic.o
 .debug_frame   0x00001a34      0xa3c ..\obj\stm32f4xx_tim.o
 .debug_frame   0x00002470      0x14c ..\obj\usart.o
