Archive member included because of file (symbol)

c:/program files (x86)/gnu tools arm embedded/4.7 2013q2/bin/../lib/gcc/arm-none-eabi/4.7.4/../../../../arm-none-eabi/lib/armv7e-m\libm.a(lib_a-s_atan.o)
                              ..\obj\timer.o (atan)
c:/program files (x86)/gnu tools arm embedded/4.7 2013q2/bin/../lib/gcc/arm-none-eabi/4.7.4/../../../../arm-none-eabi/lib/armv7e-m\libm.a(lib_a-s_cos.o)
                              ..\obj\timer.o (cos)
c:/program files (x86)/gnu tools arm embedded/4.7 2013q2/bin/../lib/gcc/arm-none-eabi/4.7.4/../../../../arm-none-eabi/lib/armv7e-m\libm.a(lib_a-s_fabs.o)
                              c:/program files (x86)/gnu tools arm embedded/4.7 2013q2/bin/../lib/gcc/arm-none-eabi/4.7.4/../../../../arm-none-eabi/lib/armv7e-m\libm.a(lib_a-s_atan.o) (fabs)
c:/program files (x86)/gnu tools arm embedded/4.7 2013q2/bin/../lib/gcc/arm-none-eabi/4.7.4/../../../../arm-none-eabi/lib/armv7e-m\libm.a(lib_a-s_sin.o)
                              ..\obj\timer.o (sin)
c:/program files (x86)/gnu tools arm embedded/4.7 2013q2/bin/../lib/gcc/arm-none-eabi/4.7.4/../../../../arm-none-eabi/lib/armv7e-m\libm.a(lib_a-w_sqrt.o)
                              ..\obj\timer.o (sqrt)
c:/program files (x86)/gnu tools arm embedded/4.7 2013q2/bin/../lib/gcc/arm-none-eabi/4.7.4/../../../../arm-none-eabi/lib/armv7e-m\libm.a(lib_a-e_rem_pio2.o)
                              c:/program files (x86)/gnu tools arm embedded/4.7 2013q2/bin/../lib/gcc/arm-none-eabi/4.7.4/../../../../arm-none-eabi/lib/armv7e-m\libm.a(lib_a-s_cos.o) (__ieee754_rem_pio2)
c:/program files (x86)/gnu tools arm embedded/4.7 2013q2/bin/../lib/gcc/arm-none-eabi/4.7.4/../../../../arm-none-eabi/lib/armv7e-m\libm.a(lib_a-e_sqrt.o)
                              c:/program files (x86)/gnu tools arm embedded/4.7 2013q2/bin/../lib/gcc/arm-none-eabi/4.7.4/../../../../arm-none-eabi/lib/armv7e-m\libm.a(lib_a-w_sqrt.o) (__ieee754_sqrt)
c:/program files (x86)/gnu tools arm embedded/4.7 2013q2/bin/../lib/gcc/arm-none-eabi/4.7.4/../../../../arm-none-eabi/lib/armv7e-m\libm.a(lib_a-k_cos.o)
                              c:/program files (x86)/gnu tools arm embedded/4.7 2013q2/bin/../lib/gcc/arm-none-eabi/4.7.4/../../../../arm-none-eabi/lib/armv7e-m\libm.a(lib_a-s_cos.o) (__kernel_cos)
c:/program files (x86)/gnu tools arm embedded/4.7 2013q2/bin/../lib/gcc/arm-none-eabi/4.7.4/../../../../arm-none-eabi/lib/armv7e-m\libm.a(lib_a-k_rem_pio2.o)
                              c:/program files (x86)/gnu tools arm embedded/4.7 2013q2/bin/../lib/gcc/arm-none-eabi/4.7.4/../../../../arm-none-eabi/lib/armv7e-m\libm.a(lib_a-e_rem_pio2.o) (__kernel_rem_pio2)
c:/program files (x86)/gnu tools arm embedded/4.7 2013q2/bin/../lib/gcc/arm-none-eabi/4.7.4/../../../../arm-none-eabi/lib/armv7e-m\libm.a(lib_a-k_sin.o)
                              c:/program files (x86)/gnu tools arm embedded/4.7 2013q2/bin/../lib/gcc/arm-none-eabi/4.7.4/../../../../arm-none-eabi/lib/armv7e-m\libm.a(lib_a-s_cos.o) (__kernel_sin)
c:/program files (x86)/gnu tools arm embedded/4.7 2013q2/bin/../lib/gcc/arm-none-eabi/4.7.4/../../../../arm-none-eabi/lib/armv7e-m\libm.a(lib_a-s_floor.o)
                              c:/program files (x86)/gnu tools arm embedded/4.7 2013q2/bin/../lib/gcc/arm-none-eabi/4.7.4/../../../../arm-none-eabi/lib/armv7e-m\libm.a(lib_a-k_rem_pio2.o) (floor)
c:/program files (x86)/gnu tools arm embedded/4.7 2013q2/bin/../lib/gcc/arm-none-eabi/4.7.4/../../../../arm-none-eabi/lib/armv7e-m\libm.a(lib_a-s_fpclassify.o)
                              c:/program files (x86)/gnu tools arm embedded/4.7 2013q2/bin/../lib/gcc/arm-none-eabi/4.7.4/../../../../arm-none-eabi/lib/armv7e-m\libm.a(lib_a-w_sqrt.o) (__fpclassifyd)
c:/program files (x86)/gnu tools arm embedded/4.7 2013q2/bin/../lib/gcc/arm-none-eabi/4.7.4/../../../../arm-none-eabi/lib/armv7e-m\libm.a(lib_a-s_lib_ver.o)
                              c:/program files (x86)/gnu tools arm embedded/4.7 2013q2/bin/../lib/gcc/arm-none-eabi/4.7.4/../../../../arm-none-eabi/lib/armv7e-m\libm.a(lib_a-w_sqrt.o) (__fdlib_version)
c:/program files (x86)/gnu tools arm embedded/4.7 2013q2/bin/../lib/gcc/arm-none-eabi/4.7.4/../../../../arm-none-eabi/lib/armv7e-m\libm.a(lib_a-s_matherr.o)
                              c:/program files (x86)/gnu tools arm embedded/4.7 2013q2/bin/../lib/gcc/arm-none-eabi/4.7.4/../../../../arm-none-eabi/lib/armv7e-m\libm.a(lib_a-w_sqrt.o) (matherr)
c:/program files (x86)/gnu tools arm embedded/4.7 2013q2/bin/../lib/gcc/arm-none-eabi/4.7.4/../../../../arm-none-eabi/lib/armv7e-m\libm.a(lib_a-s_scalbn.o)
                              c:/program files (x86)/gnu tools arm embedded/4.7 2013q2/bin/../lib/gcc/arm-none-eabi/4.7.4/../../../../arm-none-eabi/lib/armv7e-m\libm.a(lib_a-k_rem_pio2.o) (scalbn)
c:/program files (x86)/gnu tools arm embedded/4.7 2013q2/bin/../lib/gcc/arm-none-eabi/4.7.4/../../../../arm-none-eabi/lib/armv7e-m\libm.a(lib_a-s_copysign.o)
[...]
Memory Configuration

Name             Origin             Length             Attributes
rom              0x08000000         0x00100000         xr
ram              0x20000000         0x00020000         xrw
ram1             0x10000000         0x00010000         xrw
*default*        0x00000000         0xffffffff

Linker script and memory map

                0x20020000                _eram = 0x20020000

.text           0x08000000     0x9e0c
 *(.isr_vector)
 .isr_vector    0x08000000      0x188 ..\obj\startup_stm32f4xx.o
                0x08000000                g_pfnVectors
 *(.text*)
 .text.logic_init
                0x08000188       0x84 ..\obj\logic.o
                0x08000188                logic_init
 .text.logic_set_addr
                0x0800020c      0x110 ..\obj\logic.o
                0x0800020c                logic_set_addr
 .text.logic_set_period
                0x0800031c       0xd4 ..\obj\logic.o
                0x0800031c                logic_set_period
 .text.logic_set_ph1
                0x080003f0       0xc0 ..\obj\logic.o
                0x080003f0                logic_set_ph1
 .text.logic_set_ph2
                0x080004b0       0xc0 ..\obj\logic.o
                0x080004b0                logic_set_ph2
 .text.logic_set_out
                0x08000570       0x14 ..\obj\logic.o
                0x08000570                logic_set_out
 .text.logic_calc_out
                0x08000584      0x138 ..\obj\logic.o
                0x08000584                logic_calc_out
 .text.logic_read_flags
                0x080006bc       0xe4 ..\obj\logic.o
                0x080006bc                logic_read_flags
 .text.logic_read_measurement
                0x080007a0       0xd8 ..\obj\logic.o
                0x080007a0                logic_read_measurement
 .text.logic_reset
                0x08000878       0x28 ..\obj\logic.o
                0x08000878                logic_reset
 .text.logic_check_fault
                0x080008a0       0x34 ..\obj\logic.o
                0x080008a0                logic_check_fault
 .text.logic_routine
                0x080008d4       0xf4 ..\obj\logic.o
                0x080008d4                logic_routine
 .text.NVIC_SetPriority
                0x080009c8       0x5c ..\obj\timer.o
 .text.SysTick_Config
                0x08000a24       0x64 ..\obj\timer.o
 .text.timer_pwm_init
                0x08000a88      0x12c ..\obj\timer.o
                0x08000a88                timer_pwm_init
 .text.timer_pwm_freq_inc
                0x08000bb4       0xa4 ..\obj\timer.o
                0x08000bb4                timer_pwm_freq_inc
 .text.timer_pwm_freq_dec
                0x08000c58       0xa4 ..\obj\timer.o
                0x08000c58                timer_pwm_freq_dec
 .text.timer_pwm_phase_inc
                0x08000cfc       0xa8 ..\obj\timer.o
                0x08000cfc                timer_pwm_phase_inc
 .text.timer_pwm_phase_dec
                0x08000da4       0x94 ..\obj\timer.o
                0x08000da4                timer_pwm_phase_dec
 .text.timer_check_faults
                0x08000e38       0x30 ..\obj\timer.o
                0x08000e38                timer_check_faults
 .text.timer_routine
                0x08000e68      0x398 ..\obj\timer.o
                0x08000e68                timer_routine
 .text.TIM1_UP_TIM10_IRQHandler
                0x08001200       0x18 ..\obj\timer.o
                0x08001200                TIM1_UP_TIM10_IRQHandler
 .text.TIM8_UP_TIM13_IRQHandler
                0x08001218       0x18 ..\obj\timer.o
                0x08001218                TIM8_UP_TIM13_IRQHandler
 .text.DMA2_Stream0_IRQHandler
                0x08001230       0x50 ..\obj\timer.o
                0x08001230                DMA2_Stream0_IRQHandler
 .text.TimerSys_init
                0x08001280       0x28 ..\obj\timer.o
                0x08001280                TimerSys_init
 .text.phasor_sum_magnitude_control
                0x080012a8      0x268 ..\obj\timer.o
                0x080012a8                phasor_sum_magnitude_control
 .text.phasor_sum_phase_control
                0x08001510      0x4a0 ..\obj\timer.o
                0x08001510                phasor_sum_phase_control
 .text.phasor_sum_magnitude
                0x080019b0      0x258 ..\obj\timer.o
                0x080019b0                phasor_sum_magnitude
 .text.phasor_sum_phase
                0x08001c08      0x490 ..\obj\timer.o
                0x08001c08                phasor_sum_phase
 .text.SysTick_Handler
                0x08002098      0x5a0 ..\obj\timer.o
                0x08002098                SysTick_Handler
 .text.USART_Init
                0x08002638      0x1ac ..\obj\stm32f4xx_usart.o
                0x08002638                USART_Init
 .text.USART_Cmd
                0x080027e4       0x40 ..\obj\stm32f4xx_usart.o
                0x080027e4                USART_Cmd
 .text.USART_SendData
                0x08002824       0x28 ..\obj\stm32f4xx_usart.o
                0x08002824                USART_SendData
 .text.USART_ITConfig
                0x0800284c       0xa4 ..\obj\stm32f4xx_usart.o
                0x0800284c                USART_ITConfig
 .text.USART_GetITStatus
                0x080028f0       0xc4 ..\obj\stm32f4xx_usart.o
                0x080028f0                USART_GetITStatus
 .text.RCC_Configuration
                0x080029b4       0x34 ..\obj\config.o
                0x080029b4                RCC_Configuration
 .text.NVIC_Configuration
                0x080029e8       0x88 ..\obj\config.o
                0x080029e8                NVIC_Configuration
 .text.Default_Reset_Handler
                0x08002a70       0x70 ..\obj\startup_stm32f4xx.o
                0x08002a70                Default_Reset_Handler
                0x08002a70                Reset_Handler
 .text.Default_Handler
                0x08002ae0        0x8 ..\obj\startup_stm32f4xx.o
                0x08002ae0                RTC_Alarm_IRQHandler
                0x08002ae0                HASH_RNG_IRQHandler
                0x08002ae0                EXTI2_IRQHandler
                0x08002ae0                TIM8_CC_IRQHandler
                0x08002ae0                DebugMon_Handler
                0x08002ae0                TIM1_CC_IRQHandler
                0x08002ae0                DMA2_Stream5_IRQHandler
                0x08002ae0                HardFault_Handler
                0x08002ae0                DMA1_Stream5_IRQHandler
                0x08002ae0                PVD_IRQHandler
                0x08002ae0                SDIO_IRQHandler
                0x08002ae0                TAMP_STAMP_IRQHandler
                0x08002ae0                PendSV_Handler
                0x08002ae0                NMI_Handler
                0x08002ae0                CAN2_RX1_IRQHandler
                0x08002ae0                EXTI3_IRQHandler
                0x08002ae0                TIM8_TRG_COM_TIM14_IRQHandler
                0x08002ae0                I2C3_ER_IRQHandler
                0x08002ae0                EXTI0_IRQHandler
                0x08002ae0                I2C2_EV_IRQHandler
                0x08002ae0                DMA1_Stream2_IRQHandler
                0x08002ae0                CAN1_RX0_IRQHandler
                0x08002ae0                FPU_IRQHandler
                0x08002ae0                OTG_HS_WKUP_IRQHandler
                0x08002ae0                UsageFault_Handler
                0x08002ae0                CAN2_SCE_IRQHandler
                0x08002ae0                DMA2_Stream2_IRQHandler
                0x08002ae0                SPI1_IRQHandler
                0x08002ae0                TIM6_DAC_IRQHandler
                0x08002ae0                TIM1_BRK_TIM9_IRQHandler
                0x08002ae0                DCMI_IRQHandler
                0x08002ae0                CAN2_RX0_IRQHandler
                0x08002ae0                DMA2_Stream3_IRQHandler
                0x08002ae0                USART6_IRQHandler
                0x08002ae0                USART3_IRQHandler
                0x08002ae0                CRYP_IRQHandler
                0x08002ae0                CAN1_RX1_IRQHandler
                0x08002ae0                UART5_IRQHandler
                0x08002ae0                TIM4_IRQHandler
                0x08002ae0                I2C1_EV_IRQHandler
                0x08002ae0                DMA1_Stream6_IRQHandler
                0x08002ae0                DMA1_Stream1_IRQHandler
                0x08002ae0                UART4_IRQHandler
                0x08002ae0                TIM3_IRQHandler
                0x08002ae0                RCC_IRQHandler
                0x08002ae0                TIM8_BRK_TIM12_IRQHandler
                0x08002ae0                EXTI15_10_IRQHandler
                0x08002ae0                ADC_IRQHandler
                0x08002ae0                DMA1_Stream7_IRQHandler
                0x08002ae0                TIM7_IRQHandler
                0x08002ae0                CAN2_TX_IRQHandler
                0x08002ae0                TIM5_IRQHandler
                0x08002ae0                DMA2_Stream7_IRQHandler
                0x08002ae0                I2C3_EV_IRQHandler
                0x08002ae0                EXTI9_5_IRQHandler
                0x08002ae0                RTC_WKUP_IRQHandler
                0x08002ae0                ETH_WKUP_IRQHandler
                0x08002ae0                SPI2_IRQHandler
                0x08002ae0                OTG_HS_EP1_IN_IRQHandler
                0x08002ae0                MemManage_Handler
                0x08002ae0                DMA1_Stream0_IRQHandler
                0x08002ae0                CAN1_TX_IRQHandler
                0x08002ae0                SVC_Handler
                0x08002ae0                EXTI4_IRQHandler
                0x08002ae0                FSMC_IRQHandler
                0x08002ae0                ETH_IRQHandler
                0x08002ae0                OTG_HS_EP1_OUT_IRQHandler
                0x08002ae0                WWDG_IRQHandler
                0x08002ae0                TIM2_IRQHandler
                0x08002ae0                OTG_FS_WKUP_IRQHandler
                0x08002ae0                TIM1_TRG_COM_TIM11_IRQHandler
                0x08002ae0                OTG_HS_IRQHandler
                0x08002ae0                EXTI1_IRQHandler
                0x08002ae0                I2C2_ER_IRQHandler
                0x08002ae0                DMA2_Stream1_IRQHandler
                0x08002ae0                CAN1_SCE_IRQHandler
                0x08002ae0                FLASH_IRQHandler
                0x08002ae0                DMA2_Stream4_IRQHandler
                0x08002ae0                BusFault_Handler
                0x08002ae0                OTG_FS_IRQHandler
                0x08002ae0                SPI3_IRQHandler
                0x08002ae0                DMA1_Stream4_IRQHandler
                0x08002ae0                I2C1_ER_IRQHandler
                0x08002ae0                DMA2_Stream6_IRQHandler
                0x08002ae0                DMA1_Stream3_IRQHandler
 .text.main     0x08002ae8       0x9c ..\obj\main.o
                0x08002ae8                main
 .text.simple_comm_routine
                0x08002b84      0x460 ..\obj\simple_comm.o
                0x08002b84                simple_comm_routine
 .text.simple_comm_send_all
                0x08002fe4      0x1c4 ..\obj\simple_comm.o
                0x08002fe4                simple_comm_send_all
 .text.RCC_GetClocksFreq
                0x080031a8      0x1cc ..\obj\stm32f4xx_rcc.o
                0x080031a8                RCC_GetClocksFreq
 .text.RCC_AHB1PeriphClockCmd
                0x08003374       0x54 ..\obj\stm32f4xx_rcc.o
                0x08003374                RCC_AHB1PeriphClockCmd
 .text.RCC_APB1PeriphClockCmd
                0x080033c8       0x54 ..\obj\stm32f4xx_rcc.o
                0x080033c8                RCC_APB1PeriphClockCmd
 .text.RCC_APB2PeriphClockCmd
                0x0800341c       0x54 ..\obj\stm32f4xx_rcc.o
                0x0800341c                RCC_APB2PeriphClockCmd
 .text.RCC_APB1PeriphResetCmd
                0x08003470       0x54 ..\obj\stm32f4xx_rcc.o
                0x08003470                RCC_APB1PeriphResetCmd
 .text.RCC_APB2PeriphResetCmd
                0x080034c4       0x54 ..\obj\stm32f4xx_rcc.o
                0x080034c4                RCC_APB2PeriphResetCmd
 .text.ADC_Init
                0x08003518       0xb8 ..\obj\stm32f4xx_adc.o
                0x08003518                ADC_Init
 .text.ADC_CommonInit
                0x080035d0       0x5c ..\obj\stm32f4xx_adc.o
                0x080035d0                ADC_CommonInit
 .text.ADC_Cmd  0x0800362c       0x38 ..\obj\stm32f4xx_adc.o
                0x0800362c                ADC_Cmd
 .text.ADC_RegularChannelConfig
                0x08003664      0x1bc ..\obj\stm32f4xx_adc.o
                0x08003664                ADC_RegularChannelConfig
 .text.ADC_SoftwareStartConv
                0x08003820       0x20 ..\obj\stm32f4xx_adc.o
                0x08003820                ADC_SoftwareStartConv
 .text.ADC_DMACmd
                0x08003840       0x38 ..\obj\stm32f4xx_adc.o
                0x08003840                ADC_DMACmd
 .text.ADC_DMARequestAfterLastTransferCmd
                0x08003878       0x38 ..\obj\stm32f4xx_adc.o
                0x08003878                ADC_DMARequestAfterLastTransferCmd
 .text.gpio_init
                0x080038b0      0x3a8 ..\obj\gpio.o
                0x080038b0                gpio_init
 .text.GPIO_Init
                0x08003c58      0x144 ..\obj\stm32f4xx_gpio.o
                0x08003c58                GPIO_Init
 .text.GPIO_ReadInputDataBit
                0x08003d9c       0x3c ..\obj\stm32f4xx_gpio.o
                0x08003d9c                GPIO_ReadInputDataBit
 .text.GPIO_SetBits
                0x08003dd8       0x1c ..\obj\stm32f4xx_gpio.o
                0x08003dd8                GPIO_SetBits
 .text.GPIO_ResetBits
                0x08003df4       0x1c ..\obj\stm32f4xx_gpio.o
                0x08003df4                GPIO_ResetBits
 .text.GPIO_PinAFConfig
                0x08003e10       0xa8 ..\obj\stm32f4xx_gpio.o
                0x08003e10                GPIO_PinAFConfig
 .text.SystemInit
                0x08003eb8       0x94 ..\obj\system_stm32f4xx.o
                0x08003eb8                SystemInit
 .text.SetSysClock
                0x08003f4c      0x188 ..\obj\system_stm32f4xx.o
 .text.DMA_Init
                0x080040d4       0xb0 ..\obj\stm32f4xx_dma.o
                0x080040d4                DMA_Init
 .text.DMA_Cmd  0x08004184       0x38 ..\obj\stm32f4xx_dma.o
                0x08004184                DMA_Cmd
 .text.DMA_ITConfig
                0x080041bc       0x74 ..\obj\stm32f4xx_dma.o
                0x080041bc                DMA_ITConfig
 .text.DMA_ClearITPendingBit
                0x08004230       0x60 ..\obj\stm32f4xx_dma.o
                0x08004230                DMA_ClearITPendingBit
 .text.adc1_init
                0x08004290      0x22c ..\obj\adc.o
                0x08004290                adc1_init
 .text.adc1_get_mean
                0x080044bc       0x60 ..\obj\adc.o
                0x080044bc                adc1_get_mean
 .text.adc_get_voltage
                0x0800451c       0x60 ..\obj\adc.o
                0x0800451c                adc_get_voltage
 .text.adc_calc_currents
                0x0800457c       0x88 ..\obj\adc.o
                0x0800457c                adc_calc_currents
 .text.adc_calc_voltages
                0x08004604       0x48 ..\obj\adc.o
                0x08004604                adc_calc_voltages
 .text.adc_calc_temp
                0x0800464c       0x4c ..\obj\adc.o
                0x0800464c                adc_calc_temp
 .text.SPI_I2S_DeInit
                0x08004698       0x88 ..\obj\stm32f4xx_spi.o
                0x08004698                SPI_I2S_DeInit
 .text.SPI_Init
                0x08004720       0x88 ..\obj\stm32f4xx_spi.o
                0x08004720                SPI_Init
 .text.SPI_Cmd  0x080047a8       0x40 ..\obj\stm32f4xx_spi.o
                0x080047a8                SPI_Cmd
 .text.SPI_I2S_ReceiveData
                0x080047e8       0x1c ..\obj\stm32f4xx_spi.o
                0x080047e8                SPI_I2S_ReceiveData
 .text.SPI_I2S_SendData
                0x08004804       0x1c ..\obj\stm32f4xx_spi.o
                0x08004804                SPI_I2S_SendData
 .text.SPI_I2S_GetFlagStatus
                0x08004820       0x40 ..\obj\stm32f4xx_spi.o
                0x08004820                SPI_I2S_GetFlagStatus
 .text.NVIC_PriorityGroupConfig
                0x08004860       0x28 ..\obj\misc.o
                0x08004860                NVIC_PriorityGroupConfig
 .text.NVIC_Init
                0x08004888       0xe4 ..\obj\misc.o
                0x08004888                NVIC_Init
 .text.NVIC_SetVectorTable
                0x0800496c       0x2c ..\obj\misc.o
                0x0800496c                NVIC_SetVectorTable
 .text.icomm_init
                0x08004998       0x44 ..\obj\int_comm.o
                0x08004998                icomm_init
 .text.icomm_tx_routine
                0x080049dc       0xd4 ..\obj\int_comm.o
                0x080049dc                icomm_tx_routine
 .text.icomm_rx_routine
                0x08004ab0      0x5b8 ..\obj\int_comm.o
                0x08004ab0                icomm_rx_routine
 .text.diag_store_data
                0x08005068      0xaac ..\obj\diagnostic.o
                0x08005068                diag_store_data
 .text.diag_reset_data
                0x08005b14      0x378 ..\obj\diagnostic.o
                0x08005b14                diag_reset_data
 .text.diag_get_data
                0x08005e8c      0x3dc ..\obj\diagnostic.o
                0x08005e8c                diag_get_data
 .text.TIM_TimeBaseInit
                0x08006268       0xf4 ..\obj\stm32f4xx_tim.o
                0x08006268                TIM_TimeBaseInit
 .text.TIM_Cmd  0x0800635c       0x40 ..\obj\stm32f4xx_tim.o
                0x0800635c                TIM_Cmd
 .text.TIM_OC3Init
                0x0800639c      0x120 ..\obj\stm32f4xx_tim.o
                0x0800639c                TIM_OC3Init
 .text.TIM_BDTRConfig
                0x080064bc       0x50 ..\obj\stm32f4xx_tim.o
                0x080064bc                TIM_BDTRConfig
 .text.TIM_CtrlPWMOutputs
                0x0800650c       0x50 ..\obj\stm32f4xx_tim.o
                0x0800650c                TIM_CtrlPWMOutputs
 .text.TIM_ClearITPendingBit
                0x0800655c       0x24 ..\obj\stm32f4xx_tim.o
                0x0800655c                TIM_ClearITPendingBit
 .text.usart1_init
                0x08006580       0xbc ..\obj\usart.o
                0x08006580                usart1_init
 .text.usart2_init
                0x0800663c       0xc0 ..\obj\usart.o
                0x0800663c                usart2_init
 .text.usatr2_tx_enable
                0x080066fc       0x18 ..\obj\usart.o
                0x080066fc                usatr2_tx_enable
 .text.usatr2_tx_disable
                0x08006714       0x18 ..\obj\usart.o
                0x08006714                usatr2_tx_disable
 .text.usart1_check_RX
                0x0800672c       0x28 ..\obj\usart.o
                0x0800672c                usart1_check_RX
 .text.usart2_check_RX
                0x08006754       0x28 ..\obj\usart.o
                0x08006754                usart2_check_RX
 .text.usart1_get_byte
                0x0800677c       0x80 ..\obj\usart.o
                0x0800677c                usart1_get_byte
 .text.usart2_get_byte
                0x080067fc       0x80 ..\obj\usart.o
                0x080067fc                usart2_get_byte
 .text.usart1_put_byte
                0x0800687c       0x8c ..\obj\usart.o
                0x0800687c                usart1_put_byte
 .text.USART1_IRQHandler
                0x08006908      0x160 ..\obj\usart.o
                0x08006908                USART1_IRQHandler
 .text.USART2_IRQHandler
                0x08006a68      0x1a0 ..\obj\usart.o
                0x08006a68                USART2_IRQHandler
 .text.atan     0x08006c08      0x368 c:/program files (x86)/gnu tools arm embedded/4.7 2013q2/bin/../lib/gcc/arm-none-eabi/4.7.4/../../../../arm-none-eabi/lib/armv7e-m\libm.a(lib_a-s_atan.o)
                0x08006c08                atan
 .text.cos      0x08006f70       0x90 c:/program files (x86)/gnu tools arm embedded/4.7 2013q2/bin/../lib/gcc/arm-none-eabi/4.7.4/../../../../arm-none-eabi/lib/armv7e-m\libm.a(lib_a-s_cos.o)
                0x08006f70                cos
 .text.fabs     0x08007000        0x8 c:/program files (x86)/gnu tools arm embedded/4.7 2013q2/bin/../lib/gcc/arm-none-eabi/4.7.4/../../../../arm-none-eabi/lib/armv7e-m\libm.a(lib_a-s_fabs.o)
                0x08007000                fabs
 .text.sin      0x08007008       0x98 c:/program files (x86)/gnu tools arm embedded/4.7 2013q2/bin/../lib/gcc/arm-none-eabi/4.7.4/../../../../arm-none-eabi/lib/armv7e-m\libm.a(lib_a-s_sin.o)
                0x08007008                sin
 .text.sqrt     0x080070a0       0xa8 c:/program files (x86)/gnu tools arm embedded/4.7 2013q2/bin/../lib/gcc/arm-none-eabi/4.7.4/../../../../arm-none-eabi/lib/armv7e-m\libm.a(lib_a-w_sqrt.o)
                0x080070a0                sqrt
 .text.__ieee754_rem_pio2
                0x08007148      0x468 c:/program files (x86)/gnu tools arm embedded/4.7 2013q2/bin/../lib/gcc/arm-none-eabi/4.7.4/../../../../arm-none-eabi/lib/armv7e-m\libm.a(lib_a-e_rem_pio2.o)
                0x08007148                __ieee754_rem_pio2
 .text.__ieee754_sqrt
                0x080075b0      0x208 c:/program files (x86)/gnu tools arm embedded/4.7 2013q2/bin/../lib/gcc/arm-none-eabi/4.7.4/../../../../arm-none-eabi/lib/armv7e-m\libm.a(lib_a-e_sqrt.o)
                0x080075b0                __ieee754_sqrt
 .text.__kernel_cos
                0x080077b8      0x258 c:/program files (x86)/gnu tools arm embedded/4.7 2013q2/bin/../lib/gcc/arm-none-eabi/4.7.4/../../../../arm-none-eabi/lib/armv7e-m\libm.a(lib_a-k_cos.o)
                0x080077b8                __kernel_cos
 .text.__kernel_rem_pio2
                0x08007a10      0xdec c:/program files (x86)/gnu tools arm embedded/4.7 2013q2/bin/../lib/gcc/arm-none-eabi/4.7.4/../../../../arm-none-eabi/lib/armv7e-m\libm.a(lib_a-k_rem_pio2.o)
                0x08007a10                __kernel_rem_pio2
 *fill*         0x080087fc        0x4 00
 .text.__kernel_sin
                0x08008800      0x170 c:/program files (x86)/gnu tools arm embedded/4.7 2013q2/bin/../lib/gcc/arm-none-eabi/4.7.4/../../../../arm-none-eabi/lib/armv7e-m\libm.a(lib_a-k_sin.o)
                0x08008800                __kernel_sin
 .text.floor    0x08008970      0x110 c:/program files (x86)/gnu tools arm embedded/4.7 2013q2/bin/../lib/gcc/arm-none-eabi/4.7.4/../../../../arm-none-eabi/lib/armv7e-m\libm.a(lib_a-s_floor.o)
                0x08008970                floor
 .text.__fpclassifyd
                0x08008a80       0x68 c:/program files (x86)/gnu tools arm embedded/4.7 2013q2/bin/../lib/gcc/arm-none-eabi/4.7.4/../../../../arm-none-eabi/lib/armv7e-m\libm.a(lib_a-s_fpclassify.o)
                0x08008a80                __fpclassifyd
 .text.matherr  0x08008ae8        0x4 c:/program files (x86)/gnu tools arm embedded/4.7 2013q2/bin/../lib/gcc/arm-none-eabi/4.7.4/../../../../arm-none-eabi/lib/armv7e-m\libm.a(lib_a-s_matherr.o)
                0x08008ae8                matherr
 *fill*         0x08008aec        0x4 00
 .text.scalbn   0x08008af0      0x108 c:/program files (x86)/gnu tools arm embedded/4.7 2013q2/bin/../lib/gcc/arm-none-eabi/4.7.4/../../../../arm-none-eabi/lib/armv7e-m\libm.a(lib_a-s_scalbn.o)
                0x08008af0                scalbn
 .text.copysign
                0x08008bf8       0x18 c:/program files (x86)/gnu tools arm embedded/4.7 2013q2/bin/../lib/gcc/arm-none-eabi/4.7.4/../../../../arm-none-eabi/lib/armv7e-m\libm.a(lib_a-s_copysign.o)
                0x08008bf8                copysign
 .text          0x08008c10      0x370 c:/program files (x86)/gnu tools arm embedded/4.7 2013q2/bin/../lib/gcc/arm-none-eabi/4.7.4/armv7e-m\libgcc.a(_arm_addsubdf3.o)
                0x08008c10                __aeabi_drsub
                0x08008c18                __aeabi_dsub
                0x08008c18                __subdf3
                0x08008c1c                __aeabi_dadd
                0x08008c1c                __adddf3
                0x08008e94                __floatunsidf
                0x08008e94                __aeabi_ui2d
                0x08008eb4                __floatsidf
                0x08008eb4                __aeabi_i2d
                0x08008ed8                __aeabi_f2d
                0x08008ed8                __extendsfdf2
                0x08008f14                __floatundidf
                0x08008f14                __aeabi_ul2d
                0x08008f24                __floatdidf
                0x08008f24                __aeabi_l2d
 .text          0x08008f80      0x424 c:/program files (x86)/gnu tools arm embedded/4.7 2013q2/bin/../lib/gcc/arm-none-eabi/4.7.4/armv7e-m\libgcc.a(_arm_muldivdf3.o)
                0x08008f80                __aeabi_dmul
                0x08008f80                __muldf3
                0x080091d4                __divdf3
                0x080091d4                __aeabi_ddiv
 .text          0x080093a4      0x110 c:/program files (x86)/gnu tools arm embedded/4.7 2013q2/bin/../lib/gcc/arm-none-eabi/4.7.4/armv7e-m\libgcc.a(_arm_cmpdf2.o)
                0x080093a4                __gtdf2
                0x080093a4                __gedf2
                0x080093ac                __ltdf2
                0x080093ac                __ledf2
                0x080093b4                __nedf2
                0x080093b4                __eqdf2
                0x080093b4                __cmpdf2
                0x08009430                __aeabi_cdrcmple
                0x08009440                __aeabi_cdcmpeq
                0x08009440                __aeabi_cdcmple
                0x08009450                __aeabi_dcmpeq
                0x08009464                __aeabi_dcmplt
                0x08009478                __aeabi_dcmple
                0x0800948c                __aeabi_dcmpge
                0x080094a0                __aeabi_dcmpgt
 .text          0x080094b4       0x50 c:/program files (x86)/gnu tools arm embedded/4.7 2013q2/bin/../lib/gcc/arm-none-eabi/4.7.4/armv7e-m\libgcc.a(_arm_fixdfsi.o)
                0x080094b4                __aeabi_d2iz
                0x080094b4                __fixdfsi
 .text          0x08009504       0xa0 c:/program files (x86)/gnu tools arm embedded/4.7 2013q2/bin/../lib/gcc/arm-none-eabi/4.7.4/armv7e-m\libgcc.a(_arm_truncdfsf2.o)
                0x08009504                __truncdfsf2
                0x08009504                __aeabi_d2f
 .text          0x080095a4      0x21c c:/program files (x86)/gnu tools arm embedded/4.7 2013q2/bin/../lib/gcc/arm-none-eabi/4.7.4/armv7e-m\libgcc.a(_arm_addsubsf3.o)
                0x080095a4                __aeabi_frsub
                0x080095ac                __subsf3
                0x080095ac                __aeabi_fsub
                0x080095b0                __aeabi_fadd
                0x080095b0                __addsf3
                0x08009710                __aeabi_ui2f
                0x08009710                __floatunsisf
                0x08009718                __aeabi_i2f
                0x08009718                __floatsisf
                0x08009734                __aeabi_ul2f
                0x08009734                __floatundisf
                0x08009744                __aeabi_l2f
                0x08009744                __floatdisf
 .text          0x080097c0      0x2a0 c:/program files (x86)/gnu tools arm embedded/4.7 2013q2/bin/../lib/gcc/arm-none-eabi/4.7.4/armv7e-m\libgcc.a(_arm_muldivsf3.o)
                0x080097c0                __mulsf3
                0x080097c0                __aeabi_fmul
                0x08009928                __aeabi_fdiv
                0x08009928                __divsf3
 .text          0x08009a60       0xec c:/program files (x86)/gnu tools arm embedded/4.7 2013q2/bin/../lib/gcc/arm-none-eabi/4.7.4/armv7e-m\libgcc.a(_arm_cmpsf2.o)
                0x08009a60                __gesf2
                0x08009a60                __gtsf2
                0x08009a68                __lesf2
                0x08009a68                __ltsf2
                0x08009a70                __nesf2
                0x08009a70                __eqsf2
                0x08009a70                __cmpsf2
                0x08009ad0                __aeabi_cfrcmple
                0x08009ad8                __aeabi_cfcmpeq
                0x08009ad8                __aeabi_cfcmple
                0x08009ae8                __aeabi_fcmpeq
                0x08009afc                __aeabi_fcmplt
                0x08009b10                __aeabi_fcmple
                0x08009b24                __aeabi_fcmpge
                0x08009b38                __aeabi_fcmpgt
 .text          0x08009b4c       0x4c c:/program files (x86)/gnu tools arm embedded/4.7 2013q2/bin/../lib/gcc/arm-none-eabi/4.7.4/armv7e-m\libgcc.a(_arm_fixsfsi.o)
                0x08009b4c                __aeabi_f2iz
                0x08009b4c                __fixsfsi
 .text          0x08009b98       0x40 c:/program files (x86)/gnu tools arm embedded/4.7 2013q2/bin/../lib/gcc/arm-none-eabi/4.7.4/armv7e-m\libgcc.a(_arm_fixunssfsi.o)
                0x08009b98                __fixunssfsi
                0x08009b98                __aeabi_f2uiz
 .text.__errno  0x08009bd8        0xc c:/program files (x86)/gnu tools arm embedded/4.7 2013q2/bin/../lib/gcc/arm-none-eabi/4.7.4/../../../../arm-none-eabi/lib/armv7e-m\libc.a(lib_a-errno.o)
                0x08009bd8                __errno
 *(.init)
 *(.fini)
 *crtbegin.o(.ctors)
 *crtbegin?.o(.ctors)
 *(EXCLUDE_FILE(*crtend.o *crtend?.o) .ctors)
 *(SORT(.ctors.*))
 *(.ctors)
 *crtbegin.o(.dtors)
 *crtbegin?.o(.dtors)
 *(EXCLUDE_FILE(*crtend.o *crtend?.o) .dtors)
 *(SORT(.dtors.*))
 *(.dtors)
 *(.rodata*)
 *fill*         0x08009be4        0x4 00
 .rodata.atanlo
                0x08009be8       0x20 c:/program files (x86)/gnu tools arm embedded/4.7 2013q2/bin/../lib/gcc/arm-none-eabi/4.7.4/../../../../arm-none-eabi/lib/armv7e-m\libm.a(lib_a-s_atan.o)
 .rodata.atanhi
                0x08009c08       0x20 c:/program files (x86)/gnu tools arm embedded/4.7 2013q2/bin/../lib/gcc/arm-none-eabi/4.7.4/../../../../arm-none-eabi/lib/armv7e-m\libm.a(lib_a-s_atan.o)
 .rodata.str1.4
                0x08009c28        0x5 c:/program files (x86)/gnu tools arm embedded/4.7 2013q2/bin/../lib/gcc/arm-none-eabi/4.7.4/../../../../arm-none-eabi/lib/armv7e-m\libm.a(lib_a-w_sqrt.o)
                                  0x8 (size before relaxing)
 *fill*         0x08009c2d        0x3 00
 .rodata.npio2_hw
                0x08009c30       0x80 c:/program files (x86)/gnu tools arm embedded/4.7 2013q2/bin/../lib/gcc/arm-none-eabi/4.7.4/../../../../arm-none-eabi/lib/armv7e-m\libm.a(lib_a-e_rem_pio2.o)
 .rodata.two_over_pi
                0x08009cb0      0x108 c:/program files (x86)/gnu tools arm embedded/4.7 2013q2/bin/../lib/gcc/arm-none-eabi/4.7.4/../../../../arm-none-eabi/lib/armv7e-m\libm.a(lib_a-e_rem_pio2.o)
 .rodata.init_jk
                0x08009db8       0x10 c:/program files (x86)/gnu tools arm embedded/4.7 2013q2/bin/../lib/gcc/arm-none-eabi/4.7.4/../../../../arm-none-eabi/lib/armv7e-m\libm.a(lib_a-k_rem_pio2.o)
 .rodata.PIo2   0x08009dc8       0x40 c:/program files (x86)/gnu tools arm embedded/4.7 2013q2/bin/../lib/gcc/arm-none-eabi/4.7.4/../../../../arm-none-eabi/lib/armv7e-m\libm.a(lib_a-k_rem_pio2.o)
 .rodata.str1.4
                0x08009e08        0x4 c:/program files (x86)/gnu tools arm embedded/4.7 2013q2/bin/../lib/gcc/arm-none-eabi/4.7.4/../../../../arm-none-eabi/lib/armv7e-m\libc.a(lib_a-impure.o)
 *(.eh_fram e*)

.glue_7         0x08009e0c        0x0
 .glue_7        0x00000000        0x0 linker stubs

.glue_7t        0x08009e0c        0x0
 .glue_7t       0x00000000        0x0 linker stubs

.vfp11_veneer   0x08009e0c        0x0
 .vfp11_veneer  0x00000000        0x0 linker stubs

.v4_bx          0x08009e0c        0x0
 .v4_bx         0x00000000        0x0 linker stubs

.iplt           0x08009e0c        0x0
 .iplt          0x00000000        0x0 ..\obj\stm32f4xx_syscfg.o

.rel.dyn        0x08009e0c        0x0
 .rel.iplt      0x00000000        0x0 ..\obj\stm32f4xx_syscfg.o

.ARM.extab
 *(.ARM.extab* .gnu.linkonce.armextab.*)
                0x08009e0c                __exidx_start = .

.ARM.exidx
 *(.ARM.exidx* .gnu.linkonce.armexidx.*)
                0x08009e0c                __exidx_end = .
                0x08009e0c                __etext = .
                0x08009e0c                _sidata = __etext

.data           0x20000000      0x464 load address 0x08009e0c
                0x20000000                __data_start__ = .
                0x20000000                _sdata = __data_start__
 *(vtable)
 *(.data*)
 .data          0x20000000        0xc ..\obj\timer.o
                0x20000000                f_sw_1
 .data          0x2000000c       0x10 ..\obj\stm32f4xx_rcc.o
 .data          0x2000001c       0x14 ..\obj\system_stm32f4xx.o
                0x2000001c                SystemCoreClock
                0x20000020                AHBPrescTable
 .data.__fdlib_version
                0x20000030        0x1 c:/program files (x86)/gnu tools arm embedded/4.7 2013q2/bin/../lib/gcc/arm-none-eabi/4.7.4/../../../../arm-none-eabi/lib/armv7e-m\libm.a(lib_a-s_lib_ver.o)
                0x20000030                __fdlib_version
 *fill*         0x20000031        0x7 00
 .data.impure_data
                0x20000038      0x428 c:/program files (x86)/gnu tools arm embedded/4.7 2013q2/bin/../lib/gcc/arm-none-eabi/4.7.4/../../../../arm-none-eabi/lib/armv7e-m\libc.a(lib_a-impure.o)
 .data._impure_ptr
                0x20000460        0x4 c:/program files (x86)/gnu tools arm embedded/4.7 2013q2/bin/../lib/gcc/arm-none-eabi/4.7.4/../../../../arm-none-eabi/lib/armv7e-m\libc.a(lib_a-impure.o)
                0x20000460                _impure_ptr
                0x20000464                . = ALIGN (0x4)
                0x20000464                PROVIDE (__preinit_array_start, .)
 *(.preinit_array)
                0x20000464                PROVIDE (__preinit_array_end, .)
                0x20000464                . = ALIGN (0x4)
                0x20000464                PROVIDE (__init_array_start, .)
 *(SORT(.init_array.*))
 *(.init_array)
                0x20000464                PROVIDE (__init_array_end, .)
                0x20000464                . = ALIGN (0x4)
                0x20000464                PROVIDE (__fini_array_start, .)
 *(SORT(.fini_array.*))
 *(.fini_array)
                0x20000464                PROVIDE (__fini_array_end, .)
 *(.jcr*)
                0x20000464                . = ALIGN (0x4)
                0x20000464                __data_end__ = .
                0x20000464                _edata = __data_end__

.igot.plt       0x20000464        0x0 load address 0x0800a270
 .igot.plt      0x00000000        0x0 ..\obj\stm32f4xx_syscfg.o

.bss            0x20000464     0x3238 load address 0x0800a270
                0x20000464                . = ALIGN (0x4)
                0x20000464                __bss_start__ = .
                0x20000464                _sbss = __bss_start__
 *(.bss*)
 .bss           0x20000464        0x1 ..\obj\logic.o
 *fill*         0x20000465        0x3 00
 .bss           0x20000468        0x8 ..\obj\timer.o
                0x20000468                error_freq_1
 .bss           0x20000470        0x8 ..\obj\simple_comm.o
 .bss           0x20000478       0x1c ..\obj\int_comm.o
 *(COMMON)
 COMMON         0x20000494     0x3208 ..\obj\main.o
                0x20000494                logic_data
                0x200004e0                USART2_Datas
                0x20000cec                ADC_Measurements
                0x20000d0c                icomm_data
                0x20000d10                Diagnostic_Data
                0x20002df4                TIM_Sys_Flags
                0x20002dfc                ADC_Datas
                0x20002e7c                TIM_PWM_Data
                0x20002e90                USART1_Datas
                0x2000369c                . = ALIGN (0x4)
                0x2000369c                __bss_end__ = .
                0x2000369c                _ebss = __bss_end__

.heap           0x2000369c        0x0
                0x2000369c                __end__ = .
                0x2000369c                _end = __end__
                0x2000369c                end = __end__
 *(.heap*)
                0x2000369c                __HeapLimit = .

.co_stack       0x2000369c      0x804 load address 0x0800d4a8
                0x200036a0                . = ALIGN (0x8)
 *fill*         0x2000369c        0x4 00
 *(.co_stack .co_stack.*)
 .co_stack      0x200036a0      0x800 ..\obj\startup_stm32f4xx.o
                0x200036a0                pulStack
                0x20020000                __StackTop = (ORIGIN (ram) + 0x20000)
                0x2001f7fc                __StackLimit = (__StackTop - SIZEOF (.co_stack))
                0x20020000                PROVIDE (__stack, __StackTop)
                0x00000001                ASSERT ((__StackLimit >= __HeapLimit), region ram  overflowed with stack)
LOAD ..\obj\stm32f4xx_syscfg.o
LOAD ..\obj\logic.o
LOAD ..\obj\timer.o
LOAD ..\obj\stm32f4xx_usart.o
LOAD ..\obj\config.o
LOAD ..\obj\startup_stm32f4xx.o
LOAD ..\obj\stm32f4xx_iwdg.o
LOAD ..\obj\main.o
LOAD ..\obj\simple_comm.o
LOAD ..\obj\stm32f4xx_rcc.o
LOAD ..\obj\stm32f4xx_adc.o
LOAD ..\obj\gpio.o
LOAD ..\obj\stm32f4xx_gpio.o
LOAD ..\obj\stm32f4xx_flash.o
LOAD ..\obj\system_stm32f4xx.o
LOAD ..\obj\syscalls.o
LOAD ..\obj\stm32f4xx_dma.o
LOAD ..\obj\adc.o
LOAD ..\obj\stm32f4xx_spi.o
LOAD ..\obj\misc.o
LOAD ..\obj\int_comm.o
LOAD ..\obj\diagnostic.o
LOAD ..\obj\stm32f4xx_tim.o
LOAD ..\obj\usart.o
LOAD c:/program files (x86)/gnu tools arm embedded/4.7 2013q2/bin/../lib/gcc/arm-none-eabi/4.7.4/../../../../arm-none-eabi/lib/armv7e-m\libm.a
LOAD c:/program files (x86)/gnu tools arm embedded/4.7 2013q2/bin/../lib/gcc/arm-none-eabi/4.7.4/armv7e-m\libgcc.a
LOAD c:/program files (x86)/gnu tools arm embedded/4.7 2013q2/bin/../lib/gcc/arm-none-eabi/4.7.4/../../../../arm-none-eabi/lib/armv7e-m\libc.a
START GROUP
LOAD c:/program files (x86)/gnu tools arm embedded/4.7 2013q2/bin/../lib/gcc/arm-none-eabi/4.7.4/armv7e-m\libgcc.a
LOAD c:/program files (x86)/gnu tools arm embedded/4.7 2013q2/bin/../lib/gcc/arm-none-eabi/4.7.4/../../../../arm-none-eabi/lib/armv7e-m\libg.a
LOAD c:/program files (x86)/gnu tools arm embedded/4.7 2013q2/bin/../lib/gcc/arm-none-eabi/4.7.4/../../../../arm-none-eabi/lib/armv7e-m\libc.a
END GROUP
OUTPUT(Wireless Charger Inverter.elf elf32-littlearm)

.debug_info     0x00000000     0xb701
 .debug_info    0x00000000      0x6ca ..\obj\logic.o
 .debug_info    0x000006ca     0x1627 ..\obj\timer.o
 .debug_info    0x00001cf1      0xa65 ..\obj\stm32f4xx_usart.o
 .debug_info    0x00002756      0x3b0 ..\obj\config.o
 .debug_info    0x00002b06      0x103 ..\obj\startup_stm32f4xx.o
 .debug_info    0x00002c09      0x8ca ..\obj\main.o
 .debug_info    0x000034d3      0x799 ..\obj\simple_comm.o
 .debug_info    0x00003c6c      0xd49 ..\obj\stm32f4xx_rcc.o
 .debug_info    0x000049b5      0xd14 ..\obj\stm32f4xx_adc.o
 .debug_info    0x000056c9      0x29e ..\obj\gpio.o
 .debug_info    0x00005967      0x640 ..\obj\stm32f4xx_gpio.o
 .debug_info    0x00005fa7      0x5f5 ..\obj\system_stm32f4xx.o
 .debug_info    0x0000659c      0x7af ..\obj\stm32f4xx_dma.o
 .debug_info    0x00006d4b      0x65a ..\obj\adc.o
 .debug_info    0x000073a5      0xbde ..\obj\stm32f4xx_spi.o
 .debug_info    0x00007f83      0x592 ..\obj\misc.o
 .debug_info    0x00008515      0x6ea ..\obj\int_comm.o
 .debug_info    0x00008bff      0x6a6 ..\obj\diagnostic.o
 .debug_info    0x000092a5     0x1e7d ..\obj\stm32f4xx_tim.o
 .debug_info    0x0000b122      0x5df ..\obj\usart.o

.debug_abbrev   0x00000000     0x1c66
 .debug_abbrev  0x00000000      0x1ca ..\obj\logic.o
 .debug_abbrev  0x000001ca      0x282 ..\obj\timer.o
 .debug_abbrev  0x0000044c      0x157 ..\obj\stm32f4xx_usart.o
 .debug_abbrev  0x000005a3       0xde ..\obj\config.o
 .debug_abbrev  0x00000681       0xb2 ..\obj\startup_stm32f4xx.o
 .debug_abbrev  0x00000733       0xe9 ..\obj\main.o
 .debug_abbrev  0x0000081c      0x19b ..\obj\simple_comm.o
 .debug_abbrev  0x000009b7      0x1e5 ..\obj\stm32f4xx_rcc.o
 .debug_abbrev  0x00000b9c      0x198 ..\obj\stm32f4xx_adc.o
 .debug_abbrev  0x00000d34       0xf4 ..\obj\gpio.o
 .debug_abbrev  0x00000e28      0x1a5 ..\obj\stm32f4xx_gpio.o
 .debug_abbrev  0x00000fcd      0x138 ..\obj\system_stm32f4xx.o
 .debug_abbrev  0x00001105      0x157 ..\obj\stm32f4xx_dma.o
 .debug_abbrev  0x0000125c      0x180 ..\obj\adc.o
 .debug_abbrev  0x000013dc      0x169 ..\obj\stm32f4xx_spi.o
 .debug_abbrev  0x00001545      0x129 ..\obj\misc.o
 .debug_abbrev  0x0000166e      0x190 ..\obj\int_comm.o
 .debug_abbrev  0x000017fe      0x126 ..\obj\diagnostic.o
 .debug_abbrev  0x00001924      0x189 ..\obj\stm32f4xx_tim.o
 .debug_abbrev  0x00001aad      0x1b9 ..\obj\usart.o

.debug_loc      0x00000000     0x478e
 .debug_loc     0x00000000      0x270 ..\obj\logic.o
 .debug_loc     0x00000270      0x3b0 ..\obj\timer.o
 .debug_loc     0x00000620      0x658 ..\obj\stm32f4xx_usart.o
 .debug_loc     0x00000c78       0x90 ..\obj\config.o
 .debug_loc     0x00000d08       0x64 ..\obj\startup_stm32f4xx.o
 .debug_loc     0x00000d6c       0x2c ..\obj\main.o
 .debug_loc     0x00000d98       0xa8 ..\obj\simple_comm.o
 .debug_loc     0x00000e40      0x97c ..\obj\stm32f4xx_rcc.o
 .debug_loc     0x000017bc      0x838 ..\obj\stm32f4xx_adc.o
 .debug_loc     0x00001ff4       0x38 ..\obj\gpio.o
 .debug_loc     0x0000202c      0x310 ..\obj\stm32f4xx_gpio.o
 .debug_loc     0x0000233c       0x9c ..\obj\system_stm32f4xx.o
 .debug_loc     0x000023d8      0x428 ..\obj\stm32f4xx_dma.o
 .debug_loc     0x00002800      0x12e ..\obj\adc.o
 .debug_loc     0x0000292e      0x578 ..\obj\stm32f4xx_spi.o
 .debug_loc     0x00002ea6      0x118 ..\obj\misc.o
 .debug_loc     0x00002fbe       0x90 ..\obj\int_comm.o
 .debug_loc     0x0000304e       0xe8 ..\obj\diagnostic.o
 .debug_loc     0x00003136     0x1420 ..\obj\stm32f4xx_tim.o
 .debug_loc     0x00004556      0x238 ..\obj\usart.o

.debug_aranges  0x00000000      0xc50
 .debug_aranges
                0x00000000       0x78 ..\obj\logic.o
 .debug_aranges
                0x00000078       0xa8 ..\obj\timer.o
 .debug_aranges
                0x00000120      0x100 ..\obj\stm32f4xx_usart.o
 .debug_aranges
                0x00000220       0x30 ..\obj\config.o
 .debug_aranges
                0x00000250       0x28 ..\obj\startup_stm32f4xx.o
 .debug_aranges
                0x00000278       0x20 ..\obj\main.o
 .debug_aranges
                0x00000298       0x30 ..\obj\simple_comm.o
 .debug_aranges
                0x000002c8      0x178 ..\obj\stm32f4xx_rcc.o
 .debug_aranges
                0x00000440      0x148 ..\obj\stm32f4xx_adc.o
 .debug_aranges
                0x00000588       0x20 ..\obj\gpio.o
 .debug_aranges
                0x000005a8       0x88 ..\obj\stm32f4xx_gpio.o
 .debug_aranges
                0x00000630       0x30 ..\obj\system_stm32f4xx.o
 .debug_aranges
                0x00000660       0xb0 ..\obj\stm32f4xx_dma.o
 .debug_aranges
                0x00000710       0x48 ..\obj\adc.o
 .debug_aranges
                0x00000758       0xe0 ..\obj\stm32f4xx_spi.o
 .debug_aranges
                0x00000838       0x40 ..\obj\misc.o
 .debug_aranges
                0x00000878       0x30 ..\obj\int_comm.o
 .debug_aranges
                0x000008a8       0x40 ..\obj\diagnostic.o
 .debug_aranges
                0x000008e8      0x2f8 ..\obj\stm32f4xx_tim.o
 .debug_aranges
                0x00000be0       0x70 ..\obj\usart.o

.debug_ranges   0x00000000      0xb28
 .debug_ranges  0x00000000       0x68 ..\obj\logic.o
 .debug_ranges  0x00000068       0x98 ..\obj\timer.o
 .debug_ranges  0x00000100       0xf0 ..\obj\stm32f4xx_usart.o
 .debug_ranges  0x000001f0       0x20 ..\obj\config.o
 .debug_ranges  0x00000210       0x18 ..\obj\startup_stm32f4xx.o
 .debug_ranges  0x00000228       0x10 ..\obj\main.o
 .debug_ranges  0x00000238       0x38 ..\obj\simple_comm.o
 .debug_ranges  0x00000270      0x168 ..\obj\stm32f4xx_rcc.o
 .debug_ranges  0x000003d8      0x138 ..\obj\stm32f4xx_adc.o
 .debug_ranges  0x00000510       0x10 ..\obj\gpio.o
 .debug_ranges  0x00000520       0x78 ..\obj\stm32f4xx_gpio.o
 .debug_ranges  0x00000598       0x20 ..\obj\system_stm32f4xx.o
 .debug_ranges  0x000005b8       0xa0 ..\obj\stm32f4xx_dma.o
 .debug_ranges  0x00000658       0x38 ..\obj\adc.o
 .debug_ranges  0x00000690       0xd0 ..\obj\stm32f4xx_spi.o
 .debug_ranges  0x00000760       0x30 ..\obj\misc.o
 .debug_ranges  0x00000790       0x20 ..\obj\int_comm.o
 .debug_ranges  0x000007b0       0x30 ..\obj\diagnostic.o
 .debug_ranges  0x000007e0      0x2e8 ..\obj\stm32f4xx_tim.o
 .debug_ranges  0x00000ac8       0x60 ..\obj\usart.o

.debug_line     0x00000000     0x4797
 .debug_line    0x00000000      0x384 ..\obj\logic.o
 .debug_line    0x00000384      0x518 ..\obj\timer.o
 .debug_line    0x0000089c      0x497 ..\obj\stm32f4xx_usart.o
 .debug_line    0x00000d33      0x20c ..\obj\config.o
 .debug_line    0x00000f3f       0xaa ..\obj\startup_stm32f4xx.o
 .debug_line    0x00000fe9      0x218 ..\obj\main.o
 .debug_line    0x00001201      0x2b1 ..\obj\simple_comm.o
 .debug_line    0x000014b2      0x58e ..\obj\stm32f4xx_rcc.o
 .debug_line    0x00001a40      0x547 ..\obj\stm32f4xx_adc.o
 .debug_line    0x00001f87      0x241 ..\obj\gpio.o
 .debug_line    0x000021c8      0x332 ..\obj\stm32f4xx_gpio.o
 .debug_line    0x000024fa      0x1cc ..\obj\system_stm32f4xx.o
 .debug_line    0x000026c6      0x3cf ..\obj\stm32f4xx_dma.o
 .debug_line    0x00002a95      0x2b1 ..\obj\adc.o
 .debug_line    0x00002d46      0x446 ..\obj\stm32f4xx_spi.o
 .debug_line    0x0000318c      0x238 ..\obj\misc.o
 .debug_line    0x000033c4      0x2b6 ..\obj\int_comm.o
 .debug_line    0x0000367a      0x3c5 ..\obj\diagnostic.o
 .debug_line    0x00003a3f      0xa6c ..\obj\stm32f4xx_tim.o
 .debug_line    0x000044ab      0x2ec ..\obj\usart.o

.debug_str      0x00000000     0x3c80
 .debug_str     0x00000000      0x3d0 ..\obj\logic.o
                                0x438 (size before relaxing)
 .debug_str     0x000003d0      0xc38 ..\obj\timer.o
                                0xe82 (size before relaxing)
 .debug_str     0x00001008      0x4bb ..\obj\stm32f4xx_usart.o
                                0x63a (size before relaxing)
 .debug_str     0x000014c3       0xf4 ..\obj\config.o
                                0x71a (size before relaxing)
 .debug_str     0x000015b7       0xb8 ..\obj\startup_stm32f4xx.o
                                0x11c (size before relaxing)
 .debug_str     0x0000166f      0x16d ..\obj\main.o
                                0x529 (size before relaxing)
 .debug_str     0x000017dc       0x87 ..\obj\simple_comm.o
                                0x4e1 (size before relaxing)
 .debug_str     0x00001863      0x5eb ..\obj\stm32f4xx_rcc.o
                                0x7fb (size before relaxing)
 .debug_str     0x00001e4e      0x642 ..\obj\stm32f4xx_adc.o
                                0x7af (size before relaxing)
 .debug_str     0x00002490      0x1a8 ..\obj\gpio.o
                                0x2e6 (size before relaxing)
 .debug_str     0x00002638      0x18d ..\obj\stm32f4xx_gpio.o
                                0x44e (size before relaxing)
 .debug_str     0x000027c5       0xbc ..\obj\system_stm32f4xx.o
                                0x355 (size before relaxing)
 .debug_str     0x00002881      0x36a ..\obj\stm32f4xx_dma.o
                                0x4f7 (size before relaxing)
 .debug_str     0x00002beb       0xe3 ..\obj\adc.o
                                0x4ed (size before relaxing)
 .debug_str     0x00002cce      0x2f8 ..\obj\stm32f4xx_spi.o
                                0x635 (size before relaxing)
 .debug_str     0x00002fc6      0x114 ..\obj\misc.o
                                0x384 (size before relaxing)
 .debug_str     0x000030da       0x86 ..\obj\int_comm.o
                                0x43b (size before relaxing)
 .debug_str     0x00003160       0x97 ..\obj\diagnostic.o
                                0x3ed (size before relaxing)
 .debug_str     0x000031f7      0x986 ..\obj\stm32f4xx_tim.o
                                0xd7b (size before relaxing)
 .debug_str     0x00003b7d      0x103 ..\obj\usart.o
                                0x417 (size before relaxing)

.comment        0x00000000       0x70
 .comment       0x00000000       0x70 ..\obj\logic.o
                                 0x71 (size before relaxing)
 .comment       0x00000000       0x71 ..\obj\timer.o
 .comment       0x00000000       0x71 ..\obj\stm32f4xx_usart.o
 .comment       0x00000000       0x71 ..\obj\config.o
 .comment       0x00000000       0x71 ..\obj\startup_stm32f4xx.o
 .comment       0x00000000       0x71 ..\obj\main.o
 .comment       0x00000000       0x71 ..\obj\simple_comm.o
 .comment       0x00000000       0x71 ..\obj\stm32f4xx_rcc.o
 .comment       0x00000000       0x71 ..\obj\stm32f4xx_adc.o
 .comment       0x00000000       0x71 ..\obj\gpio.o
 .comment       0x00000000       0x71 ..\obj\stm32f4xx_gpio.o
 .comment       0x00000000       0x71 ..\obj\system_stm32f4xx.o
 .comment       0x00000000       0x71 ..\obj\stm32f4xx_dma.o
 .comment       0x00000000       0x71 ..\obj\adc.o
 .comment       0x00000000       0x71 ..\obj\stm32f4xx_spi.o
 .comment       0x00000000       0x71 ..\obj\misc.o
 .comment       0x00000000       0x71 ..\obj\int_comm.o
 .comment       0x00000000       0x71 ..\obj\diagnostic.o
 .comment       0x00000000       0x71 ..\obj\stm32f4xx_tim.o
 .comment       0x00000000       0x71 ..\obj\usart.o

.ARM.attributes
                0x00000000       0x33
 .ARM.attributes
                0x00000000       0x33 ..\obj\logic.o
 .ARM.attributes
                0x00000033       0x33 ..\obj\timer.o
 .ARM.attributes
                0x00000066       0x33 ..\obj\stm32f4xx_usart.o
 .ARM.attributes
                0x00000099       0x33 ..\obj\config.o
 .ARM.attributes
                0x000000cc       0x33 ..\obj\startup_stm32f4xx.o
 .ARM.attributes
                0x000000ff       0x33 ..\obj\main.o
 .ARM.attributes
                0x00000132       0x33 ..\obj\simple_comm.o
 .ARM.attributes
                0x00000165       0x33 ..\obj\stm32f4xx_rcc.o
 .ARM.attributes
                0x00000198       0x33 ..\obj\stm32f4xx_adc.o
 .ARM.attributes
                0x000001cb       0x33 ..\obj\gpio.o
 .ARM.attributes
                0x000001fe       0x33 ..\obj\stm32f4xx_gpio.o
 .ARM.attributes
                0x00000231       0x33 ..\obj\system_stm32f4xx.o
 .ARM.attributes
                0x00000264       0x33 ..\obj\stm32f4xx_dma.o
 .ARM.attributes
                0x00000297       0x33 ..\obj\adc.o
 .ARM.attributes
                0x000002ca       0x33 ..\obj\stm32f4xx_spi.o
 .ARM.attributes
                0x000002fd       0x33 ..\obj\misc.o
 .ARM.attributes
                0x00000330       0x33 ..\obj\int_comm.o
 .ARM.attributes
                0x00000363       0x33 ..\obj\diagnostic.o
 .ARM.attributes
                0x00000396       0x33 ..\obj\stm32f4xx_tim.o
 .ARM.attributes
                0x000003c9       0x33 ..\obj\usart.o
 .ARM.attributes
                0x000003fc       0x2e c:/program files (x86)/gnu tools arm embedded/4.7 2013q2/bin/../lib/gcc/arm-none-eabi/4.7.4/../../../../arm-none-eabi/lib/armv7e-m\libm.a(lib_a-s_atan.o)
 .ARM.attributes
                0x0000042a       0x2e c:/program files (x86)/gnu tools arm embedded/4.7 2013q2/bin/../lib/gcc/arm-none-eabi/4.7.4/../../../../arm-none-eabi/lib/armv7e-m\libm.a(lib_a-s_cos.o)
 .ARM.attributes
                0x00000458       0x2e c:/program files (x86)/gnu tools arm embedded/4.7 2013q2/bin/../lib/gcc/arm-none-eabi/4.7.4/../../../../arm-none-eabi/lib/armv7e-m\libm.a(lib_a-s_fabs.o)
 .ARM.attributes
                0x00000486       0x2e c:/program files (x86)/gnu tools arm embedded/4.7 2013q2/bin/../lib/gcc/arm-none-eabi/4.7.4/../../../../arm-none-eabi/lib/armv7e-m\libm.a(lib_a-s_sin.o)
 .ARM.attributes
                0x000004b4       0x2e c:/program files (x86)/gnu tools arm embedded/4.7 2013q2/bin/../lib/gcc/arm-none-eabi/4.7.4/../../../../arm-none-eabi/lib/armv7e-m\libm.a(lib_a-w_sqrt.o)
 .ARM.attributes
                0x000004e2       0x2e c:/program files (x86)/gnu tools arm embedded/4.7 2013q2/bin/../lib/gcc/arm-none-eabi/4.7.4/../../../../arm-none-eabi/lib/armv7e-m\libm.a(lib_a-e_rem_pio2.o)
 .ARM.attributes
                0x00000510       0x2e c:/program files (x86)/gnu tools arm embedded/4.7 2013q2/bin/../lib/gcc/arm-none-eabi/4.7.4/../../../../arm-none-eabi/lib/armv7e-m\libm.a(lib_a-e_sqrt.o)
 .ARM.attributes
                0x0000053e       0x2e c:/program files (x86)/gnu tools arm embedded/4.7 2013q2/bin/../lib/gcc/arm-none-eabi/4.7.4/../../../../arm-none-eabi/lib/armv7e-m\libm.a(lib_a-k_cos.o)
 .ARM.attributes
                0x0000056c       0x2e c:/program files (x86)/gnu tools arm embedded/4.7 2013q2/bin/../lib/gcc/arm-none-eabi/4.7.4/../../../../arm-none-eabi/lib/armv7e-m\libm.a(lib_a-k_rem_pio2.o)
 .ARM.attributes
                0x0000059a       0x2e c:/program files (x86)/gnu tools arm embedded/4.7 2013q2/bin/../lib/gcc/arm-none-eabi/4.7.4/../../../../arm-none-eabi/lib/armv7e-m\libm.a(lib_a-k_sin.o)
 .ARM.attributes
                0x000005c8       0x2e c:/program files (x86)/gnu tools arm embedded/4.7 2013q2/bin/../lib/gcc/arm-none-eabi/4.7.4/../../../../arm-none-eabi/lib/armv7e-m\libm.a(lib_a-s_floor.o)
 .ARM.attributes
                0x000005f6       0x2e c:/program files (x86)/gnu tools arm embedded/4.7 2013q2/bin/../lib/gcc/arm-none-eabi/4.7.4/../../../../arm-none-eabi/lib/armv7e-m\libm.a(lib_a-s_fpclassify.o)
 .ARM.attributes
                0x00000624       0x2e c:/program files (x86)/gnu tools arm embedded/4.7 2013q2/bin/../lib/gcc/arm-none-eabi/4.7.4/../../../../arm-none-eabi/lib/armv7e-m\libm.a(lib_a-s_lib_ver.o)
 .ARM.attributes
                0x00000652       0x2e c:/program files (x86)/gnu tools arm embedded/4.7 2013q2/bin/../lib/gcc/arm-none-eabi/4.7.4/../../../../arm-none-eabi/lib/armv7e-m\libm.a(lib_a-s_matherr.o)
 .ARM.attributes
                0x00000680       0x2e c:/program files (x86)/gnu tools arm embedded/4.7 2013q2/bin/../lib/gcc/arm-none-eabi/4.7.4/../../../../arm-none-eabi/lib/armv7e-m\libm.a(lib_a-s_scalbn.o)
 .ARM.attributes
                0x000006ae       0x2e c:/program files (x86)/gnu tools arm embedded/4.7 2013q2/bin/../lib/gcc/arm-none-eabi/4.7.4/../../../../arm-none-eabi/lib/armv7e-m\libm.a(lib_a-s_copysign.o)
 .ARM.attributes
                0x000006dc       0x1e c:/program files (x86)/gnu tools arm embedded/4.7 2013q2/bin/../lib/gcc/arm-none-eabi/4.7.4/armv7e-m\libgcc.a(_arm_addsubdf3.o)
 .ARM.attributes
                0x000006fa       0x1e c:/program files (x86)/gnu tools arm embedded/4.7 2013q2/bin/../lib/gcc/arm-none-eabi/4.7.4/armv7e-m\libgcc.a(_arm_muldivdf3.o)
 .ARM.attributes
                0x00000718       0x1e c:/program files (x86)/gnu tools arm embedded/4.7 2013q2/bin/../lib/gcc/arm-none-eabi/4.7.4/armv7e-m\libgcc.a(_arm_cmpdf2.o)
 .ARM.attributes
                0x00000736       0x1e c:/program files (x86)/gnu tools arm embedded/4.7 2013q2/bin/../lib/gcc/arm-none-eabi/4.7.4/armv7e-m\libgcc.a(_arm_fixdfsi.o)
 .ARM.attributes
                0x00000754       0x1e c:/program files (x86)/gnu tools arm embedded/4.7 2013q2/bin/../lib/gcc/arm-none-eabi/4.7.4/armv7e-m\libgcc.a(_arm_truncdfsf2.o)
 .ARM.attributes
                0x00000772       0x1e c:/program files (x86)/gnu tools arm embedded/4.7 2013q2/bin/../lib/gcc/arm-none-eabi/4.7.4/armv7e-m\libgcc.a(_arm_addsubsf3.o)
 .ARM.attributes
                0x00000790       0x1e c:/program files (x86)/gnu tools arm embedded/4.7 2013q2/bin/../lib/gcc/arm-none-eabi/4.7.4/armv7e-m\libgcc.a(_arm_muldivsf3.o)
 .ARM.attributes
                0x000007ae       0x1e c:/program files (x86)/gnu tools arm embedded/4.7 2013q2/bin/../lib/gcc/arm-none-eabi/4.7.4/armv7e-m\libgcc.a(_arm_cmpsf2.o)
 .ARM.attributes
                0x000007cc       0x1e c:/program files (x86)/gnu tools arm embedded/4.7 2013q2/bin/../lib/gcc/arm-none-eabi/4.7.4/armv7e-m\libgcc.a(_arm_fixsfsi.o)
 .ARM.attributes
                0x000007ea       0x1e c:/program files (x86)/gnu tools arm embedded/4.7 2013q2/bin/../lib/gcc/arm-none-eabi/4.7.4/armv7e-m\libgcc.a(_arm_fixunssfsi.o)
 .ARM.attributes
                0x00000808       0x2e c:/program files (x86)/gnu tools arm embedded/4.7 2013q2/bin/../lib/gcc/arm-none-eabi/4.7.4/../../../../arm-none-eabi/lib/armv7e-m\libc.a(lib_a-errno.o)
 .ARM.attributes
                0x00000836       0x2e c:/program files (x86)/gnu tools arm embedded/4.7 2013q2/bin/../lib/gcc/arm-none-eabi/4.7.4/../../../../arm-none-eabi/lib/armv7e-m\libc.a(lib_a-impure.o)

.debug_frame    0x00000000     0x295c
 .debug_frame   0x00000000      0x178 ..\obj\logic.o
 .debug_frame   0x00000178      0x25c ..\obj\timer.o
 .debug_frame   0x000003d4      0x344 ..\obj\stm32f4xx_usart.o
 .debug_frame   0x00000718       0x68 ..\obj\config.o
 .debug_frame   0x00000780       0x48 ..\obj\startup_stm32f4xx.o
 .debug_frame   0x000007c8       0x2c ..\obj\main.o
 .debug_frame   0x000007f4       0x70 ..\obj\simple_comm.o
 .debug_frame   0x00000864      0x4d8 ..\obj\stm32f4xx_rcc.o
 .debug_frame   0x00000d3c      0x434 ..\obj\stm32f4xx_adc.o
 .debug_frame   0x00001170       0x30 ..\obj\gpio.o
 .debug_frame   0x000011a0      0x19c ..\obj\stm32f4xx_gpio.o
 .debug_frame   0x0000133c       0x64 ..\obj\system_stm32f4xx.o
 .debug_frame   0x000013a0      0x224 ..\obj\stm32f4xx_dma.o
 .debug_frame   0x000015c4       0xbc ..\obj\adc.o
 .debug_frame   0x00001680      0x2d0 ..\obj\stm32f4xx_spi.o
 .debug_frame   0x00001950       0x9c ..\obj\misc.o
 .debug_frame   0x000019ec       0x64 ..\obj\int_comm.o
 .debug_frame   0x00001a50       0x98 ..\obj\diagnostic.o
 .debug_frame   0x00001ae8      0xa3c ..\obj\stm32f4xx_tim.o
 .debug_frame   0x00002524      0x14c ..\obj\usart.o
 .debug_frame   0x00002670       0x38 c:/program files (x86)/gnu tools arm embedded/4.7 2013q2/bin/../lib/gcc/arm-none-eabi/4.7.4/../../../../arm-none-eabi/lib/armv7e-m\libm.a(lib_a-s_atan.o)
 .debug_frame   0x000026a8       0x2c c:/program files (x86)/gnu tools arm embedded/4.7 2013q2/bin/../lib/gcc/arm-none-eabi/4.7.4/../../../../arm-none-eabi/lib/armv7e-m\libm.a(lib_a-s_cos.o)
 .debug_frame   0x000026d4       0x20 c:/program files (x86)/gnu tools arm embedded/4.7 2013q2/bin/../lib/gcc/arm-none-eabi/4.7.4/../../../../arm-none-eabi/lib/armv7e-m\libm.a(lib_a-s_fabs.o)
 .debug_frame   0x000026f4       0x2c c:/program files (x86)/gnu tools arm embedded/4.7 2013q2/bin/../lib/gcc/arm-none-eabi/4.7.4/../../../../arm-none-eabi/lib/armv7e-m\libm.a(lib_a-s_sin.o)
 .debug_frame   0x00002720       0x38 c:/program files (x86)/gnu tools arm embedded/4.7 2013q2/bin/../lib/gcc/arm-none-eabi/4.7.4/../../../../arm-none-eabi/lib/armv7e-m\libm.a(lib_a-w_sqrt.o)
 .debug_frame   0x00002758       0x38 c:/program files (x86)/gnu tools arm embedded/4.7 2013q2/bin/../lib/gcc/arm-none-eabi/4.7.4/../../../../arm-none-eabi/lib/armv7e-m\libm.a(lib_a-e_rem_pio2.o)
 .debug_frame   0x00002790       0x34 c:/program files (x86)/gnu tools arm embedded/4.7 2013q2/bin/../lib/gcc/arm-none-eabi/4.7.4/../../../../arm-none-eabi/lib/armv7e-m\libm.a(lib_a-e_sqrt.o)
 .debug_frame   0x000027c4       0x38 c:/program files (x86)/gnu tools arm embedded/4.7 2013q2/bin/../lib/gcc/arm-none-eabi/4.7.4/../../../../arm-none-eabi/lib/armv7e-m\libm.a(lib_a-k_cos.o)
 .debug_frame   0x000027fc       0x3c c:/program files (x86)/gnu tools arm embedded/4.7 2013q2/bin/../lib/gcc/arm-none-eabi/4.7.4/../../../../arm-none-eabi/lib/armv7e-m\libm.a(lib_a-k_rem_pio2.o)
 .debug_frame   0x00002838       0x38 c:/program files (x86)/gnu tools arm embedded/4.7 2013q2/bin/../lib/gcc/arm-none-eabi/4.7.4/../../../../arm-none-eabi/lib/armv7e-m\libm.a(lib_a-k_sin.o)
 .debug_frame   0x00002870       0x34 c:/program files (x86)/gnu tools arm embedded/4.7 2013q2/bin/../lib/gcc/arm-none-eabi/4.7.4/../../../../arm-none-eabi/lib/armv7e-m\libm.a(lib_a-s_floor.o)
 .debug_frame   0x000028a4       0x20 c:/program files (x86)/gnu tools arm embedded/4.7 2013q2/bin/../lib/gcc/arm-none-eabi/4.7.4/../../../../arm-none-eabi/lib/armv7e-m\libm.a(lib_a-s_fpclassify.o)
 .debug_frame   0x000028c4       0x20 c:/program files (x86)/gnu tools arm embedded/4.7 2013q2/bin/../lib/gcc/arm-none-eabi/4.7.4/../../../../arm-none-eabi/lib/armv7e-m\libm.a(lib_a-s_matherr.o)
 .debug_frame   0x000028e4       0x30 c:/program files (x86)/gnu tools arm embedded/4.7 2013q2/bin/../lib/gcc/arm-none-eabi/4.7.4/../../../../arm-none-eabi/lib/armv7e-m\libm.a(lib_a-s_scalbn.o)
 .debug_frame   0x00002914       0x28 c:/program files (x86)/gnu tools arm embedded/4.7 2013q2/bin/../lib/gcc/arm-none-eabi/4.7.4/../../../../arm-none-eabi/lib/armv7e-m\libm.a(lib_a-s_copysign.o)
 .debug_frame   0x0000293c       0x20 c:/program files (x86)/gnu tools arm embedded/4.7 2013q2/bin/../lib/gcc/arm-none-eabi/4.7.4/../../../../arm-none-eabi/lib/armv7e-m\libc.a(lib_a-errno.o)
