Archive member included because of file (symbol)

c:/program files (x86)/gnu tools arm embedded/4.7 2013q2/bin/../lib/gcc/arm-none-eabi/4.7.4/../../../../arm-none-eabi/lib/armv7e-m\libm.a(lib_a-s_atan.o)
                              ..\obj\timer.o (atan)
c:/program files (x86)/gnu tools arm embedded/4.7 2013q2/bin/../lib/gcc/arm-none-eabi/4.7.4/../../../../arm-none-eabi/lib/armv7e-m\libm.a(lib_a-s_cos.o)
                              ..\obj\timer.o (cos)
c:/program files (x86)/gnu tools arm embedded/4.7 2013q2/bin/../lib/gcc/arm-none-eabi/4.7.4/../../../../arm-none-eabi/lib/armv7e-m\libm.a(lib_a-s_fabs.o)
                              c:/program files (x86)/gnu tools arm embedded/4.7 2013q2/bin/../lib/gcc/arm-none-eabi/4.7.4/../../../../arm-none-eabi/lib/armv7e-m\libm.a(lib_a-s_atan.o) (fabs)
c:/program files (x86)/gnu tools arm embedded/4.7 2013q2/bin/../lib/gcc/arm-none-eabi/4.7.4/../../../../arm-none-eabi/lib/armv7e-m\libm.a(lib_a-s_sin.o)
                              ..\obj\timer.o (sin)
c:/program files (x86)/gnu tools arm embedded/4.7 2013q2/bin/../lib/gcc/arm-none-eabi/4.7.4/../../../../arm-none-eabi/lib/armv7e-m\libm.a(lib_a-w_sqrt.o)
                              ..\obj\timer.o (sqrt)
c:/program files (x86)/gnu tools arm embedded/4.7 2013q2/bin/../lib/gcc/arm-none-eabi/4.7.4/../../../../arm-none-eabi/lib/armv7e-m\libm.a(lib_a-e_rem_pio2.o)
                              c:/program files (x86)/gnu tools arm embedded/4.7 2013q2/bin/../lib/gcc/arm-none-eabi/4.7.4/../../../../arm-none-eabi/lib/armv7e-m\libm.a(lib_a-s_cos.o) (__ieee754_rem_pio2)
c:/program files (x86)/gnu tools arm embedded/4.7 2013q2/bin/../lib/gcc/arm-none-eabi/4.7.4/../../../../arm-none-eabi/lib/armv7e-m\libm.a(lib_a-e_sqrt.o)
                              c:/program files (x86)/gnu tools arm embedded/4.7 2013q2/bin/../lib/gcc/arm-none-eabi/4.7.4/../../../../arm-none-eabi/lib/armv7e-m\libm.a(lib_a-w_sqrt.o) (__ieee754_sqrt)
c:/program files (x86)/gnu tools arm embedded/4.7 2013q2/bin/../lib/gcc/arm-none-eabi/4.7.4/../../../../arm-none-eabi/lib/armv7e-m\libm.a(lib_a-k_cos.o)
                              c:/program files (x86)/gnu tools arm embedded/4.7 2013q2/bin/../lib/gcc/arm-none-eabi/4.7.4/../../../../arm-none-eabi/lib/armv7e-m\libm.a(lib_a-s_cos.o) (__kernel_cos)
c:/program files (x86)/gnu tools arm embedded/4.7 2013q2/bin/../lib/gcc/arm-none-eabi/4.7.4/../../../../arm-none-eabi/lib/armv7e-m\libm.a(lib_a-k_rem_pio2.o)
                              c:/program files (x86)/gnu tools arm embedded/4.7 2013q2/bin/../lib/gcc/arm-none-eabi/4.7.4/../../../../arm-none-eabi/lib/armv7e-m\libm.a(lib_a-e_rem_pio2.o) (__kernel_rem_pio2)
c:/program files (x86)/gnu tools arm embedded/4.7 2013q2/bin/../lib/gcc/arm-none-eabi/4.7.4/../../../../arm-none-eabi/lib/armv7e-m\libm.a(lib_a-k_sin.o)
                              c:/program files (x86)/gnu tools arm embedded/4.7 2013q2/bin/../lib/gcc/arm-none-eabi/4.7.4/../../../../arm-none-eabi/lib/armv7e-m\libm.a(lib_a-s_cos.o) (__kernel_sin)
c:/program files (x86)/gnu tools arm embedded/4.7 2013q2/bin/../lib/gcc/arm-none-eabi/4.7.4/../../../../arm-none-eabi/lib/armv7e-m\libm.a(lib_a-s_floor.o)
                              c:/program files (x86)/gnu tools arm embedded/4.7 2013q2/bin/../lib/gcc/arm-none-eabi/4.7.4/../../../../arm-none-eabi/lib/armv7e-m\libm.a(lib_a-k_rem_pio2.o) (floor)
c:/program files (x86)/gnu tools arm embedded/4.7 2013q2/bin/../lib/gcc/arm-none-eabi/4.7.4/../../../../arm-none-eabi/lib/armv7e-m\libm.a(lib_a-s_fpclassify.o)
                              c:/program files (x86)/gnu tools arm embedded/4.7 2013q2/bin/../lib/gcc/arm-none-eabi/4.7.4/../../../../arm-none-eabi/lib/armv7e-m\libm.a(lib_a-w_sqrt.o) (__fpclassifyd)
c:/program files (x86)/gnu tools arm embedded/4.7 2013q2/bin/../lib/gcc/arm-none-eabi/4.7.4/../../../../arm-none-eabi/lib/armv7e-m\libm.a(lib_a-s_lib_ver.o)
                              c:/program files (x86)/gnu tools arm embedded/4.7 2013q2/bin/../lib/gcc/arm-none-eabi/4.7.4/../../../../arm-none-eabi/lib/armv7e-m\libm.a(lib_a-w_sqrt.o) (__fdlib_version)
c:/program files (x86)/gnu tools arm embedded/4.7 2013q2/bin/../lib/gcc/arm-none-eabi/4.7.4/../../../../arm-none-eabi/lib/armv7e-m\libm.a(lib_a-s_matherr.o)
                              c:/program files (x86)/gnu tools arm embedded/4.7 2013q2/bin/../lib/gcc/arm-none-eabi/4.7.4/../../../../arm-none-eabi/lib/armv7e-m\libm.a(lib_a-w_sqrt.o) (matherr)
c:/program files (x86)/gnu tools arm embedded/4.7 2013q2/bin/../lib/gcc/arm-none-eabi/4.7.4/../../../../arm-none-eabi/lib/armv7e-m\libm.a(lib_a-s_scalbn.o)
                              c:/program files (x86)/gnu tools arm embedded/4.7 2013q2/bin/../lib/gcc/arm-none-eabi/4.7.4/../../../../arm-none-eabi/lib/armv7e-m\libm.a(lib_a-k_rem_pio2.o) (scalbn)
c:/program files (x86)/gnu tools arm embedded/4.7 2013q2/bin/../lib/gcc/arm-none-eabi/4.7.4/../../../../arm-none-eabi/lib/armv7e-m\libm.a(lib_a-s_copysign.o)
[...]
Memory Configuration

Name             Origin             Length             Attributes
rom              0x08000000         0x00100000         xr
ram              0x20000000         0x00020000         xrw
ram1             0x10000000         0x00010000         xrw
*default*        0x00000000         0xffffffff

Linker script and memory map

                0x20020000                _eram = 0x20020000

.text           0x08000000     0xae34
 *(.isr_vector)
 .isr_vector    0x08000000      0x188 ..\obj\startup_stm32f4xx.o
                0x08000000                g_pfnVectors
 *(.text*)
 .text.logic_init
                0x08000188       0x84 ..\obj\logic.o
                0x08000188                logic_init
 .text.logic_set_addr
                0x0800020c      0x110 ..\obj\logic.o
                0x0800020c                logic_set_addr
 .text.logic_set_period
                0x0800031c       0xd4 ..\obj\logic.o
                0x0800031c                logic_set_period
 .text.logic_set_ph1
                0x080003f0       0xc0 ..\obj\logic.o
                0x080003f0                logic_set_ph1
 .text.logic_set_ph2
                0x080004b0       0xc0 ..\obj\logic.o
                0x080004b0                logic_set_ph2
 .text.logic_set_out
                0x08000570       0x14 ..\obj\logic.o
                0x08000570                logic_set_out
 .text.logic_calc_out
                0x08000584      0x138 ..\obj\logic.o
                0x08000584                logic_calc_out
 .text.logic_read_flags
                0x080006bc       0xe4 ..\obj\logic.o
                0x080006bc                logic_read_flags
 .text.logic_read_measurement
                0x080007a0       0xd8 ..\obj\logic.o
                0x080007a0                logic_read_measurement
 .text.logic_reset
                0x08000878       0x28 ..\obj\logic.o
                0x08000878                logic_reset
 .text.logic_check_fault
                0x080008a0       0x34 ..\obj\logic.o
                0x080008a0                logic_check_fault
 .text.logic_routine
                0x080008d4       0xf4 ..\obj\logic.o
                0x080008d4                logic_routine
 .text.NVIC_SetPriority
                0x080009c8       0x5c ..\obj\timer.o
 .text.SysTick_Config
                0x08000a24       0x64 ..\obj\timer.o
 .text.timer_pwm_init
                0x08000a88      0x12c ..\obj\timer.o
                0x08000a88                timer_pwm_init
 .text.timer_pwm_freq_inc
                0x08000bb4       0xa4 ..\obj\timer.o
                0x08000bb4                timer_pwm_freq_inc
 .text.timer_pwm_freq_dec
                0x08000c58       0xa4 ..\obj\timer.o
                0x08000c58                timer_pwm_freq_dec
 .text.timer_pwm_phase_inc
                0x08000cfc       0xa8 ..\obj\timer.o
                0x08000cfc                timer_pwm_phase_inc
 .text.timer_pwm_phase_dec
                0x08000da4       0x94 ..\obj\timer.o
                0x08000da4                timer_pwm_phase_dec
 .text.timer_check_faults
                0x08000e38       0x30 ..\obj\timer.o
                0x08000e38                timer_check_faults
 .text.timer_routine
                0x08000e68      0x3ec ..\obj\timer.o
                0x08000e68                timer_routine
 .text.TIM1_UP_TIM10_IRQHandler
                0x08001254       0x18 ..\obj\timer.o
                0x08001254                TIM1_UP_TIM10_IRQHandler
 .text.TIM8_UP_TIM13_IRQHandler
                0x0800126c       0x18 ..\obj\timer.o
                0x0800126c                TIM8_UP_TIM13_IRQHandler
 .text.DMA2_Stream0_IRQHandler
                0x08001284       0x50 ..\obj\timer.o
                0x08001284                DMA2_Stream0_IRQHandler
 .text.timer_pwm_freq_control
                0x080012d4       0xf4 ..\obj\timer.o
                0x080012d4                timer_pwm_freq_control
 .text.timer_pwm_phase_control
                0x080013c8       0xb4 ..\obj\timer.o
                0x080013c8                timer_pwm_phase_control
 .text.timer_pwm_control_prec_inc
                0x0800147c       0x7c ..\obj\timer.o
                0x0800147c                timer_pwm_control_prec_inc
 .text.timer_pwm_control_prec_dec
                0x080014f8       0x98 ..\obj\timer.o
                0x080014f8                timer_pwm_control_prec_dec
 .text.timer_pwm_control_kp_f_inc
                0x08001590       0x80 ..\obj\timer.o
                0x08001590                timer_pwm_control_kp_f_inc
 .text.timer_pwm_control_kp_f_dec
                0x08001610       0xa0 ..\obj\timer.o
                0x08001610                timer_pwm_control_kp_f_dec
 .text.timer_pwm_control_ki_f_inc
                0x080016b0       0x80 ..\obj\timer.o
                0x080016b0                timer_pwm_control_ki_f_inc
 .text.timer_pwm_control_ki_f_dec
                0x08001730       0xa0 ..\obj\timer.o
                0x08001730                timer_pwm_control_ki_f_dec
 .text.timer_pwm_control_kp_ph_inc
                0x080017d0       0x80 ..\obj\timer.o
                0x080017d0                timer_pwm_control_kp_ph_inc
 .text.timer_pwm_control_kp_ph_dec
                0x08001850       0xa0 ..\obj\timer.o
                0x08001850                timer_pwm_control_kp_ph_dec
 .text.timer_pwm_control_ki_ph_inc
                0x080018f0       0x80 ..\obj\timer.o
                0x080018f0                timer_pwm_control_ki_ph_inc
 .text.timer_pwm_control_ki_ph_dec
                0x08001970       0xa0 ..\obj\timer.o
                0x08001970                timer_pwm_control_ki_ph_dec
 .text.phasor_sum_magnitude_control
                0x08001a10      0x268 ..\obj\timer.o
                0x08001a10                phasor_sum_magnitude_control
 .text.phasor_sum_phase_control
                0x08001c78      0x4a0 ..\obj\timer.o
                0x08001c78                phasor_sum_phase_control
 .text.phasor_sum_magnitude
                0x08002118      0x258 ..\obj\timer.o
                0x08002118                phasor_sum_magnitude
 .text.phasor_sum_phase
                0x08002370      0x490 ..\obj\timer.o
                0x08002370                phasor_sum_phase
 .text.TimerSys_init
                0x08002800       0x28 ..\obj\timer.o
                0x08002800                TimerSys_init
 .text.SysTick_Handler
                0x08002828      0x860 ..\obj\timer.o
                0x08002828                SysTick_Handler
 .text.USART_Init
                0x08003088      0x1ac ..\obj\stm32f4xx_usart.o
                0x08003088                USART_Init
 .text.USART_Cmd
                0x08003234       0x40 ..\obj\stm32f4xx_usart.o
                0x08003234                USART_Cmd
 .text.USART_SendData
                0x08003274       0x28 ..\obj\stm32f4xx_usart.o
                0x08003274                USART_SendData
 .text.USART_ITConfig
                0x0800329c       0xa4 ..\obj\stm32f4xx_usart.o
                0x0800329c                USART_ITConfig
 .text.USART_GetITStatus
                0x08003340       0xc4 ..\obj\stm32f4xx_usart.o
                0x08003340                USART_GetITStatus
 .text.RCC_Configuration
                0x08003404       0x34 ..\obj\config.o
                0x08003404                RCC_Configuration
 .text.NVIC_Configuration
                0x08003438       0x88 ..\obj\config.o
                0x08003438                NVIC_Configuration
 .text.Default_Reset_Handler
                0x080034c0       0x70 ..\obj\startup_stm32f4xx.o
                0x080034c0                Default_Reset_Handler
                0x080034c0                Reset_Handler
 .text.Default_Handler
                0x08003530        0x8 ..\obj\startup_stm32f4xx.o
                0x08003530                RTC_Alarm_IRQHandler
                0x08003530                HASH_RNG_IRQHandler
                0x08003530                EXTI2_IRQHandler
                0x08003530                TIM8_CC_IRQHandler
                0x08003530                DebugMon_Handler
                0x08003530                TIM1_CC_IRQHandler
                0x08003530                DMA2_Stream5_IRQHandler
                0x08003530                HardFault_Handler
                0x08003530                DMA1_Stream5_IRQHandler
                0x08003530                PVD_IRQHandler
                0x08003530                SDIO_IRQHandler
                0x08003530                TAMP_STAMP_IRQHandler
                0x08003530                PendSV_Handler
                0x08003530                NMI_Handler
                0x08003530                CAN2_RX1_IRQHandler
                0x08003530                EXTI3_IRQHandler
                0x08003530                TIM8_TRG_COM_TIM14_IRQHandler
                0x08003530                I2C3_ER_IRQHandler
                0x08003530                EXTI0_IRQHandler
                0x08003530                I2C2_EV_IRQHandler
                0x08003530                DMA1_Stream2_IRQHandler
                0x08003530                CAN1_RX0_IRQHandler
                0x08003530                FPU_IRQHandler
                0x08003530                OTG_HS_WKUP_IRQHandler
                0x08003530                UsageFault_Handler
                0x08003530                CAN2_SCE_IRQHandler
                0x08003530                DMA2_Stream2_IRQHandler
                0x08003530                SPI1_IRQHandler
                0x08003530                TIM6_DAC_IRQHandler
                0x08003530                TIM1_BRK_TIM9_IRQHandler
                0x08003530                DCMI_IRQHandler
                0x08003530                CAN2_RX0_IRQHandler
                0x08003530                DMA2_Stream3_IRQHandler
                0x08003530                USART6_IRQHandler
                0x08003530                USART3_IRQHandler
                0x08003530                CRYP_IRQHandler
                0x08003530                CAN1_RX1_IRQHandler
                0x08003530                UART5_IRQHandler
                0x08003530                TIM4_IRQHandler
                0x08003530                I2C1_EV_IRQHandler
                0x08003530                DMA1_Stream6_IRQHandler
                0x08003530                DMA1_Stream1_IRQHandler
                0x08003530                UART4_IRQHandler
                0x08003530                TIM3_IRQHandler
                0x08003530                RCC_IRQHandler
                0x08003530                TIM8_BRK_TIM12_IRQHandler
                0x08003530                EXTI15_10_IRQHandler
                0x08003530                ADC_IRQHandler
                0x08003530                DMA1_Stream7_IRQHandler
                0x08003530                TIM7_IRQHandler
                0x08003530                CAN2_TX_IRQHandler
                0x08003530                TIM5_IRQHandler
                0x08003530                DMA2_Stream7_IRQHandler
                0x08003530                I2C3_EV_IRQHandler
                0x08003530                EXTI9_5_IRQHandler
                0x08003530                RTC_WKUP_IRQHandler
                0x08003530                ETH_WKUP_IRQHandler
                0x08003530                SPI2_IRQHandler
                0x08003530                OTG_HS_EP1_IN_IRQHandler
                0x08003530                MemManage_Handler
                0x08003530                DMA1_Stream0_IRQHandler
                0x08003530                CAN1_TX_IRQHandler
                0x08003530                SVC_Handler
                0x08003530                EXTI4_IRQHandler
                0x08003530                FSMC_IRQHandler
                0x08003530                ETH_IRQHandler
                0x08003530                OTG_HS_EP1_OUT_IRQHandler
                0x08003530                WWDG_IRQHandler
                0x08003530                TIM2_IRQHandler
                0x08003530                OTG_FS_WKUP_IRQHandler
                0x08003530                TIM1_TRG_COM_TIM11_IRQHandler
                0x08003530                OTG_HS_IRQHandler
                0x08003530                EXTI1_IRQHandler
                0x08003530                I2C2_ER_IRQHandler
                0x08003530                DMA2_Stream1_IRQHandler
                0x08003530                CAN1_SCE_IRQHandler
                0x08003530                FLASH_IRQHandler
                0x08003530                DMA2_Stream4_IRQHandler
                0x08003530                BusFault_Handler
                0x08003530                OTG_FS_IRQHandler
                0x08003530                SPI3_IRQHandler
                0x08003530                DMA1_Stream4_IRQHandler
                0x08003530                I2C1_ER_IRQHandler
                0x08003530                DMA2_Stream6_IRQHandler
                0x08003530                DMA1_Stream3_IRQHandler
 .text.main     0x08003538       0x9c ..\obj\main.o
                0x08003538                main
 .text.simple_comm_routine
                0x080035d4      0x6c4 ..\obj\simple_comm.o
                0x080035d4                simple_comm_routine
 .text.simple_comm_send_all
                0x08003c98      0x1c4 ..\obj\simple_comm.o
                0x08003c98                simple_comm_send_all
 .text.simple_comm_send_buffer
                0x08003e5c      0x178 ..\obj\simple_comm.o
                0x08003e5c                simple_comm_send_buffer
 .text.RCC_GetClocksFreq
                0x08003fd4      0x1cc ..\obj\stm32f4xx_rcc.o
                0x08003fd4                RCC_GetClocksFreq
 .text.RCC_AHB1PeriphClockCmd
                0x080041a0       0x54 ..\obj\stm32f4xx_rcc.o
                0x080041a0                RCC_AHB1PeriphClockCmd
 .text.RCC_APB1PeriphClockCmd
                0x080041f4       0x54 ..\obj\stm32f4xx_rcc.o
                0x080041f4                RCC_APB1PeriphClockCmd
 .text.RCC_APB2PeriphClockCmd
                0x08004248       0x54 ..\obj\stm32f4xx_rcc.o
                0x08004248                RCC_APB2PeriphClockCmd
 .text.RCC_APB1PeriphResetCmd
                0x0800429c       0x54 ..\obj\stm32f4xx_rcc.o
                0x0800429c                RCC_APB1PeriphResetCmd
 .text.RCC_APB2PeriphResetCmd
                0x080042f0       0x54 ..\obj\stm32f4xx_rcc.o
                0x080042f0                RCC_APB2PeriphResetCmd
 .text.ADC_Init
                0x08004344       0xb8 ..\obj\stm32f4xx_adc.o
                0x08004344                ADC_Init
 .text.ADC_CommonInit
                0x080043fc       0x5c ..\obj\stm32f4xx_adc.o
                0x080043fc                ADC_CommonInit
 .text.ADC_Cmd  0x08004458       0x38 ..\obj\stm32f4xx_adc.o
                0x08004458                ADC_Cmd
 .text.ADC_RegularChannelConfig
                0x08004490      0x1bc ..\obj\stm32f4xx_adc.o
                0x08004490                ADC_RegularChannelConfig
 .text.ADC_SoftwareStartConv
                0x0800464c       0x20 ..\obj\stm32f4xx_adc.o
                0x0800464c                ADC_SoftwareStartConv
 .text.ADC_DMACmd
                0x0800466c       0x38 ..\obj\stm32f4xx_adc.o
                0x0800466c                ADC_DMACmd
 .text.ADC_DMARequestAfterLastTransferCmd
                0x080046a4       0x38 ..\obj\stm32f4xx_adc.o
                0x080046a4                ADC_DMARequestAfterLastTransferCmd
 .text.gpio_init
                0x080046dc      0x3a8 ..\obj\gpio.o
                0x080046dc                gpio_init
 .text.GPIO_Init
                0x08004a84      0x144 ..\obj\stm32f4xx_gpio.o
                0x08004a84                GPIO_Init
 .text.GPIO_ReadInputDataBit
                0x08004bc8       0x3c ..\obj\stm32f4xx_gpio.o
                0x08004bc8                GPIO_ReadInputDataBit
 .text.GPIO_SetBits
                0x08004c04       0x1c ..\obj\stm32f4xx_gpio.o
                0x08004c04                GPIO_SetBits
 .text.GPIO_ResetBits
                0x08004c20       0x1c ..\obj\stm32f4xx_gpio.o
                0x08004c20                GPIO_ResetBits
 .text.GPIO_PinAFConfig
                0x08004c3c       0xa8 ..\obj\stm32f4xx_gpio.o
                0x08004c3c                GPIO_PinAFConfig
 .text.SystemInit
                0x08004ce4       0x94 ..\obj\system_stm32f4xx.o
                0x08004ce4                SystemInit
 .text.SetSysClock
                0x08004d78      0x188 ..\obj\system_stm32f4xx.o
 .text.DMA_Init
                0x08004f00       0xb0 ..\obj\stm32f4xx_dma.o
                0x08004f00                DMA_Init
 .text.DMA_Cmd  0x08004fb0       0x38 ..\obj\stm32f4xx_dma.o
                0x08004fb0                DMA_Cmd
 .text.DMA_ITConfig
                0x08004fe8       0x74 ..\obj\stm32f4xx_dma.o
                0x08004fe8                DMA_ITConfig
 .text.DMA_ClearITPendingBit
                0x0800505c       0x60 ..\obj\stm32f4xx_dma.o
                0x0800505c                DMA_ClearITPendingBit
 .text.adc1_init
                0x080050bc      0x22c ..\obj\adc.o
                0x080050bc                adc1_init
 .text.adc1_get_mean
                0x080052e8       0x60 ..\obj\adc.o
                0x080052e8                adc1_get_mean
 .text.adc_get_voltage
                0x08005348       0x60 ..\obj\adc.o
                0x08005348                adc_get_voltage
 .text.adc_calc_currents
                0x080053a8       0x88 ..\obj\adc.o
                0x080053a8                adc_calc_currents
 .text.adc_calc_voltages
                0x08005430       0x48 ..\obj\adc.o
                0x08005430                adc_calc_voltages
 .text.adc_calc_temp
                0x08005478       0x4c ..\obj\adc.o
                0x08005478                adc_calc_temp
 .text.SPI_I2S_DeInit
                0x080054c4       0x88 ..\obj\stm32f4xx_spi.o
                0x080054c4                SPI_I2S_DeInit
 .text.SPI_Init
                0x0800554c       0x88 ..\obj\stm32f4xx_spi.o
                0x0800554c                SPI_Init
 .text.SPI_Cmd  0x080055d4       0x40 ..\obj\stm32f4xx_spi.o
                0x080055d4                SPI_Cmd
 .text.SPI_I2S_ReceiveData
                0x08005614       0x1c ..\obj\stm32f4xx_spi.o
                0x08005614                SPI_I2S_ReceiveData
 .text.SPI_I2S_SendData
                0x08005630       0x1c ..\obj\stm32f4xx_spi.o
                0x08005630                SPI_I2S_SendData
 .text.SPI_I2S_GetFlagStatus
                0x0800564c       0x40 ..\obj\stm32f4xx_spi.o
                0x0800564c                SPI_I2S_GetFlagStatus
 .text.NVIC_PriorityGroupConfig
                0x0800568c       0x28 ..\obj\misc.o
                0x0800568c                NVIC_PriorityGroupConfig
 .text.NVIC_Init
                0x080056b4       0xe4 ..\obj\misc.o
                0x080056b4                NVIC_Init
 .text.NVIC_SetVectorTable
                0x08005798       0x2c ..\obj\misc.o
                0x08005798                NVIC_SetVectorTable
 .text.icomm_init
                0x080057c4       0x44 ..\obj\int_comm.o
                0x080057c4                icomm_init
 .text.icomm_tx_routine
                0x08005808       0xd4 ..\obj\int_comm.o
                0x08005808                icomm_tx_routine
 .text.icomm_rx_routine
                0x080058dc      0x5b8 ..\obj\int_comm.o
                0x080058dc                icomm_rx_routine
 .text.diag_store_data
                0x08005e94      0xaac ..\obj\diagnostic.o
                0x08005e94                diag_store_data
 .text.diag_reset_data
                0x08006940      0x378 ..\obj\diagnostic.o
                0x08006940                diag_reset_data
 .text.diag_get_data
                0x08006cb8      0x4c0 ..\obj\diagnostic.o
                0x08006cb8                diag_get_data
 .text.diag_store_buffer
                0x08007178       0xc0 ..\obj\diagnostic.o
                0x08007178                diag_store_buffer
 .text.diag_reset_buffer
                0x08007238       0x38 ..\obj\diagnostic.o
                0x08007238                diag_reset_buffer
 .text.TIM_TimeBaseInit
                0x08007270       0xf4 ..\obj\stm32f4xx_tim.o
                0x08007270                TIM_TimeBaseInit
 .text.TIM_Cmd  0x08007364       0x40 ..\obj\stm32f4xx_tim.o
                0x08007364                TIM_Cmd
 .text.TIM_OC3Init
                0x080073a4      0x120 ..\obj\stm32f4xx_tim.o
                0x080073a4                TIM_OC3Init
 .text.TIM_BDTRConfig
                0x080074c4       0x50 ..\obj\stm32f4xx_tim.o
                0x080074c4                TIM_BDTRConfig
 .text.TIM_CtrlPWMOutputs
                0x08007514       0x50 ..\obj\stm32f4xx_tim.o
                0x08007514                TIM_CtrlPWMOutputs
 .text.TIM_ClearITPendingBit
                0x08007564       0x24 ..\obj\stm32f4xx_tim.o
                0x08007564                TIM_ClearITPendingBit
 .text.usart1_init
                0x08007588       0xbc ..\obj\usart.o
                0x08007588                usart1_init
 .text.usart2_init
                0x08007644       0xc0 ..\obj\usart.o
                0x08007644                usart2_init
 .text.usatr2_tx_enable
                0x08007704       0x18 ..\obj\usart.o
                0x08007704                usatr2_tx_enable
 .text.usatr2_tx_disable
                0x0800771c       0x18 ..\obj\usart.o
                0x0800771c                usatr2_tx_disable
 .text.usart1_check_RX
                0x08007734       0x28 ..\obj\usart.o
                0x08007734                usart1_check_RX
 .text.usart2_check_RX
                0x0800775c       0x28 ..\obj\usart.o
                0x0800775c                usart2_check_RX
 .text.usart1_get_byte
                0x08007784       0x88 ..\obj\usart.o
                0x08007784                usart1_get_byte
 .text.usart2_get_byte
                0x0800780c       0x88 ..\obj\usart.o
                0x0800780c                usart2_get_byte
 .text.usart1_put_byte
                0x08007894       0x8c ..\obj\usart.o
                0x08007894                usart1_put_byte
 .text.USART1_IRQHandler
                0x08007920      0x164 ..\obj\usart.o
                0x08007920                USART1_IRQHandler
 .text.USART2_IRQHandler
                0x08007a84      0x1a8 ..\obj\usart.o
                0x08007a84                USART2_IRQHandler
 *fill*         0x08007c2c        0x4 00
 .text.atan     0x08007c30      0x368 c:/program files (x86)/gnu tools arm embedded/4.7 2013q2/bin/../lib/gcc/arm-none-eabi/4.7.4/../../../../arm-none-eabi/lib/armv7e-m\libm.a(lib_a-s_atan.o)
                0x08007c30                atan
 .text.cos      0x08007f98       0x90 c:/program files (x86)/gnu tools arm embedded/4.7 2013q2/bin/../lib/gcc/arm-none-eabi/4.7.4/../../../../arm-none-eabi/lib/armv7e-m\libm.a(lib_a-s_cos.o)
                0x08007f98                cos
 .text.fabs     0x08008028        0x8 c:/program files (x86)/gnu tools arm embedded/4.7 2013q2/bin/../lib/gcc/arm-none-eabi/4.7.4/../../../../arm-none-eabi/lib/armv7e-m\libm.a(lib_a-s_fabs.o)
                0x08008028                fabs
 .text.sin      0x08008030       0x98 c:/program files (x86)/gnu tools arm embedded/4.7 2013q2/bin/../lib/gcc/arm-none-eabi/4.7.4/../../../../arm-none-eabi/lib/armv7e-m\libm.a(lib_a-s_sin.o)
                0x08008030                sin
 .text.sqrt     0x080080c8       0xa8 c:/program files (x86)/gnu tools arm embedded/4.7 2013q2/bin/../lib/gcc/arm-none-eabi/4.7.4/../../../../arm-none-eabi/lib/armv7e-m\libm.a(lib_a-w_sqrt.o)
                0x080080c8                sqrt
 .text.__ieee754_rem_pio2
                0x08008170      0x468 c:/program files (x86)/gnu tools arm embedded/4.7 2013q2/bin/../lib/gcc/arm-none-eabi/4.7.4/../../../../arm-none-eabi/lib/armv7e-m\libm.a(lib_a-e_rem_pio2.o)
                0x08008170                __ieee754_rem_pio2
 .text.__ieee754_sqrt
                0x080085d8      0x208 c:/program files (x86)/gnu tools arm embedded/4.7 2013q2/bin/../lib/gcc/arm-none-eabi/4.7.4/../../../../arm-none-eabi/lib/armv7e-m\libm.a(lib_a-e_sqrt.o)
                0x080085d8                __ieee754_sqrt
 .text.__kernel_cos
                0x080087e0      0x258 c:/program files (x86)/gnu tools arm embedded/4.7 2013q2/bin/../lib/gcc/arm-none-eabi/4.7.4/../../../../arm-none-eabi/lib/armv7e-m\libm.a(lib_a-k_cos.o)
                0x080087e0                __kernel_cos
 .text.__kernel_rem_pio2
                0x08008a38      0xdec c:/program files (x86)/gnu tools arm embedded/4.7 2013q2/bin/../lib/gcc/arm-none-eabi/4.7.4/../../../../arm-none-eabi/lib/armv7e-m\libm.a(lib_a-k_rem_pio2.o)
                0x08008a38                __kernel_rem_pio2
 *fill*         0x08009824        0x4 00
 .text.__kernel_sin
                0x08009828      0x170 c:/program files (x86)/gnu tools arm embedded/4.7 2013q2/bin/../lib/gcc/arm-none-eabi/4.7.4/../../../../arm-none-eabi/lib/armv7e-m\libm.a(lib_a-k_sin.o)
                0x08009828                __kernel_sin
 .text.floor    0x08009998      0x110 c:/program files (x86)/gnu tools arm embedded/4.7 2013q2/bin/../lib/gcc/arm-none-eabi/4.7.4/../../../../arm-none-eabi/lib/armv7e-m\libm.a(lib_a-s_floor.o)
                0x08009998                floor
 .text.__fpclassifyd
                0x08009aa8       0x68 c:/program files (x86)/gnu tools arm embedded/4.7 2013q2/bin/../lib/gcc/arm-none-eabi/4.7.4/../../../../arm-none-eabi/lib/armv7e-m\libm.a(lib_a-s_fpclassify.o)
                0x08009aa8                __fpclassifyd
 .text.matherr  0x08009b10        0x4 c:/program files (x86)/gnu tools arm embedded/4.7 2013q2/bin/../lib/gcc/arm-none-eabi/4.7.4/../../../../arm-none-eabi/lib/armv7e-m\libm.a(lib_a-s_matherr.o)
                0x08009b10                matherr
 *fill*         0x08009b14        0x4 00
 .text.scalbn   0x08009b18      0x108 c:/program files (x86)/gnu tools arm embedded/4.7 2013q2/bin/../lib/gcc/arm-none-eabi/4.7.4/../../../../arm-none-eabi/lib/armv7e-m\libm.a(lib_a-s_scalbn.o)
                0x08009b18                scalbn
 .text.copysign
                0x08009c20       0x18 c:/program files (x86)/gnu tools arm embedded/4.7 2013q2/bin/../lib/gcc/arm-none-eabi/4.7.4/../../../../arm-none-eabi/lib/armv7e-m\libm.a(lib_a-s_copysign.o)
                0x08009c20                copysign
 .text          0x08009c38      0x370 c:/program files (x86)/gnu tools arm embedded/4.7 2013q2/bin/../lib/gcc/arm-none-eabi/4.7.4/armv7e-m\libgcc.a(_arm_addsubdf3.o)
                0x08009c38                __aeabi_drsub
                0x08009c40                __aeabi_dsub
                0x08009c40                __subdf3
                0x08009c44                __aeabi_dadd
                0x08009c44                __adddf3
                0x08009ebc                __floatunsidf
                0x08009ebc                __aeabi_ui2d
                0x08009edc                __floatsidf
                0x08009edc                __aeabi_i2d
                0x08009f00                __aeabi_f2d
                0x08009f00                __extendsfdf2
                0x08009f3c                __floatundidf
                0x08009f3c                __aeabi_ul2d
                0x08009f4c                __floatdidf
                0x08009f4c                __aeabi_l2d
 .text          0x08009fa8      0x424 c:/program files (x86)/gnu tools arm embedded/4.7 2013q2/bin/../lib/gcc/arm-none-eabi/4.7.4/armv7e-m\libgcc.a(_arm_muldivdf3.o)
                0x08009fa8                __aeabi_dmul
                0x08009fa8                __muldf3
                0x0800a1fc                __divdf3
                0x0800a1fc                __aeabi_ddiv
 .text          0x0800a3cc      0x110 c:/program files (x86)/gnu tools arm embedded/4.7 2013q2/bin/../lib/gcc/arm-none-eabi/4.7.4/armv7e-m\libgcc.a(_arm_cmpdf2.o)
                0x0800a3cc                __gtdf2
                0x0800a3cc                __gedf2
                0x0800a3d4                __ltdf2
                0x0800a3d4                __ledf2
                0x0800a3dc                __nedf2
                0x0800a3dc                __eqdf2
                0x0800a3dc                __cmpdf2
                0x0800a458                __aeabi_cdrcmple
                0x0800a468                __aeabi_cdcmpeq
                0x0800a468                __aeabi_cdcmple
                0x0800a478                __aeabi_dcmpeq
                0x0800a48c                __aeabi_dcmplt
                0x0800a4a0                __aeabi_dcmple
                0x0800a4b4                __aeabi_dcmpge
                0x0800a4c8                __aeabi_dcmpgt
 .text          0x0800a4dc       0x50 c:/program files (x86)/gnu tools arm embedded/4.7 2013q2/bin/../lib/gcc/arm-none-eabi/4.7.4/armv7e-m\libgcc.a(_arm_fixdfsi.o)
                0x0800a4dc                __aeabi_d2iz
                0x0800a4dc                __fixdfsi
 .text          0x0800a52c       0xa0 c:/program files (x86)/gnu tools arm embedded/4.7 2013q2/bin/../lib/gcc/arm-none-eabi/4.7.4/armv7e-m\libgcc.a(_arm_truncdfsf2.o)
                0x0800a52c                __truncdfsf2
                0x0800a52c                __aeabi_d2f
 .text          0x0800a5cc      0x21c c:/program files (x86)/gnu tools arm embedded/4.7 2013q2/bin/../lib/gcc/arm-none-eabi/4.7.4/armv7e-m\libgcc.a(_arm_addsubsf3.o)
                0x0800a5cc                __aeabi_frsub
                0x0800a5d4                __subsf3
                0x0800a5d4                __aeabi_fsub
                0x0800a5d8                __aeabi_fadd
                0x0800a5d8                __addsf3
                0x0800a738                __aeabi_ui2f
                0x0800a738                __floatunsisf
                0x0800a740                __aeabi_i2f
                0x0800a740                __floatsisf
                0x0800a75c                __aeabi_ul2f
                0x0800a75c                __floatundisf
                0x0800a76c                __aeabi_l2f
                0x0800a76c                __floatdisf
 .text          0x0800a7e8      0x2a0 c:/program files (x86)/gnu tools arm embedded/4.7 2013q2/bin/../lib/gcc/arm-none-eabi/4.7.4/armv7e-m\libgcc.a(_arm_muldivsf3.o)
                0x0800a7e8                __mulsf3
                0x0800a7e8                __aeabi_fmul
                0x0800a950                __aeabi_fdiv
                0x0800a950                __divsf3
 .text          0x0800aa88       0xec c:/program files (x86)/gnu tools arm embedded/4.7 2013q2/bin/../lib/gcc/arm-none-eabi/4.7.4/armv7e-m\libgcc.a(_arm_cmpsf2.o)
                0x0800aa88                __gesf2
                0x0800aa88                __gtsf2
                0x0800aa90                __lesf2
                0x0800aa90                __ltsf2
                0x0800aa98                __nesf2
                0x0800aa98                __eqsf2
                0x0800aa98                __cmpsf2
                0x0800aaf8                __aeabi_cfrcmple
                0x0800ab00                __aeabi_cfcmpeq
                0x0800ab00                __aeabi_cfcmple
                0x0800ab10                __aeabi_fcmpeq
                0x0800ab24                __aeabi_fcmplt
                0x0800ab38                __aeabi_fcmple
                0x0800ab4c                __aeabi_fcmpge
                0x0800ab60                __aeabi_fcmpgt
 .text          0x0800ab74       0x4c c:/program files (x86)/gnu tools arm embedded/4.7 2013q2/bin/../lib/gcc/arm-none-eabi/4.7.4/armv7e-m\libgcc.a(_arm_fixsfsi.o)
                0x0800ab74                __aeabi_f2iz
                0x0800ab74                __fixsfsi
 .text          0x0800abc0       0x40 c:/program files (x86)/gnu tools arm embedded/4.7 2013q2/bin/../lib/gcc/arm-none-eabi/4.7.4/armv7e-m\libgcc.a(_arm_fixunssfsi.o)
                0x0800abc0                __fixunssfsi
                0x0800abc0                __aeabi_f2uiz
 .text.__errno  0x0800ac00        0xc c:/program files (x86)/gnu tools arm embedded/4.7 2013q2/bin/../lib/gcc/arm-none-eabi/4.7.4/../../../../arm-none-eabi/lib/armv7e-m\libc.a(lib_a-errno.o)
                0x0800ac00                __errno
 *(.init)
 *(.fini)
 *crtbegin.o(.ctors)
 *crtbegin?.o(.ctors)
 *(EXCLUDE_FILE(*crtend.o *crtend?.o) .ctors)
 *(SORT(.ctors.*))
 *(.ctors)
 *crtbegin.o(.dtors)
 *crtbegin?.o(.dtors)
 *(EXCLUDE_FILE(*crtend.o *crtend?.o) .dtors)
 *(SORT(.dtors.*))
 *(.dtors)
 *(.rodata*)
 *fill*         0x0800ac0c        0x4 00
 .rodata.atanlo
                0x0800ac10       0x20 c:/program files (x86)/gnu tools arm embedded/4.7 2013q2/bin/../lib/gcc/arm-none-eabi/4.7.4/../../../../arm-none-eabi/lib/armv7e-m\libm.a(lib_a-s_atan.o)
 .rodata.atanhi
                0x0800ac30       0x20 c:/program files (x86)/gnu tools arm embedded/4.7 2013q2/bin/../lib/gcc/arm-none-eabi/4.7.4/../../../../arm-none-eabi/lib/armv7e-m\libm.a(lib_a-s_atan.o)
 .rodata.str1.4
                0x0800ac50        0x5 c:/program files (x86)/gnu tools arm embedded/4.7 2013q2/bin/../lib/gcc/arm-none-eabi/4.7.4/../../../../arm-none-eabi/lib/armv7e-m\libm.a(lib_a-w_sqrt.o)
                                  0x8 (size before relaxing)
 *fill*         0x0800ac55        0x3 00
 .rodata.npio2_hw
                0x0800ac58       0x80 c:/program files (x86)/gnu tools arm embedded/4.7 2013q2/bin/../lib/gcc/arm-none-eabi/4.7.4/../../../../arm-none-eabi/lib/armv7e-m\libm.a(lib_a-e_rem_pio2.o)
 .rodata.two_over_pi
                0x0800acd8      0x108 c:/program files (x86)/gnu tools arm embedded/4.7 2013q2/bin/../lib/gcc/arm-none-eabi/4.7.4/../../../../arm-none-eabi/lib/armv7e-m\libm.a(lib_a-e_rem_pio2.o)
 .rodata.init_jk
                0x0800ade0       0x10 c:/program files (x86)/gnu tools arm embedded/4.7 2013q2/bin/../lib/gcc/arm-none-eabi/4.7.4/../../../../arm-none-eabi/lib/armv7e-m\libm.a(lib_a-k_rem_pio2.o)
 .rodata.PIo2   0x0800adf0       0x40 c:/program files (x86)/gnu tools arm embedded/4.7 2013q2/bin/../lib/gcc/arm-none-eabi/4.7.4/../../../../arm-none-eabi/lib/armv7e-m\libm.a(lib_a-k_rem_pio2.o)
 .rodata.str1.4
                0x0800ae30        0x4 c:/program files (x86)/gnu tools arm embedded/4.7 2013q2/bin/../lib/gcc/arm-none-eabi/4.7.4/../../../../arm-none-eabi/lib/armv7e-m\libc.a(lib_a-impure.o)
 *(.eh_fram e*)

.glue_7         0x0800ae34        0x0
 .glue_7        0x00000000        0x0 linker stubs

.glue_7t        0x0800ae34        0x0
 .glue_7t       0x00000000        0x0 linker stubs

.vfp11_veneer   0x0800ae34        0x0
 .vfp11_veneer  0x00000000        0x0 linker stubs

.v4_bx          0x0800ae34        0x0
 .v4_bx         0x00000000        0x0 linker stubs

.iplt           0x0800ae34        0x0
 .iplt          0x00000000        0x0 ..\obj\stm32f4xx_syscfg.o

.rel.dyn        0x0800ae34        0x0
 .rel.iplt      0x00000000        0x0 ..\obj\stm32f4xx_syscfg.o

.ARM.extab
 *(.ARM.extab* .gnu.linkonce.armextab.*)
                0x0800ae34                __exidx_start = .

.ARM.exidx
 *(.ARM.exidx* .gnu.linkonce.armexidx.*)
                0x0800ae34                __exidx_end = .
                0x0800ae34                __etext = .
                0x0800ae34                _sidata = __etext

.data           0x20000000      0x45c load address 0x0800ae34
                0x20000000                __data_start__ = .
                0x20000000                _sdata = __data_start__
 *(vtable)
 *(.data*)
 .data          0x20000000        0x6 ..\obj\timer.o
 *fill*         0x20000006        0x2 00
 .data          0x20000008       0x10 ..\obj\stm32f4xx_rcc.o
 .data          0x20000018       0x14 ..\obj\system_stm32f4xx.o
                0x20000018                SystemCoreClock
                0x2000001c                AHBPrescTable
 .data.__fdlib_version
                0x2000002c        0x1 c:/program files (x86)/gnu tools arm embedded/4.7 2013q2/bin/../lib/gcc/arm-none-eabi/4.7.4/../../../../arm-none-eabi/lib/armv7e-m\libm.a(lib_a-s_lib_ver.o)
                0x2000002c                __fdlib_version
 *fill*         0x2000002d        0x3 00
 .data.impure_data
                0x20000030      0x428 c:/program files (x86)/gnu tools arm embedded/4.7 2013q2/bin/../lib/gcc/arm-none-eabi/4.7.4/../../../../arm-none-eabi/lib/armv7e-m\libc.a(lib_a-impure.o)
 .data._impure_ptr
                0x20000458        0x4 c:/program files (x86)/gnu tools arm embedded/4.7 2013q2/bin/../lib/gcc/arm-none-eabi/4.7.4/../../../../arm-none-eabi/lib/armv7e-m\libc.a(lib_a-impure.o)
                0x20000458                _impure_ptr
                0x2000045c                . = ALIGN (0x4)
                0x2000045c                PROVIDE (__preinit_array_start, .)
 *(.preinit_array)
                0x2000045c                PROVIDE (__preinit_array_end, .)
                0x2000045c                . = ALIGN (0x4)
                0x2000045c                PROVIDE (__init_array_start, .)
 *(SORT(.init_array.*))
 *(.init_array)
                0x2000045c                PROVIDE (__init_array_end, .)
                0x2000045c                . = ALIGN (0x4)
                0x2000045c                PROVIDE (__fini_array_start, .)
 *(SORT(.fini_array.*))
 *(.fini_array)
                0x2000045c                PROVIDE (__fini_array_end, .)
 *(.jcr*)
                0x2000045c                . = ALIGN (0x4)
                0x2000045c                __data_end__ = .
                0x2000045c                _edata = __data_end__

.igot.plt       0x2000045c        0x0 load address 0x0800b290
 .igot.plt      0x00000000        0x0 ..\obj\stm32f4xx_syscfg.o

.bss            0x2000045c     0x69cc load address 0x0800b290
                0x2000045c                . = ALIGN (0x4)
                0x2000045c                __bss_start__ = .
                0x2000045c                _sbss = __bss_start__
 *(.bss*)
 .bss           0x2000045c        0x1 ..\obj\logic.o
 *fill*         0x2000045d        0x3 00
 .bss           0x20000460       0x34 ..\obj\timer.o
 .bss           0x20000494        0x8 ..\obj\simple_comm.o
 .bss           0x2000049c       0x1c ..\obj\int_comm.o
 *(COMMON)
 COMMON         0x200004b8     0x6970 ..\obj\main.o
                0x200004b8                logic_data
                0x20000504                USART2_Datas
                0x200028b0                ADC_Measurements
                0x200028d0                TIM_Control_Var
                0x200028e4                icomm_data
                0x200028e8                Diagnostic_Data
                0x200049e0                TIM_Sys_Flags
                0x200049e8                ADC_Datas
                0x20004a68                TIM_PWM_Data
                0x20004a7c                USART1_Datas
                0x20006e28                . = ALIGN (0x4)
                0x20006e28                __bss_end__ = .
                0x20006e28                _ebss = __bss_end__

.heap           0x20006e28        0x0
                0x20006e28                __end__ = .
                0x20006e28                _end = __end__
                0x20006e28                end = __end__
 *(.heap*)
                0x20006e28                __HeapLimit = .

.co_stack       0x20006e28      0x800 load address 0x08011c5c
                0x20006e28                . = ALIGN (0x8)
 *(.co_stack .co_stack.*)
 .co_stack      0x20006e28      0x800 ..\obj\startup_stm32f4xx.o
                0x20006e28                pulStack
                0x20020000                __StackTop = (ORIGIN (ram) + 0x20000)
                0x2001f800                __StackLimit = (__StackTop - SIZEOF (.co_stack))
                0x20020000                PROVIDE (__stack, __StackTop)
                0x00000001                ASSERT ((__StackLimit >= __HeapLimit), region ram  overflowed with stack)
LOAD ..\obj\stm32f4xx_syscfg.o
LOAD ..\obj\logic.o
LOAD ..\obj\timer.o
LOAD ..\obj\stm32f4xx_usart.o
LOAD ..\obj\config.o
LOAD ..\obj\startup_stm32f4xx.o
LOAD ..\obj\stm32f4xx_iwdg.o
LOAD ..\obj\main.o
LOAD ..\obj\simple_comm.o
LOAD ..\obj\stm32f4xx_rcc.o
LOAD ..\obj\stm32f4xx_adc.o
LOAD ..\obj\gpio.o
LOAD ..\obj\stm32f4xx_gpio.o
LOAD ..\obj\stm32f4xx_flash.o
LOAD ..\obj\system_stm32f4xx.o
LOAD ..\obj\syscalls.o
LOAD ..\obj\stm32f4xx_dma.o
LOAD ..\obj\adc.o
LOAD ..\obj\stm32f4xx_spi.o
LOAD ..\obj\misc.o
LOAD ..\obj\int_comm.o
LOAD ..\obj\diagnostic.o
LOAD ..\obj\stm32f4xx_tim.o
LOAD ..\obj\usart.o
LOAD c:/program files (x86)/gnu tools arm embedded/4.7 2013q2/bin/../lib/gcc/arm-none-eabi/4.7.4/../../../../arm-none-eabi/lib/armv7e-m\libm.a
LOAD c:/program files (x86)/gnu tools arm embedded/4.7 2013q2/bin/../lib/gcc/arm-none-eabi/4.7.4/armv7e-m\libgcc.a
LOAD c:/program files (x86)/gnu tools arm embedded/4.7 2013q2/bin/../lib/gcc/arm-none-eabi/4.7.4/../../../../arm-none-eabi/lib/armv7e-m\libc.a
START GROUP
LOAD c:/program files (x86)/gnu tools arm embedded/4.7 2013q2/bin/../lib/gcc/arm-none-eabi/4.7.4/armv7e-m\libgcc.a
LOAD c:/program files (x86)/gnu tools arm embedded/4.7 2013q2/bin/../lib/gcc/arm-none-eabi/4.7.4/../../../../arm-none-eabi/lib/armv7e-m\libg.a
LOAD c:/program files (x86)/gnu tools arm embedded/4.7 2013q2/bin/../lib/gcc/arm-none-eabi/4.7.4/../../../../arm-none-eabi/lib/armv7e-m\libc.a
END GROUP
OUTPUT(Wireless Charger Inverter.elf elf32-littlearm)

.debug_info     0x00000000     0xbc18
 .debug_info    0x00000000      0x6ca ..\obj\logic.o
 .debug_info    0x000006ca     0x1896 ..\obj\timer.o
 .debug_info    0x00001f60      0xa65 ..\obj\stm32f4xx_usart.o
 .debug_info    0x000029c5      0x3b0 ..\obj\config.o
 .debug_info    0x00002d75      0x103 ..\obj\startup_stm32f4xx.o
 .debug_info    0x00002e78      0x997 ..\obj\main.o
 .debug_info    0x0000380f      0x861 ..\obj\simple_comm.o
 .debug_info    0x00004070      0xd49 ..\obj\stm32f4xx_rcc.o
 .debug_info    0x00004db9      0xd14 ..\obj\stm32f4xx_adc.o
 .debug_info    0x00005acd      0x29e ..\obj\gpio.o
 .debug_info    0x00005d6b      0x640 ..\obj\stm32f4xx_gpio.o
 .debug_info    0x000063ab      0x5f5 ..\obj\system_stm32f4xx.o
 .debug_info    0x000069a0      0x7af ..\obj\stm32f4xx_dma.o
 .debug_info    0x0000714f      0x65a ..\obj\adc.o
 .debug_info    0x000077a9      0xbde ..\obj\stm32f4xx_spi.o
 .debug_info    0x00008387      0x592 ..\obj\misc.o
 .debug_info    0x00008919      0x735 ..\obj\int_comm.o
 .debug_info    0x0000904e      0x75d ..\obj\diagnostic.o
 .debug_info    0x000097ab     0x1e7d ..\obj\stm32f4xx_tim.o
 .debug_info    0x0000b628      0x5f0 ..\obj\usart.o

.debug_abbrev   0x00000000     0x1c48
 .debug_abbrev  0x00000000      0x1ca ..\obj\logic.o
 .debug_abbrev  0x000001ca      0x264 ..\obj\timer.o
 .debug_abbrev  0x0000042e      0x157 ..\obj\stm32f4xx_usart.o
 .debug_abbrev  0x00000585       0xde ..\obj\config.o
 .debug_abbrev  0x00000663       0xb2 ..\obj\startup_stm32f4xx.o
 .debug_abbrev  0x00000715       0xe9 ..\obj\main.o
 .debug_abbrev  0x000007fe      0x19b ..\obj\simple_comm.o
 .debug_abbrev  0x00000999      0x1e5 ..\obj\stm32f4xx_rcc.o
 .debug_abbrev  0x00000b7e      0x198 ..\obj\stm32f4xx_adc.o
 .debug_abbrev  0x00000d16       0xf4 ..\obj\gpio.o
 .debug_abbrev  0x00000e0a      0x1a5 ..\obj\stm32f4xx_gpio.o
 .debug_abbrev  0x00000faf      0x138 ..\obj\system_stm32f4xx.o
 .debug_abbrev  0x000010e7      0x157 ..\obj\stm32f4xx_dma.o
 .debug_abbrev  0x0000123e      0x180 ..\obj\adc.o
 .debug_abbrev  0x000013be      0x169 ..\obj\stm32f4xx_spi.o
 .debug_abbrev  0x00001527      0x129 ..\obj\misc.o
 .debug_abbrev  0x00001650      0x190 ..\obj\int_comm.o
 .debug_abbrev  0x000017e0      0x126 ..\obj\diagnostic.o
 .debug_abbrev  0x00001906      0x189 ..\obj\stm32f4xx_tim.o
 .debug_abbrev  0x00001a8f      0x1b9 ..\obj\usart.o

.debug_loc      0x00000000     0x49b6
 .debug_loc     0x00000000      0x270 ..\obj\logic.o
 .debug_loc     0x00000270      0x5d8 ..\obj\timer.o
 .debug_loc     0x00000848      0x658 ..\obj\stm32f4xx_usart.o
 .debug_loc     0x00000ea0       0x90 ..\obj\config.o
 .debug_loc     0x00000f30       0x64 ..\obj\startup_stm32f4xx.o
 .debug_loc     0x00000f94       0x2c ..\obj\main.o
 .debug_loc     0x00000fc0       0xa8 ..\obj\simple_comm.o
 .debug_loc     0x00001068      0x97c ..\obj\stm32f4xx_rcc.o
 .debug_loc     0x000019e4      0x838 ..\obj\stm32f4xx_adc.o
 .debug_loc     0x0000221c       0x38 ..\obj\gpio.o
 .debug_loc     0x00002254      0x310 ..\obj\stm32f4xx_gpio.o
 .debug_loc     0x00002564       0x9c ..\obj\system_stm32f4xx.o
 .debug_loc     0x00002600      0x428 ..\obj\stm32f4xx_dma.o
 .debug_loc     0x00002a28      0x12e ..\obj\adc.o
 .debug_loc     0x00002b56      0x578 ..\obj\stm32f4xx_spi.o
 .debug_loc     0x000030ce      0x118 ..\obj\misc.o
 .debug_loc     0x000031e6       0x90 ..\obj\int_comm.o
 .debug_loc     0x00003276       0xe8 ..\obj\diagnostic.o
 .debug_loc     0x0000335e     0x1420 ..\obj\stm32f4xx_tim.o
 .debug_loc     0x0000477e      0x238 ..\obj\usart.o

.debug_aranges  0x00000000      0xcb0
 .debug_aranges
                0x00000000       0x78 ..\obj\logic.o
 .debug_aranges
                0x00000078      0x108 ..\obj\timer.o
 .debug_aranges
                0x00000180      0x100 ..\obj\stm32f4xx_usart.o
 .debug_aranges
                0x00000280       0x30 ..\obj\config.o
 .debug_aranges
                0x000002b0       0x28 ..\obj\startup_stm32f4xx.o
 .debug_aranges
                0x000002d8       0x20 ..\obj\main.o
 .debug_aranges
                0x000002f8       0x30 ..\obj\simple_comm.o
 .debug_aranges
                0x00000328      0x178 ..\obj\stm32f4xx_rcc.o
 .debug_aranges
                0x000004a0      0x148 ..\obj\stm32f4xx_adc.o
 .debug_aranges
                0x000005e8       0x20 ..\obj\gpio.o
 .debug_aranges
                0x00000608       0x88 ..\obj\stm32f4xx_gpio.o
 .debug_aranges
                0x00000690       0x30 ..\obj\system_stm32f4xx.o
 .debug_aranges
                0x000006c0       0xb0 ..\obj\stm32f4xx_dma.o
 .debug_aranges
                0x00000770       0x48 ..\obj\adc.o
 .debug_aranges
                0x000007b8       0xe0 ..\obj\stm32f4xx_spi.o
 .debug_aranges
                0x00000898       0x40 ..\obj\misc.o
 .debug_aranges
                0x000008d8       0x30 ..\obj\int_comm.o
 .debug_aranges
                0x00000908       0x40 ..\obj\diagnostic.o
 .debug_aranges
                0x00000948      0x2f8 ..\obj\stm32f4xx_tim.o
 .debug_aranges
                0x00000c40       0x70 ..\obj\usart.o

.debug_ranges   0x00000000      0xb88
 .debug_ranges  0x00000000       0x68 ..\obj\logic.o
 .debug_ranges  0x00000068       0xf8 ..\obj\timer.o
 .debug_ranges  0x00000160       0xf0 ..\obj\stm32f4xx_usart.o
 .debug_ranges  0x00000250       0x20 ..\obj\config.o
 .debug_ranges  0x00000270       0x18 ..\obj\startup_stm32f4xx.o
 .debug_ranges  0x00000288       0x10 ..\obj\main.o
 .debug_ranges  0x00000298       0x38 ..\obj\simple_comm.o
 .debug_ranges  0x000002d0      0x168 ..\obj\stm32f4xx_rcc.o
 .debug_ranges  0x00000438      0x138 ..\obj\stm32f4xx_adc.o
 .debug_ranges  0x00000570       0x10 ..\obj\gpio.o
 .debug_ranges  0x00000580       0x78 ..\obj\stm32f4xx_gpio.o
 .debug_ranges  0x000005f8       0x20 ..\obj\system_stm32f4xx.o
 .debug_ranges  0x00000618       0xa0 ..\obj\stm32f4xx_dma.o
 .debug_ranges  0x000006b8       0x38 ..\obj\adc.o
 .debug_ranges  0x000006f0       0xd0 ..\obj\stm32f4xx_spi.o
 .debug_ranges  0x000007c0       0x30 ..\obj\misc.o
 .debug_ranges  0x000007f0       0x20 ..\obj\int_comm.o
 .debug_ranges  0x00000810       0x30 ..\obj\diagnostic.o
 .debug_ranges  0x00000840      0x2e8 ..\obj\stm32f4xx_tim.o
 .debug_ranges  0x00000b28       0x60 ..\obj\usart.o

.debug_line     0x00000000     0x4943
 .debug_line    0x00000000      0x384 ..\obj\logic.o
 .debug_line    0x00000384      0x687 ..\obj\timer.o
 .debug_line    0x00000a0b      0x497 ..\obj\stm32f4xx_usart.o
 .debug_line    0x00000ea2      0x20c ..\obj\config.o
 .debug_line    0x000010ae       0xaa ..\obj\startup_stm32f4xx.o
 .debug_line    0x00001158      0x218 ..\obj\main.o
 .debug_line    0x00001370      0x2e4 ..\obj\simple_comm.o
 .debug_line    0x00001654      0x58e ..\obj\stm32f4xx_rcc.o
 .debug_line    0x00001be2      0x547 ..\obj\stm32f4xx_adc.o
 .debug_line    0x00002129      0x241 ..\obj\gpio.o
 .debug_line    0x0000236a      0x332 ..\obj\stm32f4xx_gpio.o
 .debug_line    0x0000269c      0x1cc ..\obj\system_stm32f4xx.o
 .debug_line    0x00002868      0x3cf ..\obj\stm32f4xx_dma.o
 .debug_line    0x00002c37      0x2b1 ..\obj\adc.o
 .debug_line    0x00002ee8      0x446 ..\obj\stm32f4xx_spi.o
 .debug_line    0x0000332e      0x238 ..\obj\misc.o
 .debug_line    0x00003566      0x2b6 ..\obj\int_comm.o
 .debug_line    0x0000381c      0x3cf ..\obj\diagnostic.o
 .debug_line    0x00003beb      0xa6c ..\obj\stm32f4xx_tim.o
 .debug_line    0x00004657      0x2ec ..\obj\usart.o

.debug_str      0x00000000     0x3e3d
 .debug_str     0x00000000      0x3d0 ..\obj\logic.o
                                0x438 (size before relaxing)
 .debug_str     0x000003d0      0xdf5 ..\obj\timer.o
                               0x1052 (size before relaxing)
 .debug_str     0x000011c5      0x4bb ..\obj\stm32f4xx_usart.o
                                0x63a (size before relaxing)
 .debug_str     0x00001680       0xf4 ..\obj\config.o
                                0x71a (size before relaxing)
 .debug_str     0x00001774       0xb8 ..\obj\startup_stm32f4xx.o
                                0x11c (size before relaxing)
 .debug_str     0x0000182c      0x16d ..\obj\main.o
                                0x56e (size before relaxing)
 .debug_str     0x00001999       0x87 ..\obj\simple_comm.o
                                0x526 (size before relaxing)
 .debug_str     0x00001a20      0x5eb ..\obj\stm32f4xx_rcc.o
                                0x7fb (size before relaxing)
 .debug_str     0x0000200b      0x642 ..\obj\stm32f4xx_adc.o
                                0x7af (size before relaxing)
 .debug_str     0x0000264d      0x1a8 ..\obj\gpio.o
                                0x2e6 (size before relaxing)
 .debug_str     0x000027f5      0x18d ..\obj\stm32f4xx_gpio.o
                                0x44e (size before relaxing)
 .debug_str     0x00002982       0xbc ..\obj\system_stm32f4xx.o
                                0x355 (size before relaxing)
 .debug_str     0x00002a3e      0x36a ..\obj\stm32f4xx_dma.o
                                0x4f7 (size before relaxing)
 .debug_str     0x00002da8       0xe3 ..\obj\adc.o
                                0x4ed (size before relaxing)
 .debug_str     0x00002e8b      0x2f8 ..\obj\stm32f4xx_spi.o
                                0x635 (size before relaxing)
 .debug_str     0x00003183      0x114 ..\obj\misc.o
                                0x384 (size before relaxing)
 .debug_str     0x00003297       0x86 ..\obj\int_comm.o
                                0x45b (size before relaxing)
 .debug_str     0x0000331d       0x97 ..\obj\diagnostic.o
                                0x432 (size before relaxing)
 .debug_str     0x000033b4      0x986 ..\obj\stm32f4xx_tim.o
                                0xd7b (size before relaxing)
 .debug_str     0x00003d3a      0x103 ..\obj\usart.o
                                0x417 (size before relaxing)

.comment        0x00000000       0x70
 .comment       0x00000000       0x70 ..\obj\logic.o
                                 0x71 (size before relaxing)
 .comment       0x00000000       0x71 ..\obj\timer.o
 .comment       0x00000000       0x71 ..\obj\stm32f4xx_usart.o
 .comment       0x00000000       0x71 ..\obj\config.o
 .comment       0x00000000       0x71 ..\obj\startup_stm32f4xx.o
 .comment       0x00000000       0x71 ..\obj\main.o
 .comment       0x00000000       0x71 ..\obj\simple_comm.o
 .comment       0x00000000       0x71 ..\obj\stm32f4xx_rcc.o
 .comment       0x00000000       0x71 ..\obj\stm32f4xx_adc.o
 .comment       0x00000000       0x71 ..\obj\gpio.o
 .comment       0x00000000       0x71 ..\obj\stm32f4xx_gpio.o
 .comment       0x00000000       0x71 ..\obj\system_stm32f4xx.o
 .comment       0x00000000       0x71 ..\obj\stm32f4xx_dma.o
 .comment       0x00000000       0x71 ..\obj\adc.o
 .comment       0x00000000       0x71 ..\obj\stm32f4xx_spi.o
 .comment       0x00000000       0x71 ..\obj\misc.o
 .comment       0x00000000       0x71 ..\obj\int_comm.o
 .comment       0x00000000       0x71 ..\obj\diagnostic.o
 .comment       0x00000000       0x71 ..\obj\stm32f4xx_tim.o
 .comment       0x00000000       0x71 ..\obj\usart.o

.ARM.attributes
                0x00000000       0x33
 .ARM.attributes
                0x00000000       0x33 ..\obj\logic.o
 .ARM.attributes
                0x00000033       0x33 ..\obj\timer.o
 .ARM.attributes
                0x00000066       0x33 ..\obj\stm32f4xx_usart.o
 .ARM.attributes
                0x00000099       0x33 ..\obj\config.o
 .ARM.attributes
                0x000000cc       0x33 ..\obj\startup_stm32f4xx.o
 .ARM.attributes
                0x000000ff       0x33 ..\obj\main.o
 .ARM.attributes
                0x00000132       0x33 ..\obj\simple_comm.o
 .ARM.attributes
                0x00000165       0x33 ..\obj\stm32f4xx_rcc.o
 .ARM.attributes
                0x00000198       0x33 ..\obj\stm32f4xx_adc.o
 .ARM.attributes
                0x000001cb       0x33 ..\obj\gpio.o
 .ARM.attributes
                0x000001fe       0x33 ..\obj\stm32f4xx_gpio.o
 .ARM.attributes
                0x00000231       0x33 ..\obj\system_stm32f4xx.o
 .ARM.attributes
                0x00000264       0x33 ..\obj\stm32f4xx_dma.o
 .ARM.attributes
                0x00000297       0x33 ..\obj\adc.o
 .ARM.attributes
                0x000002ca       0x33 ..\obj\stm32f4xx_spi.o
 .ARM.attributes
                0x000002fd       0x33 ..\obj\misc.o
 .ARM.attributes
                0x00000330       0x33 ..\obj\int_comm.o
 .ARM.attributes
                0x00000363       0x33 ..\obj\diagnostic.o
 .ARM.attributes
                0x00000396       0x33 ..\obj\stm32f4xx_tim.o
 .ARM.attributes
                0x000003c9       0x33 ..\obj\usart.o
 .ARM.attributes
                0x000003fc       0x2e c:/program files (x86)/gnu tools arm embedded/4.7 2013q2/bin/../lib/gcc/arm-none-eabi/4.7.4/../../../../arm-none-eabi/lib/armv7e-m\libm.a(lib_a-s_atan.o)
 .ARM.attributes
                0x0000042a       0x2e c:/program files (x86)/gnu tools arm embedded/4.7 2013q2/bin/../lib/gcc/arm-none-eabi/4.7.4/../../../../arm-none-eabi/lib/armv7e-m\libm.a(lib_a-s_cos.o)
 .ARM.attributes
                0x00000458       0x2e c:/program files (x86)/gnu tools arm embedded/4.7 2013q2/bin/../lib/gcc/arm-none-eabi/4.7.4/../../../../arm-none-eabi/lib/armv7e-m\libm.a(lib_a-s_fabs.o)
 .ARM.attributes
                0x00000486       0x2e c:/program files (x86)/gnu tools arm embedded/4.7 2013q2/bin/../lib/gcc/arm-none-eabi/4.7.4/../../../../arm-none-eabi/lib/armv7e-m\libm.a(lib_a-s_sin.o)
 .ARM.attributes
                0x000004b4       0x2e c:/program files (x86)/gnu tools arm embedded/4.7 2013q2/bin/../lib/gcc/arm-none-eabi/4.7.4/../../../../arm-none-eabi/lib/armv7e-m\libm.a(lib_a-w_sqrt.o)
 .ARM.attributes
                0x000004e2       0x2e c:/program files (x86)/gnu tools arm embedded/4.7 2013q2/bin/../lib/gcc/arm-none-eabi/4.7.4/../../../../arm-none-eabi/lib/armv7e-m\libm.a(lib_a-e_rem_pio2.o)
 .ARM.attributes
                0x00000510       0x2e c:/program files (x86)/gnu tools arm embedded/4.7 2013q2/bin/../lib/gcc/arm-none-eabi/4.7.4/../../../../arm-none-eabi/lib/armv7e-m\libm.a(lib_a-e_sqrt.o)
 .ARM.attributes
                0x0000053e       0x2e c:/program files (x86)/gnu tools arm embedded/4.7 2013q2/bin/../lib/gcc/arm-none-eabi/4.7.4/../../../../arm-none-eabi/lib/armv7e-m\libm.a(lib_a-k_cos.o)
 .ARM.attributes
                0x0000056c       0x2e c:/program files (x86)/gnu tools arm embedded/4.7 2013q2/bin/../lib/gcc/arm-none-eabi/4.7.4/../../../../arm-none-eabi/lib/armv7e-m\libm.a(lib_a-k_rem_pio2.o)
 .ARM.attributes
                0x0000059a       0x2e c:/program files (x86)/gnu tools arm embedded/4.7 2013q2/bin/../lib/gcc/arm-none-eabi/4.7.4/../../../../arm-none-eabi/lib/armv7e-m\libm.a(lib_a-k_sin.o)
 .ARM.attributes
                0x000005c8       0x2e c:/program files (x86)/gnu tools arm embedded/4.7 2013q2/bin/../lib/gcc/arm-none-eabi/4.7.4/../../../../arm-none-eabi/lib/armv7e-m\libm.a(lib_a-s_floor.o)
 .ARM.attributes
                0x000005f6       0x2e c:/program files (x86)/gnu tools arm embedded/4.7 2013q2/bin/../lib/gcc/arm-none-eabi/4.7.4/../../../../arm-none-eabi/lib/armv7e-m\libm.a(lib_a-s_fpclassify.o)
 .ARM.attributes
                0x00000624       0x2e c:/program files (x86)/gnu tools arm embedded/4.7 2013q2/bin/../lib/gcc/arm-none-eabi/4.7.4/../../../../arm-none-eabi/lib/armv7e-m\libm.a(lib_a-s_lib_ver.o)
 .ARM.attributes
                0x00000652       0x2e c:/program files (x86)/gnu tools arm embedded/4.7 2013q2/bin/../lib/gcc/arm-none-eabi/4.7.4/../../../../arm-none-eabi/lib/armv7e-m\libm.a(lib_a-s_matherr.o)
 .ARM.attributes
                0x00000680       0x2e c:/program files (x86)/gnu tools arm embedded/4.7 2013q2/bin/../lib/gcc/arm-none-eabi/4.7.4/../../../../arm-none-eabi/lib/armv7e-m\libm.a(lib_a-s_scalbn.o)
 .ARM.attributes
                0x000006ae       0x2e c:/program files (x86)/gnu tools arm embedded/4.7 2013q2/bin/../lib/gcc/arm-none-eabi/4.7.4/../../../../arm-none-eabi/lib/armv7e-m\libm.a(lib_a-s_copysign.o)
 .ARM.attributes
                0x000006dc       0x1e c:/program files (x86)/gnu tools arm embedded/4.7 2013q2/bin/../lib/gcc/arm-none-eabi/4.7.4/armv7e-m\libgcc.a(_arm_addsubdf3.o)
 .ARM.attributes
                0x000006fa       0x1e c:/program files (x86)/gnu tools arm embedded/4.7 2013q2/bin/../lib/gcc/arm-none-eabi/4.7.4/armv7e-m\libgcc.a(_arm_muldivdf3.o)
 .ARM.attributes
                0x00000718       0x1e c:/program files (x86)/gnu tools arm embedded/4.7 2013q2/bin/../lib/gcc/arm-none-eabi/4.7.4/armv7e-m\libgcc.a(_arm_cmpdf2.o)
 .ARM.attributes
                0x00000736       0x1e c:/program files (x86)/gnu tools arm embedded/4.7 2013q2/bin/../lib/gcc/arm-none-eabi/4.7.4/armv7e-m\libgcc.a(_arm_fixdfsi.o)
 .ARM.attributes
                0x00000754       0x1e c:/program files (x86)/gnu tools arm embedded/4.7 2013q2/bin/../lib/gcc/arm-none-eabi/4.7.4/armv7e-m\libgcc.a(_arm_truncdfsf2.o)
 .ARM.attributes
                0x00000772       0x1e c:/program files (x86)/gnu tools arm embedded/4.7 2013q2/bin/../lib/gcc/arm-none-eabi/4.7.4/armv7e-m\libgcc.a(_arm_addsubsf3.o)
 .ARM.attributes
                0x00000790       0x1e c:/program files (x86)/gnu tools arm embedded/4.7 2013q2/bin/../lib/gcc/arm-none-eabi/4.7.4/armv7e-m\libgcc.a(_arm_muldivsf3.o)
 .ARM.attributes
                0x000007ae       0x1e c:/program files (x86)/gnu tools arm embedded/4.7 2013q2/bin/../lib/gcc/arm-none-eabi/4.7.4/armv7e-m\libgcc.a(_arm_cmpsf2.o)
 .ARM.attributes
                0x000007cc       0x1e c:/program files (x86)/gnu tools arm embedded/4.7 2013q2/bin/../lib/gcc/arm-none-eabi/4.7.4/armv7e-m\libgcc.a(_arm_fixsfsi.o)
 .ARM.attributes
                0x000007ea       0x1e c:/program files (x86)/gnu tools arm embedded/4.7 2013q2/bin/../lib/gcc/arm-none-eabi/4.7.4/armv7e-m\libgcc.a(_arm_fixunssfsi.o)
 .ARM.attributes
                0x00000808       0x2e c:/program files (x86)/gnu tools arm embedded/4.7 2013q2/bin/../lib/gcc/arm-none-eabi/4.7.4/../../../../arm-none-eabi/lib/armv7e-m\libc.a(lib_a-errno.o)
 .ARM.attributes
                0x00000836       0x2e c:/program files (x86)/gnu tools arm embedded/4.7 2013q2/bin/../lib/gcc/arm-none-eabi/4.7.4/../../../../arm-none-eabi/lib/armv7e-m\libc.a(lib_a-impure.o)

.debug_frame    0x00000000     0x2ab8
 .debug_frame   0x00000000      0x178 ..\obj\logic.o
 .debug_frame   0x00000178      0x3b4 ..\obj\timer.o
 .debug_frame   0x0000052c      0x344 ..\obj\stm32f4xx_usart.o
 .debug_frame   0x00000870       0x68 ..\obj\config.o
 .debug_frame   0x000008d8       0x48 ..\obj\startup_stm32f4xx.o
 .debug_frame   0x00000920       0x2c ..\obj\main.o
 .debug_frame   0x0000094c       0x70 ..\obj\simple_comm.o
 .debug_frame   0x000009bc      0x4d8 ..\obj\stm32f4xx_rcc.o
 .debug_frame   0x00000e94      0x434 ..\obj\stm32f4xx_adc.o
 .debug_frame   0x000012c8       0x30 ..\obj\gpio.o
 .debug_frame   0x000012f8      0x19c ..\obj\stm32f4xx_gpio.o
 .debug_frame   0x00001494       0x64 ..\obj\system_stm32f4xx.o
 .debug_frame   0x000014f8      0x224 ..\obj\stm32f4xx_dma.o
 .debug_frame   0x0000171c       0xbc ..\obj\adc.o
 .debug_frame   0x000017d8      0x2d0 ..\obj\stm32f4xx_spi.o
 .debug_frame   0x00001aa8       0x9c ..\obj\misc.o
 .debug_frame   0x00001b44       0x64 ..\obj\int_comm.o
 .debug_frame   0x00001ba8       0x9c ..\obj\diagnostic.o
 .debug_frame   0x00001c44      0xa3c ..\obj\stm32f4xx_tim.o
 .debug_frame   0x00002680      0x14c ..\obj\usart.o
 .debug_frame   0x000027cc       0x38 c:/program files (x86)/gnu tools arm embedded/4.7 2013q2/bin/../lib/gcc/arm-none-eabi/4.7.4/../../../../arm-none-eabi/lib/armv7e-m\libm.a(lib_a-s_atan.o)
 .debug_frame   0x00002804       0x2c c:/program files (x86)/gnu tools arm embedded/4.7 2013q2/bin/../lib/gcc/arm-none-eabi/4.7.4/../../../../arm-none-eabi/lib/armv7e-m\libm.a(lib_a-s_cos.o)
 .debug_frame   0x00002830       0x20 c:/program files (x86)/gnu tools arm embedded/4.7 2013q2/bin/../lib/gcc/arm-none-eabi/4.7.4/../../../../arm-none-eabi/lib/armv7e-m\libm.a(lib_a-s_fabs.o)
 .debug_frame   0x00002850       0x2c c:/program files (x86)/gnu tools arm embedded/4.7 2013q2/bin/../lib/gcc/arm-none-eabi/4.7.4/../../../../arm-none-eabi/lib/armv7e-m\libm.a(lib_a-s_sin.o)
 .debug_frame   0x0000287c       0x38 c:/program files (x86)/gnu tools arm embedded/4.7 2013q2/bin/../lib/gcc/arm-none-eabi/4.7.4/../../../../arm-none-eabi/lib/armv7e-m\libm.a(lib_a-w_sqrt.o)
 .debug_frame   0x000028b4       0x38 c:/program files (x86)/gnu tools arm embedded/4.7 2013q2/bin/../lib/gcc/arm-none-eabi/4.7.4/../../../../arm-none-eabi/lib/armv7e-m\libm.a(lib_a-e_rem_pio2.o)
 .debug_frame   0x000028ec       0x34 c:/program files (x86)/gnu tools arm embedded/4.7 2013q2/bin/../lib/gcc/arm-none-eabi/4.7.4/../../../../arm-none-eabi/lib/armv7e-m\libm.a(lib_a-e_sqrt.o)
 .debug_frame   0x00002920       0x38 c:/program files (x86)/gnu tools arm embedded/4.7 2013q2/bin/../lib/gcc/arm-none-eabi/4.7.4/../../../../arm-none-eabi/lib/armv7e-m\libm.a(lib_a-k_cos.o)
 .debug_frame   0x00002958       0x3c c:/program files (x86)/gnu tools arm embedded/4.7 2013q2/bin/../lib/gcc/arm-none-eabi/4.7.4/../../../../arm-none-eabi/lib/armv7e-m\libm.a(lib_a-k_rem_pio2.o)
 .debug_frame   0x00002994       0x38 c:/program files (x86)/gnu tools arm embedded/4.7 2013q2/bin/../lib/gcc/arm-none-eabi/4.7.4/../../../../arm-none-eabi/lib/armv7e-m\libm.a(lib_a-k_sin.o)
 .debug_frame   0x000029cc       0x34 c:/program files (x86)/gnu tools arm embedded/4.7 2013q2/bin/../lib/gcc/arm-none-eabi/4.7.4/../../../../arm-none-eabi/lib/armv7e-m\libm.a(lib_a-s_floor.o)
 .debug_frame   0x00002a00       0x20 c:/program files (x86)/gnu tools arm embedded/4.7 2013q2/bin/../lib/gcc/arm-none-eabi/4.7.4/../../../../arm-none-eabi/lib/armv7e-m\libm.a(lib_a-s_fpclassify.o)
 .debug_frame   0x00002a20       0x20 c:/program files (x86)/gnu tools arm embedded/4.7 2013q2/bin/../lib/gcc/arm-none-eabi/4.7.4/../../../../arm-none-eabi/lib/armv7e-m\libm.a(lib_a-s_matherr.o)
 .debug_frame   0x00002a40       0x30 c:/program files (x86)/gnu tools arm embedded/4.7 2013q2/bin/../lib/gcc/arm-none-eabi/4.7.4/../../../../arm-none-eabi/lib/armv7e-m\libm.a(lib_a-s_scalbn.o)
 .debug_frame   0x00002a70       0x28 c:/program files (x86)/gnu tools arm embedded/4.7 2013q2/bin/../lib/gcc/arm-none-eabi/4.7.4/../../../../arm-none-eabi/lib/armv7e-m\libm.a(lib_a-s_copysign.o)
 .debug_frame   0x00002a98       0x20 c:/program files (x86)/gnu tools arm embedded/4.7 2013q2/bin/../lib/gcc/arm-none-eabi/4.7.4/../../../../arm-none-eabi/lib/armv7e-m\libc.a(lib_a-errno.o)
